Component: ARM Compiler 5.05 update 1 (build 106) Tool: armlink [4d0efa]

==============================================================================

Section Cross References

    main.o(.text) refers to usart.o(.text) for USART1_Init
    main.o(.text) refers to esp8266_drive.o(.text) for ESP8266_Init
    main.o(.text) refers to sta_tcpclent_test.o(.text) for ESP8266_STA_TCPClient_Test
    main.o(.text) refers to os_time.o(.text) for OSTimeDlyHMSM
    main.o(.text) refers to oled.o(.text) for OLED_Init
    main.o(.text) refers to os_task.o(.text) for OSTaskQPend
    main.o(.text) refers to cpu_core.o(.text) for CPU_Init
    main.o(.text) refers to bsp.o(.text) for BSP_CPU_ClkFreq
    main.o(.text) refers to os_cpu_c.o(.text) for OS_CPU_SysTickInit
    main.o(.text) refers to lib_mem.o(.text) for Mem_Init
    main.o(.text) refers to os_stat.o(.text) for OSStatTaskCPUUsageInit
    main.o(.text) refers to os_core.o(.text) for OSSchedRoundRobinCfg
    main.o(.text) refers to cpu_a.o(.text) for CPU_SR_Save
    main.o(.text) refers to misc.o(.text) for NVIC_PriorityGroupConfig
    main.o(.text) refers to led.o(.text) for LED_Init
    main.o(.text) refers to esp8266_drive.o(.data) for RxCount
    main.o(.text) refers to os_cfg_app.o(.constdata) for OSCfg_TickRate_Hz
    main.o(.text) refers to os_var.o(.data) for OSSchedLockNestingCtr
    main.o(.text) refers to main.o(.bss) for LED1_TASK_STK
    startup_stm32f10x_hd.o(RESET) refers to startup_stm32f10x_hd.o(STACK) for __initial_sp
    startup_stm32f10x_hd.o(RESET) refers to startup_stm32f10x_hd.o(.text) for Reset_Handler
    startup_stm32f10x_hd.o(RESET) refers to stm32f10x_it.o(.text) for NMI_Handler
    startup_stm32f10x_hd.o(RESET) refers to os_cpu_a.o(CODE) for OS_CPU_PendSVHandler
    startup_stm32f10x_hd.o(RESET) refers to os_cpu_c.o(.text) for OS_CPU_SysTickHandler
    startup_stm32f10x_hd.o(RESET) refers to usart.o(.text) for USART1_IRQHandler
    startup_stm32f10x_hd.o(RESET) refers to esp8266_drive.o(.text) for USART2_IRQHandler
    startup_stm32f10x_hd.o(.text) refers to system_stm32f10x.o(.text) for SystemInit
    startup_stm32f10x_hd.o(.text) refers to entry.o(.ARM.Collect$$$$00000000) for __main
    system_stm32f10x.o(.text) refers to system_stm32f10x.o(.data) for SystemCoreClock
    stm32f10x_gpio.o(.text) refers to stm32f10x_rcc.o(.text) for RCC_APB2PeriphResetCmd
    stm32f10x_rcc.o(.text) refers to stm32f10x_rcc.o(.data) for APBAHBPrescTable
    stm32f10x_usart.o(.text) refers to stm32f10x_rcc.o(.text) for RCC_APB2PeriphResetCmd
    stm32f10x_spi.o(.text) refers to stm32f10x_rcc.o(.text) for RCC_APB2PeriphResetCmd
    stm32f10x_tim.o(.text) refers to stm32f10x_rcc.o(.text) for RCC_APB2PeriphResetCmd
    led.o(.text) refers to stm32f10x_rcc.o(.text) for RCC_APB2PeriphClockCmd
    led.o(.text) refers to stm32f10x_gpio.o(.text) for GPIO_Init
    oled.o(.text) refers to stm32f10x_gpio.o(.text) for GPIO_SetBits
    oled.o(.text) refers to stm32f10x_rcc.o(.text) for RCC_APB2PeriphClockCmd
    oled.o(.text) refers to systick.o(.text) for delay_ms
    oled.o(.text) refers to oled.o(.constdata) for F6x8
    oled.o(.text) refers to oled.o(.data) for Hzk
    tftlcd.o(.text) refers to stm32f10x_rcc.o(.text) for RCC_APB2PeriphClockCmd
    tftlcd.o(.text) refers to stm32f10x_gpio.o(.text) for GPIO_Init
    tftlcd.o(.text) refers to stm32f10x_fsmc.o(.text) for FSMC_NORSRAMInit
    tftlcd.o(.text) refers to systick.o(.text) for delay_ms
    tftlcd.o(.text) refers to tftlcd.o(.data) for tftlcd_data
    tftlcd.o(.text) refers to tftlcd.o(.constdata) for ascii_1206
    esp8266_drive.o(.text) refers to stm32f10x_rcc.o(.text) for RCC_APB1PeriphClockCmd
    esp8266_drive.o(.text) refers to stm32f10x_gpio.o(.text) for GPIO_Init
    esp8266_drive.o(.text) refers to misc.o(.text) for NVIC_Init
    esp8266_drive.o(.text) refers to stm32f10x_usart.o(.text) for USART_Init
    esp8266_drive.o(.text) refers to strstr.o(.text) for strstr
    esp8266_drive.o(.text) refers to os_task.o(.text) for OSTaskQPost
    esp8266_drive.o(.text) refers to esp8266_public.o(.text) for USART_printf
    esp8266_drive.o(.text) refers to systick.o(.text) for delay_ms
    esp8266_drive.o(.text) refers to esp8266_drive.o(.bss) for ESP8266_Fram_Record_Struct
    esp8266_drive.o(.text) refers to sta_tcpclent_test.o(.data) for TcpClosedFlag
    esp8266_drive.o(.text) refers to esp8266_drive.o(.data) for RxCount
    esp8266_drive.o(.text) refers to main.o(.bss) for TFTLCDTaskTCB
    esp8266_drive.o(.text) refers to printf3.o(i.__0sprintf$3) for __2sprintf
    esp8266_drive.o(.text) refers to memseta.o(.text) for __aeabi_memclr4
    esp8266_public.o(.text) refers to stm32f10x_usart.o(.text) for USART_SendData
    sta_tcpclent_test.o(.text) refers to memseta.o(.text) for __aeabi_memclr4
    sta_tcpclent_test.o(.text) refers to esp8266_drive.o(.text) for ESP8266_AT_Test
    sta_tcpclent_test.o(.text) refers to printf3.o(i.__0printf$3) for __2printf
[...]
    .text                                    0x08005308   Section        0  os_dbg.o(.text)
    .text                                    0x080054bc   Section        0  os_flag.o(.text)
    .text                                    0x080064c8   Section        0  os_int.o(.text)
    .text                                    0x08006928   Section        0  os_mem.o(.text)
    .text                                    0x08006ba0   Section        0  os_msg.o(.text)
    .text                                    0x08006dc8   Section        0  os_mutex.o(.text)
    .text                                    0x08007a08   Section        0  os_prio.o(.text)
    .text                                    0x08007a84   Section        0  os_q.o(.text)
    .text                                    0x08008484   Section        0  os_sem.o(.text)
    .text                                    0x08008db8   Section        0  os_stat.o(.text)
    .text                                    0x08009494   Section        0  os_task.o(.text)
    .text                                    0x0800b41c   Section        0  os_tick.o(.text)
    .text                                    0x0800b940   Section        0  os_time.o(.text)
    .text                                    0x0800bf8c   Section        0  os_tmr.o(.text)
    .text                                    0x0800c7f0   Section        0  os_cpu_c.o(.text)
    .text                                    0x0800ca7c   Section        0  memseta.o(.text)
    .text                                    0x0800caa0   Section        0  strstr.o(.text)
    .text                                    0x0800cac4   Section        0  uidiv.o(.text)
    .text                                    0x0800caf0   Section       36  init.o(.text)
    .text                                    0x0800cb14   Section        0  __dczerorl2.o(.text)
    CODE                                     0x0800cb6c   Section      132  os_cpu_a.o(CODE)
    i.__0printf$3                            0x0800cbf0   Section        0  printf3.o(i.__0printf$3)
    i.__0sprintf$3                           0x0800cc10   Section        0  printf3.o(i.__0sprintf$3)
    i.__scatterload_copy                     0x0800cc38   Section       14  handlers.o(i.__scatterload_copy)
    i.__scatterload_null                     0x0800cc46   Section        2  handlers.o(i.__scatterload_null)
    i.__scatterload_zeroinit                 0x0800cc48   Section       14  handlers.o(i.__scatterload_zeroinit)
    i._printf_core                           0x0800cc58   Section        0  printf3.o(i._printf_core)
    _printf_core                             0x0800cc59   Thumb Code   436  printf3.o(i._printf_core)
    i._sputc                                 0x0800ce10   Section        0  printf3.o(i._sputc)
    _sputc                                   0x0800ce11   Thumb Code    10  printf3.o(i._sputc)
    .constdata                               0x0800ce1a   Section     2072  oled.o(.constdata)
    .constdata                               0x0800d634   Section      148  lib_str.o(.constdata)
    Str_MultOvfThTbl_Int32U                  0x0800d634   Data         148  lib_str.o(.constdata)
    .constdata                               0x0800d6c8   Section      256  cpu_core.o(.constdata)
    CPU_CntLeadZerosTbl                      0x0800d6c8   Data         256  cpu_core.o(.constdata)
    .constdata                               0x0800d7c8   Section      164  os_cfg_app.o(.constdata)
    .constdata                               0x0800d86c   Section      364  os_dbg.o(.constdata)
    .conststring                             0x0800d9d8   Section      101  sta_tcpclent_test.o(.conststring)
    .data                                    0x20000000   Section       20  system_stm32f10x.o(.data)
    .data                                    0x20000014   Section       20  stm32f10x_rcc.o(.data)
    APBAHBPrescTable                         0x20000014   Data          16  stm32f10x_rcc.o(.data)
    ADCPrescTable                            0x20000024   Data           4  stm32f10x_rcc.o(.data)
    .data                                    0x20000028   Section      384  oled.o(.data)
    .data                                    0x200001a8   Section       12  esp8266_drive.o(.data)
    .data                                    0x200001b4   Section        1  sta_tcpclent_test.o(.data)
    .data                                    0x200001b6   Section        4  systick.o(.data)
    fac_us                                   0x200001b6   Data           1  systick.o(.data)
    fac_ms                                   0x200001b8   Data           2  systick.o(.data)
    .data                                    0x200001bc   Section        4  lib_mem.o(.data)
    .data                                    0x200001c0   Section       28  cpu_core.o(.data)
    .data                                    0x200001dc   Section        4  os_prio.o(.data)
    .data                                    0x200001e0   Section      208  os_var.o(.data)
    .data                                    0x200002b0   Section        4  os_cpu_c.o(.data)
    .data                                    0x200002b4   Section        4  stdout.o(.data)
    .bss                                     0x200002b8   Section     3744  main.o(.bss)
    .bss                                     0x20001158   Section     1096  esp8266_drive.o(.bss)
    .bss                                     0x200015a0   Section     6216  lib_mem.o(.bss)
    .bss                                     0x20002de8   Section       16  cpu_core.o(.bss)
    .bss                                     0x20002df8   Section     5264  os_cfg_app.o(.bss)
    .bss                                     0x20004288   Section     1396  os_var.o(.bss)
    STACK                                    0x20004800   Section     2048  startup_stm32f10x_hd.o(STACK)

    Global Symbols

    Symbol Name                              Value     Ov Type        Size  Object(Section)

    BuildAttributes$$THM_ISAv4$P$D$K$B$S$PE$A:L22UL41UL21$X:L11$S22US41US21$IEEE1$IW$USESV6$~STKCKD$USESV7$~SHL$OSPACE$ROPI$EBA8$MICROLIB$REQ8$PRES8$EABIv2 0x00000000   Number         0  anon$$obj.o ABSOLUTE
    __ARM_use_no_argv                        0x00000000   Number         0  main.o ABSOLUTE
    _printf_a                                0x00000000   Number         0  stubs.o ABSOLUTE
    _printf_c                                0x00000000   Number         0  stubs.o ABSOLUTE
    _printf_charcount                        0x00000000   Number         0  stubs.o ABSOLUTE
    _printf_d                                0x00000000   Number         0  stubs.o ABSOLUTE
    _printf_e                                0x00000000   Number         0  stubs.o ABSOLUTE
    _printf_f                                0x00000000   Number         0  stubs.o ABSOLUTE
    _printf_flags                            0x00000000   Number         0  stubs.o ABSOLUTE
    _printf_fp_dec                           0x00000000   Number         0  stubs.o ABSOLUTE
    _printf_fp_hex                           0x00000000   Number         0  stubs.o ABSOLUTE
    _printf_g                                0x00000000   Number         0  stubs.o ABSOLUTE
    _printf_i                                0x00000000   Number         0  stubs.o ABSOLUTE
    _printf_int_dec                          0x00000000   Number         0  stubs.o ABSOLUTE
    _printf_l                                0x00000000   Number         0  stubs.o ABSOLUTE
    _printf_lc                               0x00000000   Number         0  stubs.o ABSOLUTE
    _printf_ll                               0x00000000   Number         0  stubs.o ABSOLUTE
    _printf_lld                              0x00000000   Number         0  stubs.o ABSOLUTE
    _printf_lli                              0x00000000   Number         0  stubs.o ABSOLUTE
    _printf_llo                              0x00000000   Number         0  stubs.o ABSOLUTE
    _printf_llu                              0x00000000   Number         0  stubs.o ABSOLUTE
    _printf_llx                              0x00000000   Number         0  stubs.o ABSOLUTE
    _printf_longlong_dec                     0x00000000   Number         0  stubs.o ABSOLUTE
    _printf_longlong_hex                     0x00000000   Number         0  stubs.o ABSOLUTE
    _printf_longlong_oct                     0x00000000   Number         0  stubs.o ABSOLUTE
    _printf_ls                               0x00000000   Number         0  stubs.o ABSOLUTE
    _printf_mbtowc                           0x00000000   Number         0  stubs.o ABSOLUTE
    _printf_n                                0x00000000   Number         0  stubs.o ABSOLUTE
    _printf_o                                0x00000000   Number         0  stubs.o ABSOLUTE
    _printf_p                                0x00000000   Number         0  stubs.o ABSOLUTE
    _printf_percent                          0x00000000   Number         0  stubs.o ABSOLUTE
    _printf_pre_padding                      0x00000000   Number         0  stubs.o ABSOLUTE
    _printf_return_value                     0x00000000   Number         0  stubs.o ABSOLUTE
    _printf_s                                0x00000000   Number         0  stubs.o ABSOLUTE
    _printf_sizespec                         0x00000000   Number         0  stubs.o ABSOLUTE
    _printf_str                              0x00000000   Number         0  stubs.o ABSOLUTE
    _printf_truncate_signed                  0x00000000   Number         0  stubs.o ABSOLUTE
    _printf_truncate_unsigned                0x00000000   Number         0  stubs.o ABSOLUTE
    _printf_u                                0x00000000   Number         0  stubs.o ABSOLUTE
    _printf_wc                               0x00000000   Number         0  stubs.o ABSOLUTE
    _printf_wctomb                           0x00000000   Number         0  stubs.o ABSOLUTE
    _printf_widthprec                        0x00000000   Number         0  stubs.o ABSOLUTE
    _printf_x                                0x00000000   Number         0  stubs.o ABSOLUTE
    __cpp_initialize__aeabi_                  - Undefined Weak Reference
    __cxa_finalize                            - Undefined Weak Reference
    _clock_init                               - Undefined Weak Reference
    _microlib_exit                            - Undefined Weak Reference
    __Vectors_Size                           0x00000130   Number         0  startup_stm32f10x_hd.o ABSOLUTE
    __Vectors                                0x08000000   Data           4  startup_stm32f10x_hd.o(RESET)
    __Vectors_End                            0x08000130   Data           0  startup_stm32f10x_hd.o(RESET)
    __main                                   0x08000131   Thumb Code     0  entry.o(.ARM.Collect$$$$00000000)
    _main_stk                                0x08000131   Thumb Code     0  entry2.o(.ARM.Collect$$$$00000001)
    _main_scatterload                        0x08000135   Thumb Code     0  entry5.o(.ARM.Collect$$$$00000004)
    __main_after_scatterload                 0x08000139   Thumb Code     0  entry5.o(.ARM.Collect$$$$00000004)
    _main_clock                              0x08000139   Thumb Code     0  entry7b.o(.ARM.Collect$$$$00000008)
    _main_cpp_init                           0x08000139   Thumb Code     0  entry8b.o(.ARM.Collect$$$$0000000A)
    _main_init                               0x08000139   Thumb Code     0  entry9a.o(.ARM.Collect$$$$0000000B)
    __rt_final_cpp                           0x08000141   Thumb Code     0  entry10a.o(.ARM.Collect$$$$0000000D)
    __rt_final_exit                          0x08000141   Thumb Code     0  entry11a.o(.ARM.Collect$$$$0000000F)
    esp8266_task                             0x08000145   Thumb Code    48  main.o(.text)
    tftlcd_task                              0x08000175   Thumb Code    66  main.o(.text)
    led1_task                                0x080001b7   Thumb Code    42  main.o(.text)
    start_task                               0x080001e1   Thumb Code   386  main.o(.text)
    main                                     0x08000363   Thumb Code    78  main.o(.text)
    NMI_Handler                              0x08000419   Thumb Code     2  stm32f10x_it.o(.text)
    HardFault_Handler                        0x0800041b   Thumb Code     4  stm32f10x_it.o(.text)
    MemManage_Handler                        0x0800041f   Thumb Code     4  stm32f10x_it.o(.text)
    BusFault_Handler                         0x08000423   Thumb Code     4  stm32f10x_it.o(.text)
    UsageFault_Handler                       0x08000427   Thumb Code     4  stm32f10x_it.o(.text)
    SVC_Handler                              0x0800042b   Thumb Code     2  stm32f10x_it.o(.text)
    DebugMon_Handler                         0x0800042d   Thumb Code     2  stm32f10x_it.o(.text)
    EXTI9_5_IRQHandler                       0x0800042f   Thumb Code     2  stm32f10x_it.o(.text)
    EXTI1_IRQHandler                         0x08000431   Thumb Code     2  stm32f10x_it.o(.text)
    EXTI2_IRQHandler                         0x08000433   Thumb Code     2  stm32f10x_it.o(.text)
    EXTI3_IRQHandler                         0x08000435   Thumb Code     2  stm32f10x_it.o(.text)
    Reset_Handler                            0x08000439   Thumb Code     8  startup_stm32f10x_hd.o(.text)
    ADC1_2_IRQHandler                        0x08000453   Thumb Code     0  startup_stm32f10x_hd.o(.text)
    ADC3_IRQHandler                          0x08000453   Thumb Code     0  startup_stm32f10x_hd.o(.text)
    CAN1_RX1_IRQHandler                      0x08000453   Thumb Code     0  startup_stm32f10x_hd.o(.text)
    CAN1_SCE_IRQHandler                      0x08000453   Thumb Code     0  startup_stm32f10x_hd.o(.text)
    DMA1_Channel1_IRQHandler                 0x08000453   Thumb Code     0  startup_stm32f10x_hd.o(.text)
    DMA1_Channel2_IRQHandler                 0x08000453   Thumb Code     0  startup_stm32f10x_hd.o(.text)
    DMA1_Channel3_IRQHandler                 0x08000453   Thumb Code     0  startup_stm32f10x_hd.o(.text)
    DMA1_Channel4_IRQHandler                 0x08000453   Thumb Code     0  startup_stm32f10x_hd.o(.text)
    DMA1_Channel5_IRQHandler                 0x08000453   Thumb Code     0  startup_stm32f10x_hd.o(.text)
    DMA1_Channel6_IRQHandler                 0x08000453   Thumb Code     0  startup_stm32f10x_hd.o(.text)
    DMA1_Channel7_IRQHandler                 0x08000453   Thumb Code     0  startup_stm32f10x_hd.o(.text)
    DMA2_Channel1_IRQHandler                 0x08000453   Thumb Code     0  startup_stm32f10x_hd.o(.text)
    DMA2_Channel2_IRQHandler                 0x08000453   Thumb Code     0  startup_stm32f10x_hd.o(.text)
    DMA2_Channel3_IRQHandler                 0x08000453   Thumb Code     0  startup_stm32f10x_hd.o(.text)
    DMA2_Channel4_5_IRQHandler               0x08000453   Thumb Code     0  startup_stm32f10x_hd.o(.text)
    EXTI0_IRQHandler                         0x08000453   Thumb Code     0  startup_stm32f10x_hd.o(.text)
    EXTI15_10_IRQHandler                     0x08000453   Thumb Code     0  startup_stm32f10x_hd.o(.text)
    EXTI4_IRQHandler                         0x08000453   Thumb Code     0  startup_stm32f10x_hd.o(.text)
    FLASH_IRQHandler                         0x08000453   Thumb Code     0  startup_stm32f10x_hd.o(.text)
    FSMC_IRQHandler                          0x08000453   Thumb Code     0  startup_stm32f10x_hd.o(.text)
    I2C1_ER_IRQHandler                       0x08000453   Thumb Code     0  startup_stm32f10x_hd.o(.text)
    I2C1_EV_IRQHandler                       0x08000453   Thumb Code     0  startup_stm32f10x_hd.o(.text)
    I2C2_ER_IRQHandler                       0x08000453   Thumb Code     0  startup_stm32f10x_hd.o(.text)
    I2C2_EV_IRQHandler                       0x08000453   Thumb Code     0  startup_stm32f10x_hd.o(.text)
    PVD_IRQHandler                           0x08000453   Thumb Code     0  startup_stm32f10x_hd.o(.text)
    RCC_IRQHandler                           0x08000453   Thumb Code     0  startup_stm32f10x_hd.o(.text)
    RTCAlarm_IRQHandler                      0x08000453   Thumb Code     0  startup_stm32f10x_hd.o(.text)
    RTC_IRQHandler                           0x08000453   Thumb Code     0  startup_stm32f10x_hd.o(.text)
    SDIO_IRQHandler                          0x08000453   Thumb Code     0  startup_stm32f10x_hd.o(.text)
    SPI1_IRQHandler                          0x08000453   Thumb Code     0  startup_stm32f10x_hd.o(.text)
    SPI2_IRQHandler                          0x08000453   Thumb Code     0  startup_stm32f10x_hd.o(.text)
    SPI3_IRQHandler                          0x08000453   Thumb Code     0  startup_stm32f10x_hd.o(.text)
    TAMPER_IRQHandler                        0x08000453   Thumb Code     0  startup_stm32f10x_hd.o(.text)
    TIM1_BRK_IRQHandler                      0x08000453   Thumb Code     0  startup_stm32f10x_hd.o(.text)
    TIM1_CC_IRQHandler                       0x08000453   Thumb Code     0  startup_stm32f10x_hd.o(.text)
    TIM1_TRG_COM_IRQHandler                  0x08000453   Thumb Code     0  startup_stm32f10x_hd.o(.text)
    TIM1_UP_IRQHandler                       0x08000453   Thumb Code     0  startup_stm32f10x_hd.o(.text)
    TIM2_IRQHandler                          0x08000453   Thumb Code     0  startup_stm32f10x_hd.o(.text)
    TIM3_IRQHandler                          0x08000453   Thumb Code     0  startup_stm32f10x_hd.o(.text)
    TIM4_IRQHandler                          0x08000453   Thumb Code     0  startup_stm32f10x_hd.o(.text)
    TIM5_IRQHandler                          0x08000453   Thumb Code     0  startup_stm32f10x_hd.o(.text)
    TIM6_IRQHandler                          0x08000453   Thumb Code     0  startup_stm32f10x_hd.o(.text)
    TIM7_IRQHandler                          0x08000453   Thumb Code     0  startup_stm32f10x_hd.o(.text)
    TIM8_BRK_IRQHandler                      0x08000453   Thumb Code     0  startup_stm32f10x_hd.o(.text)
    TIM8_CC_IRQHandler                       0x08000453   Thumb Code     0  startup_stm32f10x_hd.o(.text)
    TIM8_TRG_COM_IRQHandler                  0x08000453   Thumb Code     0  startup_stm32f10x_hd.o(.text)
    TIM8_UP_IRQHandler                       0x08000453   Thumb Code     0  startup_stm32f10x_hd.o(.text)
    UART4_IRQHandler                         0x08000453   Thumb Code     0  startup_stm32f10x_hd.o(.text)
    UART5_IRQHandler                         0x08000453   Thumb Code     0  startup_stm32f10x_hd.o(.text)
    USBWakeUp_IRQHandler                     0x08000453   Thumb Code     0  startup_stm32f10x_hd.o(.text)
    USB_HP_CAN1_TX_IRQHandler                0x08000453   Thumb Code     0  startup_stm32f10x_hd.o(.text)
    USB_LP_CAN1_RX0_IRQHandler               0x08000453   Thumb Code     0  startup_stm32f10x_hd.o(.text)
    WWDG_IRQHandler                          0x08000453   Thumb Code     0  startup_stm32f10x_hd.o(.text)
    SystemInit                               0x0800053b   Thumb Code    78  system_stm32f10x.o(.text)
    SystemCoreClockUpdate                    0x08000589   Thumb Code   142  system_stm32f10x.o(.text)
    NVIC_PriorityGroupConfig                 0x0800063d   Thumb Code    10  misc.o(.text)
    NVIC_Init                                0x08000647   Thumb Code   100  misc.o(.text)
    NVIC_SetVectorTable                      0x080006ab   Thumb Code    14  misc.o(.text)
    NVIC_SystemLPConfig                      0x080006b9   Thumb Code    34  misc.o(.text)
    SysTick_CLKSourceConfig                  0x080006db   Thumb Code    40  misc.o(.text)
    GPIO_DeInit                              0x08000719   Thumb Code   172  stm32f10x_gpio.o(.text)
    GPIO_AFIODeInit                          0x080007c5   Thumb Code    20  stm32f10x_gpio.o(.text)
    GPIO_Init                                0x080007d9   Thumb Code   278  stm32f10x_gpio.o(.text)
    GPIO_StructInit                          0x080008ef   Thumb Code    16  stm32f10x_gpio.o(.text)
    GPIO_ReadInputDataBit                    0x080008ff   Thumb Code    18  stm32f10x_gpio.o(.text)
    GPIO_ReadInputData                       0x08000911   Thumb Code     8  stm32f10x_gpio.o(.text)
    GPIO_ReadOutputDataBit                   0x08000919   Thumb Code    18  stm32f10x_gpio.o(.text)
    GPIO_ReadOutputData                      0x0800092b   Thumb Code     8  stm32f10x_gpio.o(.text)
    GPIO_SetBits                             0x08000933   Thumb Code     4  stm32f10x_gpio.o(.text)
    GPIO_ResetBits                           0x08000937   Thumb Code     4  stm32f10x_gpio.o(.text)
    GPIO_WriteBit                            0x0800093b   Thumb Code    10  stm32f10x_gpio.o(.text)
    GPIO_Write                               0x08000945   Thumb Code     4  stm32f10x_gpio.o(.text)
    GPIO_PinLockConfig                       0x08000949   Thumb Code    18  stm32f10x_gpio.o(.text)
    GPIO_EventOutputConfig                   0x0800095b   Thumb Code    26  stm32f10x_gpio.o(.text)
    GPIO_EventOutputCmd                      0x08000975   Thumb Code     6  stm32f10x_gpio.o(.text)
    GPIO_PinRemapConfig                      0x0800097b   Thumb Code   138  stm32f10x_gpio.o(.text)
    GPIO_EXTILineConfig                      0x08000a05   Thumb Code    66  stm32f10x_gpio.o(.text)
    GPIO_ETH_MediaInterfaceConfig            0x08000a47   Thumb Code     8  stm32f10x_gpio.o(.text)
    RCC_DeInit                               0x08000a75   Thumb Code    64  stm32f10x_rcc.o(.text)
    RCC_HSEConfig                            0x08000ab5   Thumb Code    70  stm32f10x_rcc.o(.text)
    RCC_GetFlagStatus                        0x08000afb   Thumb Code    56  stm32f10x_rcc.o(.text)
    RCC_WaitForHSEStartUp                    0x08000b33   Thumb Code    56  stm32f10x_rcc.o(.text)
    RCC_AdjustHSICalibrationValue            0x08000b6b   Thumb Code    20  stm32f10x_rcc.o(.text)
    RCC_HSICmd                               0x08000b7f   Thumb Code     6  stm32f10x_rcc.o(.text)
    RCC_PLLConfig                            0x08000b85   Thumb Code    24  stm32f10x_rcc.o(.text)
    RCC_PLLCmd                               0x08000b9d   Thumb Code     6  stm32f10x_rcc.o(.text)
    RCC_SYSCLKConfig                         0x08000ba3   Thumb Code    18  stm32f10x_rcc.o(.text)
    RCC_GetSYSCLKSource                      0x08000bb5   Thumb Code    10  stm32f10x_rcc.o(.text)
    RCC_HCLKConfig                           0x08000bbf   Thumb Code    18  stm32f10x_rcc.o(.text)
    RCC_PCLK1Config                          0x08000bd1   Thumb Code    18  stm32f10x_rcc.o(.text)
    RCC_PCLK2Config                          0x08000be3   Thumb Code    20  stm32f10x_rcc.o(.text)
    RCC_ITConfig                             0x08000bf7   Thumb Code    26  stm32f10x_rcc.o(.text)
    RCC_USBCLKConfig                         0x08000c11   Thumb Code     8  stm32f10x_rcc.o(.text)
    RCC_ADCCLKConfig                         0x08000c19   Thumb Code    18  stm32f10x_rcc.o(.text)
    RCC_LSEConfig                            0x08000c2b   Thumb Code    50  stm32f10x_rcc.o(.text)
    RCC_LSICmd                               0x08000c5d   Thumb Code     6  stm32f10x_rcc.o(.text)
    RCC_RTCCLKConfig                         0x08000c63   Thumb Code    12  stm32f10x_rcc.o(.text)
    RCC_RTCCLKCmd                            0x08000c6f   Thumb Code     8  stm32f10x_rcc.o(.text)
    RCC_GetClocksFreq                        0x08000c77   Thumb Code   192  stm32f10x_rcc.o(.text)
    RCC_AHBPeriphClockCmd                    0x08000d37   Thumb Code    26  stm32f10x_rcc.o(.text)
    RCC_APB2PeriphClockCmd                   0x08000d51   Thumb Code    26  stm32f10x_rcc.o(.text)
    RCC_APB1PeriphClockCmd                   0x08000d6b   Thumb Code    26  stm32f10x_rcc.o(.text)
    RCC_APB2PeriphResetCmd                   0x08000d85   Thumb Code    26  stm32f10x_rcc.o(.text)
    RCC_APB1PeriphResetCmd                   0x08000d9f   Thumb Code    26  stm32f10x_rcc.o(.text)
    RCC_BackupResetCmd                       0x08000db9   Thumb Code     8  stm32f10x_rcc.o(.text)
    RCC_ClockSecuritySystemCmd               0x08000dc1   Thumb Code     6  stm32f10x_rcc.o(.text)
    RCC_MCOConfig                            0x08000dc7   Thumb Code     6  stm32f10x_rcc.o(.text)
    RCC_ClearFlag                            0x08000dcd   Thumb Code    14  stm32f10x_rcc.o(.text)
    RCC_GetITStatus                          0x08000ddb   Thumb Code    20  stm32f10x_rcc.o(.text)
    RCC_ClearITPendingBit                    0x08000def   Thumb Code     6  stm32f10x_rcc.o(.text)
    USART_DeInit                             0x08000e19   Thumb Code   134  stm32f10x_usart.o(.text)
    USART_Init                               0x08000e9f   Thumb Code   210  stm32f10x_usart.o(.text)
    USART_StructInit                         0x08000f71   Thumb Code    24  stm32f10x_usart.o(.text)
    USART_ClockInit                          0x08000f89   Thumb Code    34  stm32f10x_usart.o(.text)
    USART_ClockStructInit                    0x08000fab   Thumb Code    12  stm32f10x_usart.o(.text)
    USART_Cmd                                0x08000fb7   Thumb Code    24  stm32f10x_usart.o(.text)
    USART_ITConfig                           0x08000fcf   Thumb Code    74  stm32f10x_usart.o(.text)
    USART_DMACmd                             0x08001019   Thumb Code    18  stm32f10x_usart.o(.text)
    USART_SetAddress                         0x0800102b   Thumb Code    18  stm32f10x_usart.o(.text)
    USART_WakeUpConfig                       0x0800103d   Thumb Code    18  stm32f10x_usart.o(.text)
    USART_ReceiverWakeUpCmd                  0x0800104f   Thumb Code    24  stm32f10x_usart.o(.text)
    USART_LINBreakDetectLengthConfig         0x08001067   Thumb Code    18  stm32f10x_usart.o(.text)
    USART_LINCmd                             0x08001079   Thumb Code    24  stm32f10x_usart.o(.text)
    USART_SendData                           0x08001091   Thumb Code     8  stm32f10x_usart.o(.text)
    USART_ReceiveData                        0x08001099   Thumb Code    10  stm32f10x_usart.o(.text)
    USART_SendBreak                          0x080010a3   Thumb Code    10  stm32f10x_usart.o(.text)
    USART_SetGuardTime                       0x080010ad   Thumb Code    16  stm32f10x_usart.o(.text)
    USART_SetPrescaler                       0x080010bd   Thumb Code    16  stm32f10x_usart.o(.text)
    USART_SmartCardCmd                       0x080010cd   Thumb Code    24  stm32f10x_usart.o(.text)
    USART_SmartCardNACKCmd                   0x080010e5   Thumb Code    24  stm32f10x_usart.o(.text)
    USART_HalfDuplexCmd                      0x080010fd   Thumb Code    24  stm32f10x_usart.o(.text)
    USART_OverSampling8Cmd                   0x08001115   Thumb Code    22  stm32f10x_usart.o(.text)
    USART_OneBitMethodCmd                    0x0800112b   Thumb Code    24  stm32f10x_usart.o(.text)
    USART_IrDAConfig                         0x08001143   Thumb Code    18  stm32f10x_usart.o(.text)
    USART_IrDACmd                            0x08001155   Thumb Code    24  stm32f10x_usart.o(.text)
    USART_GetFlagStatus                      0x0800116d   Thumb Code    26  stm32f10x_usart.o(.text)
    USART_ClearFlag                          0x08001187   Thumb Code    18  stm32f10x_usart.o(.text)
    USART_GetITStatus                        0x08001199   Thumb Code    84  stm32f10x_usart.o(.text)
    USART_ClearITPendingBit                  0x080011ed   Thumb Code    52  stm32f10x_usart.o(.text)
    LED_Init                                 0x08001221   Thumb Code    46  led.o(.text)
    OLED_WR_Byte                             0x08001255   Thumb Code   112  oled.o(.text)
    OLED_Set_Pos                             0x080012c5   Thumb Code    46  oled.o(.text)
    OLED_Display_On                          0x080012f3   Thumb Code    28  oled.o(.text)
    OLED_Display_Off                         0x0800130f   Thumb Code    28  oled.o(.text)
    OLED_Clear                               0x0800132b   Thumb Code    64  oled.o(.text)
    OLED_ShowChar                            0x0800136b   Thumb Code    78  oled.o(.text)
    oled_pow                                 0x080013b9   Thumb Code    22  oled.o(.text)
    OLED_ShowNum                             0x080013cf   Thumb Code   132  oled.o(.text)
    OLED_ShowString                          0x08001453   Thumb Code    54  oled.o(.text)
    OLED_ShowCHinese                         0x08001489   Thumb Code    98  oled.o(.text)
    OLED_DrawBMP                             0x080014eb   Thumb Code   118  oled.o(.text)
    OLED_Init                                0x08001561   Thumb Code   410  oled.o(.text)
    USART3_Init                              0x080016fd   Thumb Code   158  esp8266_drive.o(.text)
    USART3_IRQHandler                        0x0800179b   Thumb Code   134  esp8266_drive.o(.text)
    USART2_Init                              0x08001821   Thumb Code   154  esp8266_drive.o(.text)
    USART2_IRQHandler                        0x080018bb   Thumb Code   194  esp8266_drive.o(.text)
    ESP8266_Init                             0x0800197d   Thumb Code    78  esp8266_drive.o(.text)
    ESP8266_Send_AT_Cmd                      0x080019cb   Thumb Code   174  esp8266_drive.o(.text)
    ESP8266_Rst                              0x08001a79   Thumb Code    28  esp8266_drive.o(.text)
    ESP8266_AT_Test                          0x08001a95   Thumb Code    34  esp8266_drive.o(.text)
    ESP8266_Net_Mode_Choose                  0x08001ab7   Thumb Code   214  esp8266_drive.o(.text)
    ESP8266_JoinAP                           0x08001b8d   Thumb Code    44  esp8266_drive.o(.text)
    ESP8266_Enable_MultipleId                0x08001bb9   Thumb Code    44  esp8266_drive.o(.text)
    ESP8266_Link_Server                      0x08001be5   Thumb Code   112  esp8266_drive.o(.text)
    ESP8266_UnvarnishSend                    0x08001c55   Thumb Code    42  esp8266_drive.o(.text)
    ESP8266_SendString                       0x08001c7f   Thumb Code   102  esp8266_drive.o(.text)
    ESP8266_ExitUnvarnishSend                0x08001ce5   Thumb Code    28  esp8266_drive.o(.text)
    ESP8266_Get_LinkStatus                   0x08001d01   Thumb Code    66  esp8266_drive.o(.text)
    USART_printf                             0x08001eab   Thumb Code   262  esp8266_public.o(.text)
    ESP8266_STA_TCPClient_Test               0x08001fb1   Thumb Code   206  sta_tcpclent_test.o(.text)
    Systick_Init                             0x08002135   Thumb Code    52  systick.o(.text)
    delay_us                                 0x08002169   Thumb Code     2  systick.o(.text)
    delay_ms                                 0x0800216b   Thumb Code    78  systick.o(.text)
    fputc                                    0x080021c1   Thumb Code    32  usart.o(.text)
    USART1_Init                              0x080021e1   Thumb Code   174  usart.o(.text)
    USART1_IRQHandler                        0x0800228f   Thumb Code    54  usart.o(.text)
    BSP_Init                                 0x080022cd   Thumb Code     2  bsp.o(.text)
    BSP_CPU_ClkFreq                          0x080022cf   Thumb Code    16  bsp.o(.text)
    CPU_TS_TmrInit                           0x080022df   Thumb Code    44  bsp.o(.text)
    CPU_TS_TmrRd                             0x0800230b   Thumb Code     6  bsp.o(.text)
    ASCII_IsAlpha                            0x08002319   Thumb Code    48  lib_ascii.o(.text)
    ASCII_IsAlphaNum                         0x08002349   Thumb Code    76  lib_ascii.o(.text)
    ASCII_IsLower                            0x08002395   Thumb Code    20  lib_ascii.o(.text)
    ASCII_IsUpper                            0x080023a9   Thumb Code    20  lib_ascii.o(.text)
    ASCII_IsDig                              0x080023bd   Thumb Code    20  lib_ascii.o(.text)
    ASCII_IsDigOct                           0x080023d1   Thumb Code    20  lib_ascii.o(.text)
    ASCII_IsDigHex                           0x080023e5   Thumb Code    36  lib_ascii.o(.text)
    ASCII_IsBlank                            0x08002409   Thumb Code    20  lib_ascii.o(.text)
    ASCII_IsSpace                            0x0800241d   Thumb Code    36  lib_ascii.o(.text)
    ASCII_IsPrint                            0x08002441   Thumb Code    20  lib_ascii.o(.text)
    ASCII_IsGraph                            0x08002455   Thumb Code    20  lib_ascii.o(.text)
    ASCII_IsPunct                            0x08002469   Thumb Code   134  lib_ascii.o(.text)
    ASCII_IsCtrl                             0x080024ef   Thumb Code    26  lib_ascii.o(.text)
    ASCII_ToLower                            0x08002509   Thumb Code    32  lib_ascii.o(.text)
    ASCII_ToUpper                            0x08002529   Thumb Code    32  lib_ascii.o(.text)
    ASCII_Cmp                                0x08002549   Thumb Code    38  lib_ascii.o(.text)
    Mem_Init                                 0x08002571   Thumb Code    54  lib_mem.o(.text)
    Mem_Set                                  0x080025a7   Thumb Code    98  lib_mem.o(.text)
    Mem_Clr                                  0x08002609   Thumb Code    18  lib_mem.o(.text)
    Mem_Move                                 0x0800261b   Thumb Code   204  lib_mem.o(.text)
    Mem_Cmp                                  0x080026e7   Thumb Code   192  lib_mem.o(.text)
    Mem_HeapAlloc                            0x0800289b   Thumb Code   274  lib_mem.o(.text)
    Mem_SegGetSizeRem                        0x080029ad   Thumb Code   226  lib_mem.o(.text)
    Mem_HeapGetSizeRem                       0x08002a8f   Thumb Code    22  lib_mem.o(.text)
    Mem_PoolClr                              0x08002aa5   Thumb Code    78  lib_mem.o(.text)
    Mem_PoolCreate                           0x08002af3   Thumb Code  1132  lib_mem.o(.text)
    Mem_PoolBlkGetNbrAvail                   0x08002f5f   Thumb Code   140  lib_mem.o(.text)
    Mem_PoolBlkGet                           0x08002feb   Thumb Code   248  lib_mem.o(.text)
    Mem_PoolBlkGetUsedAtIx                   0x080030e3   Thumb Code   236  lib_mem.o(.text)
    Mem_PoolBlkFree                          0x08003235   Thumb Code   366  lib_mem.o(.text)
    Mem_PoolBlkIxGet                         0x080033a3   Thumb Code   342  lib_mem.o(.text)
    Str_Len_N                                0x080034fd   Thumb Code    28  lib_str.o(.text)
    Str_Len                                  0x08003519   Thumb Code    20  lib_str.o(.text)
    Str_Copy_N                               0x0800352d   Thumb Code    70  lib_str.o(.text)
    Str_Copy                                 0x08003573   Thumb Code    24  lib_str.o(.text)
    Str_Cat_N                                0x0800358b   Thumb Code    90  lib_str.o(.text)
    Str_Cat                                  0x080035e5   Thumb Code    24  lib_str.o(.text)
    Str_Cmp_N                                0x080035fd   Thumb Code   156  lib_str.o(.text)
    Str_Cmp                                  0x08003699   Thumb Code    24  lib_str.o(.text)
    Str_CmpIgnoreCase_N                      0x080036b1   Thumb Code   264  lib_str.o(.text)
    Str_CmpIgnoreCase                        0x080037b9   Thumb Code    24  lib_str.o(.text)
    Str_Char_N                               0x080037d1   Thumb Code    74  lib_str.o(.text)
    Str_Char                                 0x0800381b   Thumb Code    24  lib_str.o(.text)
    Str_Char_Last_N                          0x08003833   Thumb Code    76  lib_str.o(.text)
    Str_Char_Last                            0x0800387f   Thumb Code    24  lib_str.o(.text)
    Str_Char_Replace_N                       0x08003897   Thumb Code    52  lib_str.o(.text)
    Str_Char_Replace                         0x080038cb   Thumb Code    28  lib_str.o(.text)
    Str_Str_N                                0x080038e7   Thumb Code   182  lib_str.o(.text)
    Str_Str                                  0x0800399d   Thumb Code    24  lib_str.o(.text)
    Str_FmtNbr_Int32U                        0x08003b8f   Thumb Code    46  lib_str.o(.text)
    Str_FmtNbr_Int32S                        0x08003bbd   Thumb Code    62  lib_str.o(.text)
    Str_ParseNbr_Int32U                      0x08003db9   Thumb Code    30  lib_str.o(.text)
    Str_ParseNbr_Int32S                      0x08003dd7   Thumb Code    74  lib_str.o(.text)
    Mem_Copy                                 0x08003e25   Thumb Code     0  lib_mem_a.o(.text)
    CPU_IntDisMeasStop                       0x08004045   Thumb Code    62  cpu_core.o(.text)
    CPU_IntDisMeasStart                      0x08004083   Thumb Code    38  cpu_core.o(.text)
    CPU_NameClr                              0x080040a9   Thumb Code    50  cpu_core.o(.text)
    CPU_Init                                 0x08004159   Thumb Code    16  cpu_core.o(.text)
    CPU_SW_Exception                         0x08004169   Thumb Code     4  cpu_core.o(.text)
    CPU_NameGet                              0x0800416d   Thumb Code    78  cpu_core.o(.text)
    CPU_NameSet                              0x080041bb   Thumb Code   104  cpu_core.o(.text)
    CPU_TS_Get32                             0x08004223   Thumb Code    12  cpu_core.o(.text)
    CPU_TS_Update                            0x0800422f   Thumb Code     2  cpu_core.o(.text)
    CPU_TS_TmrFreqGet                        0x08004231   Thumb Code    30  cpu_core.o(.text)
    CPU_TS_TmrFreqSet                        0x0800424f   Thumb Code     6  cpu_core.o(.text)
    CPU_IntDisMeasMaxCurGet                  0x0800426d   Thumb Code    40  cpu_core.o(.text)
    CPU_IntDisMeasMaxCurReset                0x08004295   Thumb Code    40  cpu_core.o(.text)
    CPU_IntDisMeasMaxGet                     0x080042bd   Thumb Code    40  cpu_core.o(.text)
    CPU_CntLeadZeros08                       0x080042e5   Thumb Code    18  cpu_core.o(.text)
    CPU_CntLeadZeros16                       0x080042f7   Thumb Code    18  cpu_core.o(.text)
    CPU_CntLeadZeros32                       0x08004309   Thumb Code    18  cpu_core.o(.text)
    CPU_CntLeadZeros64                       0x0800431b   Thumb Code   188  cpu_core.o(.text)
    CPU_CntTrailZeros08                      0x080043d7   Thumb Code    22  cpu_core.o(.text)
    CPU_CntTrailZeros16                      0x080043ed   Thumb Code    22  cpu_core.o(.text)
    CPU_CntTrailZeros32                      0x08004403   Thumb Code    22  cpu_core.o(.text)
    CPU_CntTrailZeros64                      0x08004419   Thumb Code   104  cpu_core.o(.text)
    CPU_IntDis                               0x08004481   Thumb Code     0  cpu_a.o(.text)
    CPU_IntEn                                0x08004485   Thumb Code     0  cpu_a.o(.text)
    CPU_SR_Save                              0x08004489   Thumb Code     0  cpu_a.o(.text)
    CPU_SR_Restore                           0x08004491   Thumb Code     0  cpu_a.o(.text)
    CPU_WaitForInt                           0x08004497   Thumb Code     0  cpu_a.o(.text)
    CPU_WaitForExcept                        0x0800449b   Thumb Code     0  cpu_a.o(.text)
    CPU_CntLeadZeros                         0x0800449f   Thumb Code     0  cpu_a.o(.text)
    CPU_CntTrailZeros                        0x080044a5   Thumb Code     0  cpu_a.o(.text)
    CPU_RevBits                              0x080044af   Thumb Code     0  cpu_a.o(.text)
    OSCfg_Init                               0x080044b5   Thumb Code     2  os_cfg_app.o(.text)
    OS_IdleTask                              0x080044b9   Thumb Code    68  os_core.o(.text)
    OS_IdleTaskInit                          0x080044fd   Thumb Code    68  os_core.o(.text)
    OS_RdyListInit                           0x08004541   Thumb Code    32  os_core.o(.text)
    OSInit                                   0x08004561   Thumb Code   300  os_core.o(.text)
    OSIntEnter                               0x0800468d   Thumb Code    34  os_core.o(.text)
    OSIntExit                                0x080046af   Thumb Code   192  os_core.o(.text)
    OSSched                                  0x0800476f   Thumb Code   134  os_core.o(.text)
    OS_SchedLockTimeMeasStart                0x080047f5   Thumb Code    20  os_core.o(.text)
    OSSchedLock                              0x08004809   Thumb Code   112  os_core.o(.text)
    OS_SchedLockTimeMeasStop                 0x08004879   Thumb Code    44  os_core.o(.text)
    OSSchedUnlock                            0x080048a5   Thumb Code   302  os_core.o(.text)
    OSSchedRoundRobinCfg                     0x080049d3   Thumb Code    96  os_core.o(.text)
    OS_RdyListMoveHeadToTail                 0x08004a33   Thumb Code    68  os_core.o(.text)
    OSSchedRoundRobinYield                   0x08004a77   Thumb Code   176  os_core.o(.text)
    OSStart                                  0x08004b27   Thumb Code    78  os_core.o(.text)
    OSVersion                                0x08004b75   Thumb Code    12  os_core.o(.text)
    OS_PendDbgNameAdd                        0x08004b81   Thumb Code    66  os_core.o(.text)
    OS_PendListInsertPrio                    0x08004bc3   Thumb Code   102  os_core.o(.text)
    OS_PendDataInit                          0x08004c29   Thumb Code    38  os_core.o(.text)
    OS_RdyListRemove                         0x08004c4f   Thumb Code    86  os_core.o(.text)
    OS_TaskBlock                             0x08004ca5   Thumb Code    56  os_core.o(.text)
    OS_Pend                                  0x08004cdd   Thumb Code   168  os_core.o(.text)
    OS_PendListRemove1                       0x08004d85   Thumb Code    66  os_core.o(.text)
    OS_PendListRemove                        0x08004dc7   Thumb Code    48  os_core.o(.text)
    OS_PendAbort1                            0x08004df7   Thumb Code    36  os_core.o(.text)
    OS_RdyListInsertHead                     0x08004e1b   Thumb Code    58  os_core.o(.text)
    OS_RdyListInsertTail                     0x08004e55   Thumb Code    56  os_core.o(.text)
    OS_RdyListInsert                         0x08004e8d   Thumb Code    40  os_core.o(.text)
    OS_TaskRdy                               0x08004eb5   Thumb Code    28  os_core.o(.text)
    OS_PendAbort                             0x08004ed1   Thumb Code   166  os_core.o(.text)
    OS_PendDbgNameRemove                     0x08004f77   Thumb Code    34  os_core.o(.text)
    OS_PendListChangePrio                    0x08004f99   Thumb Code    70  os_core.o(.text)
    OS_PendListInit                          0x08004fdf   Thumb Code    10  os_core.o(.text)
    OS_PendListInsertHead                    0x08004fe9   Thumb Code    32  os_core.o(.text)
    OS_PendObjDel1                           0x08005009   Thumb Code    36  os_core.o(.text)
    OS_PendObjDel                            0x0800502d   Thumb Code   162  os_core.o(.text)
    OS_Post1                                 0x080050cf   Thumb Code    42  os_core.o(.text)
    OS_Post                                  0x080050f9   Thumb Code   192  os_core.o(.text)
    OS_Sched0                                0x080051b9   Thumb Code   100  os_core.o(.text)
    OS_SchedRoundRobin                       0x0800521d   Thumb Code   218  os_core.o(.text)
    OS_Dbg_Init                              0x08005309   Thumb Code   150  os_dbg.o(.text)
    OS_FlagDbgListAdd                        0x080054bd   Thumb Code    38  os_flag.o(.text)
    OSFlagCreate                             0x080054e3   Thumb Code   210  os_flag.o(.text)
    OS_FlagClr                               0x080055b5   Thumb Code    28  os_flag.o(.text)
    OS_FlagDbgListRemove                     0x080055d1   Thumb Code    44  os_flag.o(.text)
    OSFlagDel                                0x080055fd   Thumb Code   732  os_flag.o(.text)
    OS_FlagBlock                             0x080058d9   Thumb Code    58  os_flag.o(.text)
    OSFlagPend                               0x08005913   Thumb Code  1670  os_flag.o(.text)
    OSFlagPendAbort                          0x08005f99   Thumb Code   334  os_flag.o(.text)
    OSFlagPendGetFlagsRdy                    0x080060e7   Thumb Code    94  os_flag.o(.text)
    OS_FlagTaskRdy                           0x08006145   Thumb Code    86  os_flag.o(.text)
    OS_FlagPost                              0x0800619b   Thumb Code   626  os_flag.o(.text)
    OSFlagPost                               0x0800640d   Thumb Code   146  os_flag.o(.text)
    OS_FlagInit                              0x0800649f   Thumb Code    14  os_flag.o(.text)
    OS_IntQPost                              0x080064c9   Thumb Code   224  os_int.o(.text)
    OS_IntQRePost                            0x080065a9   Thumb Code   360  os_int.o(.text)
    OS_IntQTask                              0x08006711   Thumb Code   182  os_int.o(.text)
    OS_IntQTaskInit                          0x080067c7   Thumb Code   208  os_int.o(.text)
    OS_MemDbgListAdd                         0x08006929   Thumb Code    34  os_mem.o(.text)
    OSMemCreate                              0x0800694b   Thumb Code   326  os_mem.o(.text)
    OSMemGet                                 0x08006a91   Thumb Code   112  os_mem.o(.text)
    OSMemPut                                 0x08006b01   Thumb Code   124  os_mem.o(.text)
    OS_MemInit                               0x08006b7d   Thumb Code    14  os_mem.o(.text)
    OS_MsgPoolInit                           0x08006ba1   Thumb Code   110  os_msg.o(.text)
    OS_MsgQFreeAll                           0x08006c0f   Thumb Code    62  os_msg.o(.text)
    OS_MsgQInit                              0x08006c4d   Thumb Code    14  os_msg.o(.text)
    OS_MsgQGet                               0x08006c5b   Thumb Code    98  os_msg.o(.text)
    OS_MsgQPut                               0x08006cbd   Thumb Code   254  os_msg.o(.text)
    OS_MutexDbgListAdd                       0x08006dc9   Thumb Code    38  os_mutex.o(.text)
    OSMutexCreate                            0x08006def   Thumb Code   216  os_mutex.o(.text)
    OS_MutexClr                              0x08006ec7   Thumb Code    38  os_mutex.o(.text)
    OS_MutexDbgListRemove                    0x08006eed   Thumb Code    44  os_mutex.o(.text)
    OSMutexDel                               0x08006f19   Thumb Code   960  os_mutex.o(.text)
    OSMutexPend                              0x080072d9   Thumb Code   812  os_mutex.o(.text)
    OSMutexPendAbort                         0x08007605   Thumb Code   334  os_mutex.o(.text)
    OSMutexPost                              0x08007753   Thumb Code   646  os_mutex.o(.text)
    OS_MutexInit                             0x080079d9   Thumb Code    14  os_mutex.o(.text)
    OS_PrioInit                              0x08007a09   Thumb Code    20  os_prio.o(.text)
    OS_PrioGetHighest                        0x08007a1d   Thumb Code    36  os_prio.o(.text)
    OS_PrioInsert                            0x08007a41   Thumb Code    32  os_prio.o(.text)
    OS_PrioRemove                            0x08007a61   Thumb Code    32  os_prio.o(.text)
    OS_QDbgListAdd                           0x08007a85   Thumb Code    38  os_q.o(.text)
    OSQCreate                                0x08007aab   Thumb Code   224  os_q.o(.text)
    OS_QClr                                  0x08007b8b   Thumb Code    40  os_q.o(.text)
    OS_QDbgListRemove                        0x08007bb3   Thumb Code    44  os_q.o(.text)
    OSQDel                                   0x08007bdf   Thumb Code   414  os_q.o(.text)
    OSQFlush                                 0x08007d7d   Thumb Code   288  os_q.o(.text)
    OSQPend                                  0x08007e9d   Thumb Code   560  os_q.o(.text)
    OSQPendAbort                             0x080080cd   Thumb Code   334  os_q.o(.text)
    OS_QPost                                 0x0800821b   Thumb Code   402  os_q.o(.text)
    OSQPost                                  0x080083ad   Thumb Code   176  os_q.o(.text)
    OS_QInit                                 0x0800845d   Thumb Code    14  os_q.o(.text)
    OS_SemDbgListAdd                         0x08008485   Thumb Code    38  os_sem.o(.text)
    OSSemCreate                              0x080084ab   Thumb Code   210  os_sem.o(.text)
    OS_SemClr                                0x0800857d   Thumb Code    28  os_sem.o(.text)
    OS_SemDbgListRemove                      0x08008599   Thumb Code    44  os_sem.o(.text)
    OSSemDel                                 0x080085c5   Thumb Code   414  os_sem.o(.text)
    OSSemPend                                0x08008763   Thumb Code   562  os_sem.o(.text)
    OSSemPendAbort                           0x08008995   Thumb Code   334  os_sem.o(.text)
    OS_SemPost                               0x08008ae3   Thumb Code   404  os_sem.o(.text)
    OSSemPost                                0x08008c77   Thumb Code   162  os_sem.o(.text)
    OSSemSet                                 0x08008d19   Thumb Code   128  os_sem.o(.text)
    OS_SemInit                               0x08008d99   Thumb Code    14  os_sem.o(.text)
    OSStatReset                              0x08008db9   Thumb Code   316  os_stat.o(.text)
    OSStatTaskCPUUsageInit                   0x08008ef5   Thumb Code   228  os_stat.o(.text)
    OS_StatTask                              0x08008fd9   Thumb Code   984  os_stat.o(.text)
    OS_StatTaskInit                          0x080093b1   Thumb Code   138  os_stat.o(.text)
    OSTaskChangePrio                         0x08009495   Thumb Code   482  os_task.o(.text)
    OS_TaskDbgListAdd                        0x08009677   Thumb Code    42  os_task.o(.text)
    OS_TaskInitTCB                           0x080096a1   Thumb Code   194  os_task.o(.text)
    OSTaskCreate                             0x08009763   Thumb Code   674  os_task.o(.text)
    OS_TaskDbgListRemove                     0x08009a05   Thumb Code    64  os_task.o(.text)
    OSTaskDel                                0x08009a45   Thumb Code   490  os_task.o(.text)
    OSTaskQFlush                             0x08009c2f   Thumb Code   302  os_task.o(.text)
    OSTaskQPend                              0x08009d5d   Thumb Code   572  os_task.o(.text)
    OSTaskQPendAbort                         0x08009f99   Thumb Code   288  os_task.o(.text)
    OS_TaskQPost                             0x0800a0b9   Thumb Code   624  os_task.o(.text)
    OSTaskQPost                              0x0800a329   Thumb Code   114  os_task.o(.text)
    OSTaskRegGet                             0x0800a39b   Thumb Code    86  os_task.o(.text)
    OSTaskRegGetID                           0x0800a3f1   Thumb Code    96  os_task.o(.text)
    OSTaskRegSet                             0x0800a451   Thumb Code    86  os_task.o(.text)
    OS_TaskResume                            0x0800a4a7   Thumb Code   398  os_task.o(.text)
    OSTaskResume                             0x0800a635   Thumb Code   124  os_task.o(.text)
    OSTaskSemPend                            0x0800a6b1   Thumb Code   578  os_task.o(.text)
    OSTaskSemPendAbort                       0x0800a8f3   Thumb Code   342  os_task.o(.text)
    OS_TaskSemPost                           0x0800aa49   Thumb Code  1438  os_task.o(.text)
    OSTaskSemPost                            0x0800afe7   Thumb Code    98  os_task.o(.text)
    OSTaskSemSet                             0x0800b049   Thumb Code    88  os_task.o(.text)
    OSTaskStkChk                             0x0800b0a1   Thumb Code   220  os_task.o(.text)
    OS_TaskSuspend                           0x0800b17d   Thumb Code   414  os_task.o(.text)
    OSTaskSuspend                            0x0800b31b   Thumb Code    78  os_task.o(.text)
    OSTaskTimeQuantaSet                      0x0800b369   Thumb Code   104  os_task.o(.text)
    OS_TaskInit                              0x0800b3d1   Thumb Code    18  os_task.o(.text)
    OS_TaskReturn                            0x0800b3e3   Thumb Code    20  os_task.o(.text)
    OS_TickListRemove                        0x0800b41d   Thumb Code    56  os_tick.o(.text)
    OS_TickListUpdate                        0x0800b455   Thumb Code   520  os_tick.o(.text)
    OS_TickTask                              0x0800b65d   Thumb Code    38  os_tick.o(.text)
    OS_TickListInit                          0x0800b683   Thumb Code    32  os_tick.o(.text)
    OS_TickTaskInit                          0x0800b6a3   Thumb Code   130  os_tick.o(.text)
    OS_TickListInsert                        0x0800b725   Thumb Code   502  os_tick.o(.text)
    OS_TickListResetPeak                     0x0800b91b   Thumb Code    28  os_tick.o(.text)
    OSTimeDly                                0x0800b941   Thumb Code   322  os_time.o(.text)
    OSTimeDlyHMSM                            0x0800ba83   Thumb Code   538  os_time.o(.text)
    OSTimeDlyResume                          0x0800bc9d   Thumb Code   570  os_time.o(.text)
    OSTimeGet                                0x0800bed7   Thumb Code    54  os_time.o(.text)
    OSTimeSet                                0x0800bf0d   Thumb Code    54  os_time.o(.text)
    OSTimeTick                               0x0800bf43   Thumb Code    54  os_time.o(.text)
    OS_TmrDbgListAdd                         0x0800bf8d   Thumb Code    34  os_tmr.o(.text)
    OSTmrCreate                              0x0800bfaf   Thumb Code   286  os_tmr.o(.text)
    OS_TmrClr                                0x0800c0cd   Thumb Code    36  os_tmr.o(.text)
    OS_TmrUnlink                             0x0800c0f1   Thumb Code    72  os_tmr.o(.text)
    OS_TmrDbgListRemove                      0x0800c139   Thumb Code    44  os_tmr.o(.text)
    OSTmrDel                                 0x0800c165   Thumb Code   182  os_tmr.o(.text)
    OSTmrRemainGet                           0x0800c21b   Thumb Code   188  os_tmr.o(.text)
    OS_TmrLink                               0x0800c2d7   Thumb Code   242  os_tmr.o(.text)
    OSTmrStart                               0x0800c3c9   Thumb Code   170  os_tmr.o(.text)
    OSTmrStateGet                            0x0800c473   Thumb Code   142  os_tmr.o(.text)
    OSTmrStop                                0x0800c501   Thumb Code   246  os_tmr.o(.text)
    OS_TmrTask                               0x0800c5f7   Thumb Code   176  os_tmr.o(.text)
    OS_TmrInit                               0x0800c6a7   Thumb Code   208  os_tmr.o(.text)
    OS_TmrResetPeak                          0x0800c777   Thumb Code    28  os_tmr.o(.text)
    OSIdleTaskHook                           0x0800c7f1   Thumb Code    16  os_cpu_c.o(.text)
    OSInitHook                               0x0800c801   Thumb Code    42  os_cpu_c.o(.text)
    OSStatTaskHook                           0x0800c82b   Thumb Code    16  os_cpu_c.o(.text)
    OSTaskCreateHook                         0x0800c83b   Thumb Code    20  os_cpu_c.o(.text)
    OSTaskDelHook                            0x0800c84f   Thumb Code    20  os_cpu_c.o(.text)
    OSTaskReturnHook                         0x0800c863   Thumb Code    20  os_cpu_c.o(.text)
    OSTaskStkInit                            0x0800c877   Thumb Code   188  os_cpu_c.o(.text)
    OSTaskSwHook                             0x0800c933   Thumb Code   146  os_cpu_c.o(.text)
    OSTimeTickHook                           0x0800c9c5   Thumb Code    16  os_cpu_c.o(.text)
    OS_CPU_SysTickHandler                    0x0800c9d5   Thumb Code    60  os_cpu_c.o(.text)
    OS_CPU_SysTickInit                       0x0800ca11   Thumb Code    44  os_cpu_c.o(.text)
    __aeabi_memset                           0x0800ca7d   Thumb Code    14  memseta.o(.text)
    __aeabi_memset4                          0x0800ca7d   Thumb Code     0  memseta.o(.text)
    __aeabi_memset8                          0x0800ca7d   Thumb Code     0  memseta.o(.text)
    __aeabi_memclr                           0x0800ca8b   Thumb Code     4  memseta.o(.text)
    __aeabi_memclr4                          0x0800ca8b   Thumb Code     0  memseta.o(.text)
    __aeabi_memclr8                          0x0800ca8b   Thumb Code     0  memseta.o(.text)
    _memset$wrapper                          0x0800ca8f   Thumb Code    18  memseta.o(.text)
    strstr                                   0x0800caa1   Thumb Code    36  strstr.o(.text)
    __aeabi_uidiv                            0x0800cac5   Thumb Code     0  uidiv.o(.text)
    __aeabi_uidivmod                         0x0800cac5   Thumb Code    44  uidiv.o(.text)
    __scatterload                            0x0800caf1   Thumb Code    28  init.o(.text)
    __scatterload_rt2                        0x0800caf1   Thumb Code     0  init.o(.text)
    __decompress                             0x0800cb15   Thumb Code     0  __dczerorl2.o(.text)
    __decompress1                            0x0800cb15   Thumb Code    86  __dczerorl2.o(.text)
    OSStartHighRdy                           0x0800cb6d   Thumb Code     0  os_cpu_a.o(CODE)
    OS_CPU_PendSVHandler                     0x0800cb8f   Thumb Code     0  os_cpu_a.o(CODE)
    __0printf$3                              0x0800cbf1   Thumb Code    22  printf3.o(i.__0printf$3)
    __1printf$3                              0x0800cbf1   Thumb Code     0  printf3.o(i.__0printf$3)
    __2printf                                0x0800cbf1   Thumb Code     0  printf3.o(i.__0printf$3)
    __0sprintf$3                             0x0800cc11   Thumb Code    34  printf3.o(i.__0sprintf$3)
    __1sprintf$3                             0x0800cc11   Thumb Code     0  printf3.o(i.__0sprintf$3)
    __2sprintf                               0x0800cc11   Thumb Code     0  printf3.o(i.__0sprintf$3)
    __scatterload_copy                       0x0800cc39   Thumb Code    14  handlers.o(i.__scatterload_copy)
    __scatterload_null                       0x0800cc47   Thumb Code     2  handlers.o(i.__scatterload_null)
    __scatterload_zeroinit                   0x0800cc49   Thumb Code    14  handlers.o(i.__scatterload_zeroinit)
    F6x8                                     0x0800ce1a   Data         552  oled.o(.constdata)
    F8X16                                    0x0800d042   Data        1520  oled.o(.constdata)
    OSCfg_IdleTaskStkBasePtr                 0x0800d7c8   Data           4  os_cfg_app.o(.constdata)
    OSCfg_IdleTaskStkLimit                   0x0800d7cc   Data           4  os_cfg_app.o(.constdata)
    OSCfg_IdleTaskStkSize                    0x0800d7d0   Data           4  os_cfg_app.o(.constdata)
    OSCfg_IdleTaskStkSizeRAM                 0x0800d7d4   Data           4  os_cfg_app.o(.constdata)
    OSCfg_IntQBasePtr                        0x0800d7d8   Data           4  os_cfg_app.o(.constdata)
    OSCfg_IntQSize                           0x0800d7dc   Data           2  os_cfg_app.o(.constdata)
    OSCfg_IntQSizeRAM                        0x0800d7e0   Data           4  os_cfg_app.o(.constdata)
    OSCfg_IntQTaskStkBasePtr                 0x0800d7e4   Data           4  os_cfg_app.o(.constdata)
    OSCfg_IntQTaskStkLimit                   0x0800d7e8   Data           4  os_cfg_app.o(.constdata)
    OSCfg_IntQTaskStkSize                    0x0800d7ec   Data           4  os_cfg_app.o(.constdata)
    OSCfg_IntQTaskStkSizeRAM                 0x0800d7f0   Data           4  os_cfg_app.o(.constdata)
    OSCfg_ISRStkBasePtr                      0x0800d7f4   Data           4  os_cfg_app.o(.constdata)
    OSCfg_ISRStkSize                         0x0800d7f8   Data           4  os_cfg_app.o(.constdata)
    OSCfg_ISRStkSizeRAM                      0x0800d7fc   Data           4  os_cfg_app.o(.constdata)
    OSCfg_MsgPoolSize                        0x0800d800   Data           2  os_cfg_app.o(.constdata)
    OSCfg_MsgPoolSizeRAM                     0x0800d804   Data           4  os_cfg_app.o(.constdata)
    OSCfg_MsgPoolBasePtr                     0x0800d808   Data           4  os_cfg_app.o(.constdata)
    OSCfg_StatTaskPrio                       0x0800d80c   Data           1  os_cfg_app.o(.constdata)
    OSCfg_StatTaskRate_Hz                    0x0800d810   Data           4  os_cfg_app.o(.constdata)
    OSCfg_StatTaskStkBasePtr                 0x0800d814   Data           4  os_cfg_app.o(.constdata)
    OSCfg_StatTaskStkLimit                   0x0800d818   Data           4  os_cfg_app.o(.constdata)
    OSCfg_StatTaskStkSize                    0x0800d81c   Data           4  os_cfg_app.o(.constdata)
    OSCfg_StatTaskStkSizeRAM                 0x0800d820   Data           4  os_cfg_app.o(.constdata)
    OSCfg_StkSizeMin                         0x0800d824   Data           4  os_cfg_app.o(.constdata)
    OSCfg_TickRate_Hz                        0x0800d828   Data           4  os_cfg_app.o(.constdata)
    OSCfg_TickTaskPrio                       0x0800d82c   Data           1  os_cfg_app.o(.constdata)
    OSCfg_TickTaskStkBasePtr                 0x0800d830   Data           4  os_cfg_app.o(.constdata)
    OSCfg_TickTaskStkLimit                   0x0800d834   Data           4  os_cfg_app.o(.constdata)
    OSCfg_TickTaskStkSize                    0x0800d838   Data           4  os_cfg_app.o(.constdata)
    OSCfg_TickTaskStkSizeRAM                 0x0800d83c   Data           4  os_cfg_app.o(.constdata)
    OSCfg_TickWheelSize                      0x0800d840   Data           2  os_cfg_app.o(.constdata)
    OSCfg_TickWheelSizeRAM                   0x0800d844   Data           4  os_cfg_app.o(.constdata)
    OSCfg_TmrTaskPrio                        0x0800d848   Data           1  os_cfg_app.o(.constdata)
    OSCfg_TmrTaskRate_Hz                     0x0800d84c   Data           4  os_cfg_app.o(.constdata)
    OSCfg_TmrTaskStkBasePtr                  0x0800d850   Data           4  os_cfg_app.o(.constdata)
    OSCfg_TmrTaskStkLimit                    0x0800d854   Data           4  os_cfg_app.o(.constdata)
    OSCfg_TmrTaskStkSize                     0x0800d858   Data           4  os_cfg_app.o(.constdata)
    OSCfg_TmrTaskStkSizeRAM                  0x0800d85c   Data           4  os_cfg_app.o(.constdata)
    OSCfg_TmrWheelSize                       0x0800d860   Data           2  os_cfg_app.o(.constdata)
    OSCfg_TmrWheelSizeRAM                    0x0800d864   Data           4  os_cfg_app.o(.constdata)
    OSCfg_DataSizeRAM                        0x0800d868   Data           4  os_cfg_app.o(.constdata)
    OSDbg_DbgEn                              0x0800d86c   Data           1  os_dbg.o(.constdata)
    OSDbg_ArgChkEn                           0x0800d86d   Data           1  os_dbg.o(.constdata)
    OSDbg_AppHooksEn                         0x0800d86e   Data           1  os_dbg.o(.constdata)
    OSDbg_EndiannessTest                     0x0800d870   Data           4  os_dbg.o(.constdata)
    OSDbg_CalledFromISRChkEn                 0x0800d874   Data           1  os_dbg.o(.constdata)
    OSDbg_FlagEn                             0x0800d875   Data           1  os_dbg.o(.constdata)
    OSDbg_FlagGrp                            0x0800d878   Data          40  os_dbg.o(.constdata)
    OSDbg_FlagDelEn                          0x0800d8a0   Data           1  os_dbg.o(.constdata)
    OSDbg_FlagModeClrEn                      0x0800d8a1   Data           1  os_dbg.o(.constdata)
    OSDbg_FlagPendAbortEn                    0x0800d8a2   Data           1  os_dbg.o(.constdata)
    OSDbg_FlagGrpSize                        0x0800d8a4   Data           2  os_dbg.o(.constdata)
    OSDbg_FlagWidth                          0x0800d8a6   Data           2  os_dbg.o(.constdata)
    OSDbg_IntQ                               0x0800d8a8   Data           2  os_dbg.o(.constdata)
    OSDbg_ISRPostDeferredEn                  0x0800d8aa   Data           1  os_dbg.o(.constdata)
    OSDbg_Mem                                0x0800d8ac   Data          32  os_dbg.o(.constdata)
    OSDbg_MemEn                              0x0800d8cc   Data           1  os_dbg.o(.constdata)
    OSDbg_MemSize                            0x0800d8ce   Data           2  os_dbg.o(.constdata)
    OSDbg_MsgEn                              0x0800d8d0   Data           1  os_dbg.o(.constdata)
    OSDbg_MsgSize                            0x0800d8d2   Data           2  os_dbg.o(.constdata)
    OSDbg_MsgPoolSize                        0x0800d8d4   Data           2  os_dbg.o(.constdata)
    OSDbg_MsgQSize                           0x0800d8d6   Data           2  os_dbg.o(.constdata)
    OSDbg_Mutex                              0x0800d8d8   Data          44  os_dbg.o(.constdata)
    OSDbg_MutexEn                            0x0800d904   Data           1  os_dbg.o(.constdata)
    OSDbg_MutexDelEn                         0x0800d905   Data           1  os_dbg.o(.constdata)
    OSDbg_MutexPendAbortEn                   0x0800d906   Data           1  os_dbg.o(.constdata)
    OSDbg_MutexSize                          0x0800d908   Data           2  os_dbg.o(.constdata)
    OSDbg_ObjTypeChkEn                       0x0800d90a   Data           1  os_dbg.o(.constdata)
    OSDbg_PendMultiEn                        0x0800d90b   Data           1  os_dbg.o(.constdata)
    OSDbg_PendDataSize                       0x0800d90c   Data           2  os_dbg.o(.constdata)
    OSDbg_PendListSize                       0x0800d90e   Data           2  os_dbg.o(.constdata)
    OSDbg_PendObjSize                        0x0800d910   Data           2  os_dbg.o(.constdata)
    OSDbg_PrioMax                            0x0800d912   Data           2  os_dbg.o(.constdata)
    OSDbg_PrioTblSize                        0x0800d914   Data           2  os_dbg.o(.constdata)
    OSDbg_PtrSize                            0x0800d916   Data           2  os_dbg.o(.constdata)
    OSDbg_Q                                  0x0800d918   Data          48  os_dbg.o(.constdata)
    OSDbg_QEn                                0x0800d948   Data           1  os_dbg.o(.constdata)
    OSDbg_QDelEn                             0x0800d949   Data           1  os_dbg.o(.constdata)
    OSDbg_QFlushEn                           0x0800d94a   Data           1  os_dbg.o(.constdata)
    OSDbg_QPendAbortEn                       0x0800d94b   Data           1  os_dbg.o(.constdata)
    OSDbg_QSize                              0x0800d94c   Data           2  os_dbg.o(.constdata)
    OSDbg_SchedRoundRobinEn                  0x0800d94e   Data           1  os_dbg.o(.constdata)
    OSDbg_Sem                                0x0800d950   Data          40  os_dbg.o(.constdata)
    OSDbg_SemEn                              0x0800d978   Data           1  os_dbg.o(.constdata)
    OSDbg_SemDelEn                           0x0800d979   Data           1  os_dbg.o(.constdata)
    OSDbg_SemPendAbortEn                     0x0800d97a   Data           1  os_dbg.o(.constdata)
    OSDbg_SemSetEn                           0x0800d97b   Data           1  os_dbg.o(.constdata)
    OSDbg_SemSize                            0x0800d97c   Data           2  os_dbg.o(.constdata)
    OSDbg_RdyList                            0x0800d97e   Data           2  os_dbg.o(.constdata)
    OSDbg_RdyListSize                        0x0800d980   Data           4  os_dbg.o(.constdata)
    OSDbg_StkWidth                           0x0800d984   Data           1  os_dbg.o(.constdata)
    OSDbg_StatTaskEn                         0x0800d985   Data           1  os_dbg.o(.constdata)
    OSDbg_StatTaskStkChkEn                   0x0800d986   Data           1  os_dbg.o(.constdata)
    OSDbg_TaskChangePrioEn                   0x0800d987   Data           1  os_dbg.o(.constdata)
    OSDbg_TaskDelEn                          0x0800d988   Data           1  os_dbg.o(.constdata)
    OSDbg_TaskQEn                            0x0800d989   Data           1  os_dbg.o(.constdata)
    OSDbg_TaskQPendAbortEn                   0x0800d98a   Data           1  os_dbg.o(.constdata)
    OSDbg_TaskProfileEn                      0x0800d98b   Data           1  os_dbg.o(.constdata)
    OSDbg_TaskRegTblSize                     0x0800d98c   Data           2  os_dbg.o(.constdata)
    OSDbg_TaskSemPendAbortEn                 0x0800d98e   Data           1  os_dbg.o(.constdata)
    OSDbg_TaskSuspendEn                      0x0800d98f   Data           1  os_dbg.o(.constdata)
    OSDbg_TCBSize                            0x0800d990   Data           2  os_dbg.o(.constdata)
    OSDbg_TickSpokeSize                      0x0800d992   Data           2  os_dbg.o(.constdata)
    OSDbg_TimeDlyHMSMEn                      0x0800d994   Data           1  os_dbg.o(.constdata)
    OSDbg_TimeDlyResumeEn                    0x0800d995   Data           1  os_dbg.o(.constdata)
    OSDbg_TLS_TblSize                        0x0800d996   Data           2  os_dbg.o(.constdata)
    OSDbg_Tmr                                0x0800d998   Data          52  os_dbg.o(.constdata)
    OSDbg_TmrEn                              0x0800d9cc   Data           1  os_dbg.o(.constdata)
    OSDbg_TmrDelEn                           0x0800d9cd   Data           1  os_dbg.o(.constdata)
    OSDbg_TmrSize                            0x0800d9ce   Data           2  os_dbg.o(.constdata)
    OSDbg_TmrSpokeSize                       0x0800d9d0   Data           2  os_dbg.o(.constdata)
    OSDbg_VersionNbr                         0x0800d9d2   Data           2  os_dbg.o(.constdata)
    OSDbg_DataSize                           0x0800d9d4   Data           4  os_dbg.o(.constdata)
    Region$$Table$$Base                      0x0800da40   Number         0  anon$$obj.o(Region$$Table)
    Region$$Table$$Limit                     0x0800da60   Number         0  anon$$obj.o(Region$$Table)
    SystemCoreClock                          0x20000000   Data           4  system_stm32f10x.o(.data)
    AHBPrescTable                            0x20000004   Data          16  system_stm32f10x.o(.data)
    Hzk                                      0x20000028   Data         384  oled.o(.data)
    err                                      0x200001a8   Data           2  esp8266_drive.o(.data)
    strr                                     0x200001ac   Data           4  esp8266_drive.o(.data)
    RxCount                                  0x200001b0   Data           4  esp8266_drive.o(.data)
    TcpClosedFlag                            0x200001b4   Data           1  sta_tcpclent_test.o(.data)
    Mem_PoolTbl                              0x200001bc   Data           4  lib_mem.o(.data)
    CPU_TS_TmrFreq_Hz                        0x200001c0   Data           4  cpu_core.o(.data)
    CPU_IntDisMeasCtr                        0x200001c4   Data           2  cpu_core.o(.data)
    CPU_IntDisNestCtr                        0x200001c6   Data           2  cpu_core.o(.data)
    CPU_IntDisMeasStart_cnts                 0x200001c8   Data           4  cpu_core.o(.data)
    CPU_IntDisMeasStop_cnts                  0x200001cc   Data           4  cpu_core.o(.data)
    CPU_IntDisMeasOvrhd_cnts                 0x200001d0   Data           4  cpu_core.o(.data)
    CPU_IntDisMeasMaxCur_cnts                0x200001d4   Data           4  cpu_core.o(.data)
    CPU_IntDisMeasMax_cnts                   0x200001d8   Data           4  cpu_core.o(.data)
    OSPrioTbl                                0x200001dc   Data           4  os_prio.o(.data)
    OS_AppTaskCreateHookPtr                  0x200001e0   Data           4  os_var.o(.data)
    OS_AppTaskDelHookPtr                     0x200001e4   Data           4  os_var.o(.data)
    OS_AppTaskReturnHookPtr                  0x200001e8   Data           4  os_var.o(.data)
    OS_AppIdleTaskHookPtr                    0x200001ec   Data           4  os_var.o(.data)
    OS_AppStatTaskHookPtr                    0x200001f0   Data           4  os_var.o(.data)
    OS_AppTaskSwHookPtr                      0x200001f4   Data           4  os_var.o(.data)
    OS_AppTimeTickHookPtr                    0x200001f8   Data           4  os_var.o(.data)
    OSIdleTaskCtr                            0x200001fc   Data           4  os_var.o(.data)
    OSIntNestingCtr                          0x20000200   Data           1  os_var.o(.data)
    OSIntDisTimeMax                          0x20000204   Data           4  os_var.o(.data)
    OSRunning                                0x20000208   Data           1  os_var.o(.data)
    OSIntQInPtr                              0x2000020c   Data           4  os_var.o(.data)
    OSIntQOutPtr                             0x20000210   Data           4  os_var.o(.data)
    OSIntQNbrEntries                         0x20000214   Data           2  os_var.o(.data)
    OSIntQNbrEntriesMax                      0x20000216   Data           2  os_var.o(.data)
    OSIntQOvfCtr                             0x20000218   Data           2  os_var.o(.data)
    OSIntQTaskTimeMax                        0x2000021c   Data           4  os_var.o(.data)
    OSFlagDbgListPtr                         0x20000220   Data           4  os_var.o(.data)
    OSFlagQty                                0x20000224   Data           2  os_var.o(.data)
    OSMemDbgListPtr                          0x20000228   Data           4  os_var.o(.data)
    OSMemQty                                 0x2000022c   Data           2  os_var.o(.data)
    OSMutexDbgListPtr                        0x20000230   Data           4  os_var.o(.data)
    OSMutexQty                               0x20000234   Data           2  os_var.o(.data)
    OSPrioCur                                0x20000236   Data           1  os_var.o(.data)
    OSPrioHighRdy                            0x20000237   Data           1  os_var.o(.data)
    OSPrioSaved                              0x20000238   Data           1  os_var.o(.data)
    OSQDbgListPtr                            0x2000023c   Data           4  os_var.o(.data)
    OSQQty                                   0x20000240   Data           2  os_var.o(.data)
    OSSchedLockTimeBegin                     0x20000244   Data           4  os_var.o(.data)
    OSSchedLockTimeMax                       0x20000248   Data           4  os_var.o(.data)
    OSSchedLockTimeMaxCur                    0x2000024c   Data           4  os_var.o(.data)
    OSSchedLockNestingCtr                    0x20000250   Data           1  os_var.o(.data)
    OSSchedRoundRobinDfltTimeQuanta          0x20000254   Data           4  os_var.o(.data)
    OSSchedRoundRobinEn                      0x20000258   Data           1  os_var.o(.data)
    OSSemDbgListPtr                          0x2000025c   Data           4  os_var.o(.data)
    OSSemQty                                 0x20000260   Data           2  os_var.o(.data)
    OSStatResetFlag                          0x20000262   Data           1  os_var.o(.data)
    OSStatTaskCPUUsage                       0x20000264   Data           2  os_var.o(.data)
    OSStatTaskCPUUsageMax                    0x20000266   Data           2  os_var.o(.data)
    OSStatTaskCtr                            0x20000268   Data           4  os_var.o(.data)
    OSStatTaskCtrMax                         0x2000026c   Data           4  os_var.o(.data)
    OSStatTaskCtrRun                         0x20000270   Data           4  os_var.o(.data)
    OSStatTaskRdy                            0x20000274   Data           1  os_var.o(.data)
    OSStatTaskTimeMax                        0x20000278   Data           4  os_var.o(.data)
    OSTaskCtxSwCtr                           0x2000027c   Data           4  os_var.o(.data)
    OSTaskDbgListPtr                         0x20000280   Data           4  os_var.o(.data)
    OSTaskQty                                0x20000284   Data           2  os_var.o(.data)
    OSTaskRegNextAvailID                     0x20000286   Data           1  os_var.o(.data)
    OSTickCtr                                0x20000288   Data           4  os_var.o(.data)
    OSTickTaskTimeMax                        0x2000028c   Data           4  os_var.o(.data)
    OSTmrDbgListPtr                          0x20000290   Data           4  os_var.o(.data)
    OSTmrQty                                 0x20000294   Data           2  os_var.o(.data)
    OSTmrTaskTimeMax                         0x20000298   Data           4  os_var.o(.data)
    OSTmrTickCtr                             0x2000029c   Data           4  os_var.o(.data)
    OSTmrUpdateCnt                           0x200002a0   Data           4  os_var.o(.data)
    OSTmrUpdateCtr                           0x200002a4   Data           4  os_var.o(.data)
    OSTCBCurPtr                              0x200002a8   Data           4  os_var.o(.data)
    OSTCBHighRdyPtr                          0x200002ac   Data           4  os_var.o(.data)
    OS_CPU_ExceptStkBase                     0x200002b0   Data           4  os_cpu_c.o(.data)
    __stdout                                 0x200002b4   Data           4  stdout.o(.data)
    StartTaskTCB                             0x200002b8   Data         200  main.o(.bss)
    START_TASK_STK                           0x20000380   Data         512  main.o(.bss)
    Led1TaskTCB                              0x20000580   Data         200  main.o(.bss)
    LED1_TASK_STK                            0x20000648   Data         384  main.o(.bss)
    TFTLCDTaskTCB                            0x200007c8   Data         200  main.o(.bss)
    TFTLCD_TASK_STK                          0x20000890   Data         512  main.o(.bss)
    ESP8266TaskTCB                           0x20000a90   Data         200  main.o(.bss)
    ESP8266_TASK_STK                         0x20000b58   Data        1536  main.o(.bss)
    ESP8266_Fram_Record_Struct               0x20001158   Data        1026  esp8266_drive.o(.bss)
    tempbuf                                  0x2000155a   Data          70  esp8266_drive.o(.bss)
    Mem_PoolHeap                             0x200015a0   Data          72  lib_mem.o(.bss)
    Mem_Heap                                 0x200015e8   Data        6144  lib_mem.o(.bss)
    CPU_Name                                 0x20002de8   Data          16  cpu_core.o(.bss)
    OSCfg_IdleTaskStk                        0x20002df8   Data         512  os_cfg_app.o(.bss)
    OSCfg_IntQ                               0x20002ff8   Data         320  os_cfg_app.o(.bss)
    OSCfg_IntQTaskStk                        0x20003138   Data         512  os_cfg_app.o(.bss)
    OSCfg_ISRStk                             0x20003338   Data         512  os_cfg_app.o(.bss)
    OSCfg_MsgPool                            0x20003538   Data        1600  os_cfg_app.o(.bss)
    OSCfg_StatTaskStk                        0x20003b78   Data         512  os_cfg_app.o(.bss)
    OSCfg_TickTaskStk                        0x20003d78   Data         512  os_cfg_app.o(.bss)
    OSCfg_TickWheel                          0x20003f78   Data         136  os_cfg_app.o(.bss)
    OSCfg_TmrTaskStk                         0x20004000   Data         512  os_cfg_app.o(.bss)
    OSCfg_TmrWheel                           0x20004200   Data         136  os_cfg_app.o(.bss)
    OSIdleTaskTCB                            0x20004288   Data         200  os_var.o(.bss)
    OSIntQTaskTCB                            0x20004350   Data         200  os_var.o(.bss)
    OSMsgPool                                0x20004418   Data          12  os_var.o(.bss)
    OSRdyList                                0x20004424   Data         384  os_var.o(.bss)
    OSStatTaskTCB                            0x200045a4   Data         200  os_var.o(.bss)
    OSTickTaskTCB                            0x2000466c   Data         200  os_var.o(.bss)
    OSTmrTaskTCB                             0x20004734   Data         200  os_var.o(.bss)
    __initial_sp                             0x20005000   Data           0  startup_stm32f10x_hd.o(STACK)



==============================================================================

Memory Map of the image

  Image Entry point : 0x08000131

  Load Region LR_IROM1 (Base: 0x08000000, Size: 0x0000dd18, Max: 0x00020000, ABSOLUTE, COMPRESSED[0x0000db18])

    Execution Region ER_IROM1 (Base: 0x08000000, Size: 0x0000da60, Max: 0x00020000, ABSOLUTE)

    Base Addr    Size         Type   Attr      Idx    E Section Name        Object

    0x08000000   0x00000130   Data   RO          241    RESET               startup_stm32f10x_hd.o
    0x08000130   0x00000000   Code   RO          963  * .ARM.Collect$$$$00000000  mc_w.l(entry.o)
    0x08000130   0x00000004   Code   RO         1231    .ARM.Collect$$$$00000001  mc_w.l(entry2.o)
    0x08000134   0x00000004   Code   RO         1234    .ARM.Collect$$$$00000004  mc_w.l(entry5.o)
    0x08000138   0x00000000   Code   RO         1236    .ARM.Collect$$$$00000008  mc_w.l(entry7b.o)
    0x08000138   0x00000000   Code   RO         1238    .ARM.Collect$$$$0000000A  mc_w.l(entry8b.o)
    0x08000138   0x00000008   Code   RO         1239    .ARM.Collect$$$$0000000B  mc_w.l(entry9a.o)
    0x08000140   0x00000000   Code   RO         1241    .ARM.Collect$$$$0000000D  mc_w.l(entry10a.o)
    0x08000140   0x00000000   Code   RO         1243    .ARM.Collect$$$$0000000F  mc_w.l(entry11a.o)
    0x08000140   0x00000004   Code   RO         1232    .ARM.Collect$$$$00002712  mc_w.l(entry2.o)
    0x08000144   0x000002d4   Code   RO            1    .text               main.o
    0x08000418   0x0000001e   Code   RO          202    .text               stm32f10x_it.o
    0x08000436   0x00000002   PAD
    0x08000438   0x00000024   Code   RO          242    .text               startup_stm32f10x_hd.o
    0x0800045c   0x000001e0   Code   RO          247    .text               system_stm32f10x.o
    0x0800063c   0x000000dc   Code   RO          294    .text               misc.o
    0x08000718   0x0000035c   Code   RO          306    .text               stm32f10x_gpio.o
    0x08000a74   0x000003a4   Code   RO          318    .text               stm32f10x_rcc.o
    0x08000e18   0x00000408   Code   RO          332    .text               stm32f10x_usart.o
    0x08001220   0x00000034   Code   RO          380    .text               led.o
    0x08001254   0x000004a6   Code   RO          395    .text               oled.o
    0x080016fa   0x00000002   PAD
    0x080016fc   0x0000074c   Code   RO          446    .text               esp8266_drive.o
    0x08001e48   0x00000168   Code   RO          475    .text               esp8266_public.o
    0x08001fb0   0x00000184   Code   RO          493    .text               sta_tcpclent_test.o
    0x08002134   0x0000008c   Code   RO          521    .text               systick.o
    0x080021c0   0x0000010c   Code   RO          538    .text               usart.o
    0x080022cc   0x0000004c   Code   RO          557    .text               bsp.o
    0x08002318   0x00000256   Code   RO          575    .text               lib_ascii.o
    0x0800256e   0x00000002   PAD
    0x08002570   0x00000f8c   Code   RO          608    .text               lib_mem.o
    0x080034fc   0x00000928   Code   RO          627    .text               lib_str.o
    0x08003e24   0x00000220   Code   RO          644    .text               lib_mem_a.o
    0x08004044   0x0000043c   Code   RO          647    .text               cpu_core.o
    0x08004480   0x00000034   Code   RO          673    .text               cpu_a.o
    0x080044b4   0x00000002   Code   RO          688    .text               os_cfg_app.o
    0x080044b6   0x00000002   PAD
    0x080044b8   0x00000e50   Code   RO          711    .text               os_core.o
    0x08005308   0x000001b4   Code   RO          723    .text               os_dbg.o
    0x080054bc   0x0000100c   Code   RO          738    .text               os_flag.o
    0x080064c8   0x00000460   Code   RO          750    .text               os_int.o
    0x08006928   0x00000278   Code   RO          762    .text               os_mem.o
    0x08006ba0   0x00000228   Code   RO          774    .text               os_msg.o
    0x08006dc8   0x00000c40   Code   RO          786    .text               os_mutex.o
    0x08007a08   0x0000007c   Code   RO          810    .text               os_prio.o
    0x08007a84   0x00000a00   Code   RO          829    .text               os_q.o
    0x08008484   0x00000934   Code   RO          841    .text               os_sem.o
    0x08008db8   0x000006dc   Code   RO          853    .text               os_stat.o
    0x08009494   0x00001f88   Code   RO          865    .text               os_task.o
    0x0800b41c   0x00000524   Code   RO          877    .text               os_tick.o
    0x0800b940   0x0000064c   Code   RO          889    .text               os_time.o
    0x0800bf8c   0x00000864   Code   RO          901    .text               os_tmr.o
    0x0800c7f0   0x0000028c   Code   RO          930    .text               os_cpu_c.o
    0x0800ca7c   0x00000024   Code   RO          966    .text               mc_w.l(memseta.o)
    0x0800caa0   0x00000024   Code   RO          968    .text               mc_w.l(strstr.o)
    0x0800cac4   0x0000002c   Code   RO         1246    .text               mc_w.l(uidiv.o)
    0x0800caf0   0x00000024   Code   RO         1261    .text               mc_w.l(init.o)
    0x0800cb14   0x00000056   Code   RO         1279    .text               mc_w.l(__dczerorl2.o)
    0x0800cb6a   0x00000002   PAD
    0x0800cb6c   0x00000084   Code   RO          927    CODE                os_cpu_a.o
    0x0800cbf0   0x00000020   Code   RO         1059    i.__0printf$3       mc_w.l(printf3.o)
    0x0800cc10   0x00000028   Code   RO         1061    i.__0sprintf$3      mc_w.l(printf3.o)
    0x0800cc38   0x0000000e   Code   RO         1273    i.__scatterload_copy  mc_w.l(handlers.o)
    0x0800cc46   0x00000002   Code   RO         1274    i.__scatterload_null  mc_w.l(handlers.o)
    0x0800cc48   0x0000000e   Code   RO         1275    i.__scatterload_zeroinit  mc_w.l(handlers.o)
    0x0800cc56   0x00000002   PAD
    0x0800cc58   0x000001b8   Code   RO         1066    i._printf_core      mc_w.l(printf3.o)
    0x0800ce10   0x0000000a   Code   RO         1068    i._sputc            mc_w.l(printf3.o)
    0x0800ce1a   0x00000818   Data   RO          396    .constdata          oled.o
    0x0800d632   0x00000002   PAD
    0x0800d634   0x00000094   Data   RO          628    .constdata          lib_str.o
    0x0800d6c8   0x00000100   Data   RO          649    .constdata          cpu_core.o
    0x0800d7c8   0x000000a4   Data   RO          690    .constdata          os_cfg_app.o
    0x0800d86c   0x0000016c   Data   RO          724    .constdata          os_dbg.o
    0x0800d9d8   0x00000065   Data   RO          494    .conststring        sta_tcpclent_test.o
    0x0800da3d   0x00000003   PAD
    0x0800da40   0x00000020   Data   RO         1271    Region$$Table       anon$$obj.o


    Execution Region RW_IRAM1 (Base: 0x20000000, Size: 0x00005000, Max: 0x00005000, ABSOLUTE, COMPRESSED[0x000000b8])

    Base Addr    Size         Type   Attr      Idx    E Section Name        Object

    0x20000000   0x00000014   Data   RW          248    .data               system_stm32f10x.o
    0x20000014   0x00000014   Data   RW          319    .data               stm32f10x_rcc.o
    0x20000028   0x00000180   Data   RW          397    .data               oled.o
    0x200001a8   0x0000000c   Data   RW          448    .data               esp8266_drive.o
    0x200001b4   0x00000001   Data   RW          495    .data               sta_tcpclent_test.o
    0x200001b5   0x00000001   PAD
    0x200001b6   0x00000004   Data   RW          522    .data               systick.o
    0x200001ba   0x00000002   PAD
    0x200001bc   0x00000004   Data   RW          610    .data               lib_mem.o
    0x200001c0   0x0000001c   Data   RW          650    .data               cpu_core.o
    0x200001dc   0x00000004   Data   RW          811    .data               os_prio.o
    0x200001e0   0x000000d0   Data   RW          914    .data               os_var.o
    0x200002b0   0x00000004   Data   RW          931    .data               os_cpu_c.o
    0x200002b4   0x00000004   Data   RW         1245    .data               mc_w.l(stdout.o)
    0x200002b8   0x00000ea0   Zero   RW            2    .bss                main.o
    0x20001158   0x00000448   Zero   RW          447    .bss                esp8266_drive.o
    0x200015a0   0x00001848   Zero   RW          609    .bss                lib_mem.o
    0x20002de8   0x00000010   Zero   RW          648    .bss                cpu_core.o
    0x20002df8   0x00001490   Zero   RW          689    .bss                os_cfg_app.o
    0x20004288   0x00000574   Zero   RW          913    .bss                os_var.o
    0x200047fc   0x00000004   PAD
    0x20004800   0x00000800   Zero   RW          239    STACK               startup_stm32f10x_hd.o


==============================================================================

Image component sizes


      Code (inc. data)   RO Data    RW Data    ZI Data      Debug   Object Name

        76          8          0          0          0        995   bsp.o
        52          0          0          0          0        332   cpu_a.o
      1084         42        256         28         16      16253   cpu_core.o
      1868        390          0         12       1096       7252   esp8266_drive.o
       360          0          0          0          0       2319   esp8266_public.o
        52          6          0          0          0        463   led.o
       598          0          0          0          0       3684   lib_ascii.o
      3980         62          0          4       6216      24628   lib_mem.o
       544          0          0          0          0        480   lib_mem_a.o
      2344          4        148          0          0      13050   lib_str.o
       724        104          0          0       3744     274718   main.o
       220         22          0          0          0       1881   misc.o
      1190         18       2072        384          0       4489   oled.o
         2          0        164          0       5264      20894   os_cfg_app.o
      3664        294          0          0          0      12113   os_core.o
       132         32          0          0          0        376   os_cpu_a.o
       652         64          0          4          0       3773   os_cpu_c.o
       436        286        364          0          0       4749   os_dbg.o
      4108        110          0          0          0       8127   os_flag.o
      1120        146          0          0          0       2280   os_int.o
       632         22          0          0          0       2704   os_mem.o
       552         14          0          0          0       2594   os_msg.o
      3136        114          0          0          0       5694   os_mutex.o
       124          4          0          4          0       1724   os_prio.o
      2560         82          0          0          0       6300   os_q.o
      2356         72          0          0          0       6296   os_sem.o
      1756        190          0          0          0       2889   os_stat.o
      8072        282          0          0          0      14338   os_task.o
      1316         90          0          0          0       3249   os_tick.o
      1612         44          0          0          0       3349   os_time.o
      2148        140          0          0          0       6506   os_tmr.o
         0          0          0        208       1396      19457   os_var.o
       388        182        101          1          0       1533   sta_tcpclent_test.o
        36          8        304          0       2048        936   startup_stm32f10x_hd.o
       860         38          0          0          0       5725   stm32f10x_gpio.o
        30          0          0          0          0       1401   stm32f10x_it.o
       932         36          0         20          0       8908   stm32f10x_rcc.o
      1032         22          0          0          0       8452   stm32f10x_usart.o
       480         38          0         20          0       2003   system_stm32f10x.o
       140          8          0          4          0       1069   systick.o
       268          8          0          0          0       2274   usart.o

    ----------------------------------------------------------------------
     51644       2982       3446        692      19784     510257   Object Totals
         0          0         32          0          0          0   (incl. Generated)
         8          0          5          3          4          0   (incl. Padding)

    ----------------------------------------------------------------------

      Code (inc. data)   RO Data    RW Data    ZI Data      Debug   Library Member Name

        86          0          0          0          0          0   __dczerorl2.o
         0          0          0          0          0          0   entry.o
         0          0          0          0          0          0   entry10a.o
         0          0          0          0          0          0   entry11a.o
         8          4          0          0          0          0   entry2.o
         4          0          0          0          0          0   entry5.o
         0          0          0          0          0          0   entry7b.o
         0          0          0          0          0          0   entry8b.o
         8          4          0          0          0          0   entry9a.o
        30          0          0          0          0          0   handlers.o
        36          8          0          0          0         68   init.o
        36          0          0          0          0        108   memseta.o
       522         20          0          0          0        336   printf3.o
         0          0          0          4          0          0   stdout.o
        36          0          0          0          0         80   strstr.o
        44          0          0          0          0         80   uidiv.o

    ----------------------------------------------------------------------
       814         36          0          4          0        672   Library Totals
         4          0          0          0          0          0   (incl. Padding)

    ----------------------------------------------------------------------

      Code (inc. data)   RO Data    RW Data    ZI Data      Debug   Library Name

       810         36          0          4          0        672   mc_w.l

    ----------------------------------------------------------------------
       814         36          0          4          0        672   Library Totals

    ----------------------------------------------------------------------

==============================================================================


      Code (inc. data)   RO Data    RW Data    ZI Data      Debug   

     52458       3018       3446        696      19784     507469   Grand Totals
     52458       3018       3446        184      19784     507469   ELF Image Totals (compressed)
     52458       3018       3446        184          0          0   ROM Totals

==============================================================================

    Total RO  Size (Code + RO Data)                55904 (  54.59kB)
    Total RW  Size (RW Data + ZI Data)             20480 (  20.00kB)
    Total ROM Size (Code + RO Data + RW Data)      56088 (  54.77kB)

==============================================================================

