Component: ARM Compiler 5.05 update 1 (build 106) Tool: armlink [4d0efa]

==============================================================================

Section Cross References

    main.o(.text) refers to usart.o(.text) for USART1_Init
    main.o(.text) refers to esp8266_drive.o(.text) for ESP8266_Init
    main.o(.text) refers to sta_tcpclent_test.o(.text) for ESP8266_STA_TCPClient_Test
    main.o(.text) refers to os_time.o(.text) for OSTimeDlyHMSM
    main.o(.text) refers to tftlcd.o(.text) for TFTLCD_Init
    main.o(.text) refers to os_task.o(.text) for OSTaskQPend
    main.o(.text) refers to cpu_core.o(.text) for CPU_Init
    main.o(.text) refers to bsp.o(.text) for BSP_CPU_ClkFreq
    main.o(.text) refers to os_cpu_c.o(.text) for OS_CPU_SysTickInit
    main.o(.text) refers to lib_mem.o(.text) for Mem_Init
    main.o(.text) refers to os_stat.o(.text) for OSStatTaskCPUUsageInit
    main.o(.text) refers to os_core.o(.text) for OSSchedRoundRobinCfg
    main.o(.text) refers to cpu_a.o(.text) for CPU_SR_Save
    main.o(.text) refers to misc.o(.text) for NVIC_PriorityGroupConfig
    main.o(.text) refers to led.o(.text) for LED_Init
    main.o(.text) refers to tftlcd.o(.data) for FRONT_COLOR
    main.o(.text) refers to os_cfg_app.o(.constdata) for OSCfg_TickRate_Hz
    main.o(.text) refers to os_var.o(.data) for OSSchedLockNestingCtr
    main.o(.text) refers to main.o(.bss) for LED1_TASK_STK
    startup_stm32f10x_hd.o(RESET) refers to startup_stm32f10x_hd.o(STACK) for __initial_sp
    startup_stm32f10x_hd.o(RESET) refers to startup_stm32f10x_hd.o(.text) for Reset_Handler
    startup_stm32f10x_hd.o(RESET) refers to stm32f10x_it.o(.text) for NMI_Handler
    startup_stm32f10x_hd.o(RESET) refers to os_cpu_a.o(CODE) for OS_CPU_PendSVHandler
    startup_stm32f10x_hd.o(RESET) refers to os_cpu_c.o(.text) for OS_CPU_SysTickHandler
    startup_stm32f10x_hd.o(RESET) refers to usart.o(.text) for USART1_IRQHandler
    startup_stm32f10x_hd.o(RESET) refers to esp8266_drive.o(.text) for USART2_IRQHandler
    startup_stm32f10x_hd.o(.text) refers to system_stm32f10x.o(.text) for SystemInit
    startup_stm32f10x_hd.o(.text) refers to entry.o(.ARM.Collect$$$$00000000) for __main
    system_stm32f10x.o(.text) refers to system_stm32f10x.o(.data) for SystemCoreClock
    stm32f10x_gpio.o(.text) refers to stm32f10x_rcc.o(.text) for RCC_APB2PeriphResetCmd
    stm32f10x_rcc.o(.text) refers to stm32f10x_rcc.o(.data) for APBAHBPrescTable
    stm32f10x_usart.o(.text) refers to stm32f10x_rcc.o(.text) for RCC_APB2PeriphResetCmd
    stm32f10x_spi.o(.text) refers to stm32f10x_rcc.o(.text) for RCC_APB2PeriphResetCmd
    stm32f10x_tim.o(.text) refers to stm32f10x_rcc.o(.text) for RCC_APB2PeriphResetCmd
    led.o(.text) refers to stm32f10x_rcc.o(.text) for RCC_APB2PeriphClockCmd
    led.o(.text) refers to stm32f10x_gpio.o(.text) for GPIO_Init
    tftlcd.o(.text) refers to stm32f10x_rcc.o(.text) for RCC_APB2PeriphClockCmd
    tftlcd.o(.text) refers to stm32f10x_gpio.o(.text) for GPIO_Init
    tftlcd.o(.text) refers to stm32f10x_fsmc.o(.text) for FSMC_NORSRAMInit
    tftlcd.o(.text) refers to systick.o(.text) for delay_ms
    tftlcd.o(.text) refers to tftlcd.o(.data) for tftlcd_data
    tftlcd.o(.text) refers to tftlcd.o(.constdata) for ascii_1206
    esp8266_drive.o(.text) refers to stm32f10x_rcc.o(.text) for RCC_APB1PeriphClockCmd
    esp8266_drive.o(.text) refers to stm32f10x_gpio.o(.text) for GPIO_Init
    esp8266_drive.o(.text) refers to misc.o(.text) for NVIC_Init
    esp8266_drive.o(.text) refers to stm32f10x_usart.o(.text) for USART_Init
    esp8266_drive.o(.text) refers to strstr.o(.text) for strstr
    esp8266_drive.o(.text) refers to esp8266_public.o(.text) for USART_printf
    esp8266_drive.o(.text) refers to systick.o(.text) for delay_ms
    esp8266_drive.o(.text) refers to printf3.o(i.__0printf$3) for __2printf
    esp8266_drive.o(.text) refers to os_task.o(.text) for OSTaskQPost
    esp8266_drive.o(.text) refers to printf3.o(i.__0sprintf$3) for __2sprintf
    esp8266_drive.o(.text) refers to esp8266_drive.o(.bss) for ESP8266_Fram_Record_Struct
    esp8266_drive.o(.text) refers to sta_tcpclent_test.o(.data) for TcpClosedFlag
    esp8266_drive.o(.text) refers to main.o(.bss) for TFTLCDTaskTCB
    esp8266_drive.o(.text) refers to memseta.o(.text) for __aeabi_memclr4
    esp8266_public.o(.text) refers to stm32f10x_usart.o(.text) for USART_SendData
    sta_tcpclent_test.o(.text) refers to memseta.o(.text) for __aeabi_memclr4
    sta_tcpclent_test.o(.text) refers to printf3.o(i.__0printf$3) for __2printf
    sta_tcpclent_test.o(.text) refers to os_task.o(.text) for OSTaskQPost
    sta_tcpclent_test.o(.text) refers to stm32f10x_gpio.o(.text) for GPIO_SetBits
    sta_tcpclent_test.o(.text) refers to esp8266_drive.o(.text) for ESP8266_AT_Test
    sta_tcpclent_test.o(.text) refers to printf3.o(i.__0sprintf$3) for __2sprintf
    sta_tcpclent_test.o(.text) refers to systick.o(.text) for delay_ms
[...]
    .constdata                               0x0800f924   Section      256  cpu_core.o(.constdata)
    CPU_CntLeadZerosTbl                      0x0800f924   Data         256  cpu_core.o(.constdata)
    .constdata                               0x0800fa24   Section      164  os_cfg_app.o(.constdata)
    .constdata                               0x0800fac8   Section      364  os_dbg.o(.constdata)
    .data                                    0x20000000   Section       20  system_stm32f10x.o(.data)
    .data                                    0x20000014   Section       20  stm32f10x_rcc.o(.data)
    APBAHBPrescTable                         0x20000014   Data          16  stm32f10x_rcc.o(.data)
    ADCPrescTable                            0x20000024   Data           4  stm32f10x_rcc.o(.data)
    .data                                    0x20000028   Section       12  tftlcd.o(.data)
    .data                                    0x20000034   Section        1  sta_tcpclent_test.o(.data)
    .data                                    0x20000036   Section        4  systick.o(.data)
    fac_us                                   0x20000036   Data           1  systick.o(.data)
    fac_ms                                   0x20000038   Data           2  systick.o(.data)
    .data                                    0x2000003c   Section        4  lib_mem.o(.data)
    .data                                    0x20000040   Section       28  cpu_core.o(.data)
    .data                                    0x2000005c   Section        4  os_prio.o(.data)
    .data                                    0x20000060   Section      208  os_var.o(.data)
    .data                                    0x20000130   Section        4  os_cpu_c.o(.data)
    .data                                    0x20000134   Section        4  stdout.o(.data)
    .bss                                     0x20000138   Section     8992  main.o(.bss)
    .bss                                     0x20002458   Section     1026  esp8266_drive.o(.bss)
    .bss                                     0x2000285c   Section    27720  lib_mem.o(.bss)
    .bss                                     0x200094a4   Section       16  cpu_core.o(.bss)
    .bss                                     0x200094b4   Section     5264  os_cfg_app.o(.bss)
    .bss                                     0x2000a944   Section     1396  os_var.o(.bss)
    STACK                                    0x2000aeb8   Section     2048  startup_stm32f10x_hd.o(STACK)

    Global Symbols

    Symbol Name                              Value     Ov Type        Size  Object(Section)

    BuildAttributes$$THM_ISAv4$P$D$K$B$S$PE$A:L22UL41UL21$X:L11$S22US41US21$IEEE1$IW$USESV6$~STKCKD$USESV7$~SHL$OSPACE$ROPI$EBA8$MICROLIB$REQ8$PRES8$EABIv2 0x00000000   Number         0  anon$$obj.o ABSOLUTE
    __ARM_use_no_argv                        0x00000000   Number         0  main.o ABSOLUTE
    _printf_a                                0x00000000   Number         0  stubs.o ABSOLUTE
    _printf_c                                0x00000000   Number         0  stubs.o ABSOLUTE
    _printf_charcount                        0x00000000   Number         0  stubs.o ABSOLUTE
    _printf_d                                0x00000000   Number         0  stubs.o ABSOLUTE
    _printf_e                                0x00000000   Number         0  stubs.o ABSOLUTE
    _printf_f                                0x00000000   Number         0  stubs.o ABSOLUTE
    _printf_flags                            0x00000000   Number         0  stubs.o ABSOLUTE
    _printf_fp_dec                           0x00000000   Number         0  stubs.o ABSOLUTE
    _printf_fp_hex                           0x00000000   Number         0  stubs.o ABSOLUTE
    _printf_g                                0x00000000   Number         0  stubs.o ABSOLUTE
    _printf_i                                0x00000000   Number         0  stubs.o ABSOLUTE
    _printf_int_dec                          0x00000000   Number         0  stubs.o ABSOLUTE
    _printf_l                                0x00000000   Number         0  stubs.o ABSOLUTE
    _printf_lc                               0x00000000   Number         0  stubs.o ABSOLUTE
    _printf_ll                               0x00000000   Number         0  stubs.o ABSOLUTE
    _printf_lld                              0x00000000   Number         0  stubs.o ABSOLUTE
    _printf_lli                              0x00000000   Number         0  stubs.o ABSOLUTE
    _printf_llo                              0x00000000   Number         0  stubs.o ABSOLUTE
    _printf_llu                              0x00000000   Number         0  stubs.o ABSOLUTE
    _printf_llx                              0x00000000   Number         0  stubs.o ABSOLUTE
    _printf_longlong_dec                     0x00000000   Number         0  stubs.o ABSOLUTE
    _printf_longlong_hex                     0x00000000   Number         0  stubs.o ABSOLUTE
    _printf_longlong_oct                     0x00000000   Number         0  stubs.o ABSOLUTE
    _printf_ls                               0x00000000   Number         0  stubs.o ABSOLUTE
    _printf_mbtowc                           0x00000000   Number         0  stubs.o ABSOLUTE
    _printf_n                                0x00000000   Number         0  stubs.o ABSOLUTE
    _printf_o                                0x00000000   Number         0  stubs.o ABSOLUTE
    _printf_p                                0x00000000   Number         0  stubs.o ABSOLUTE
    _printf_percent                          0x00000000   Number         0  stubs.o ABSOLUTE
    _printf_pre_padding                      0x00000000   Number         0  stubs.o ABSOLUTE
    _printf_return_value                     0x00000000   Number         0  stubs.o ABSOLUTE
    _printf_s                                0x00000000   Number         0  stubs.o ABSOLUTE
    _printf_sizespec                         0x00000000   Number         0  stubs.o ABSOLUTE
    _printf_str                              0x00000000   Number         0  stubs.o ABSOLUTE
    _printf_truncate_signed                  0x00000000   Number         0  stubs.o ABSOLUTE
    _printf_truncate_unsigned                0x00000000   Number         0  stubs.o ABSOLUTE
    _printf_u                                0x00000000   Number         0  stubs.o ABSOLUTE
    _printf_wc                               0x00000000   Number         0  stubs.o ABSOLUTE
    _printf_wctomb                           0x00000000   Number         0  stubs.o ABSOLUTE
    _printf_widthprec                        0x00000000   Number         0  stubs.o ABSOLUTE
    _printf_x                                0x00000000   Number         0  stubs.o ABSOLUTE
    __cpp_initialize__aeabi_                  - Undefined Weak Reference
    __cxa_finalize                            - Undefined Weak Reference
    _clock_init                               - Undefined Weak Reference
    _microlib_exit                            - Undefined Weak Reference
    __Vectors_Size                           0x00000130   Number         0  startup_stm32f10x_hd.o ABSOLUTE
    __Vectors                                0x08000000   Data           4  startup_stm32f10x_hd.o(RESET)
    __Vectors_End                            0x08000130   Data           0  startup_stm32f10x_hd.o(RESET)
    __main                                   0x08000131   Thumb Code     0  entry.o(.ARM.Collect$$$$00000000)
    _main_stk                                0x08000131   Thumb Code     0  entry2.o(.ARM.Collect$$$$00000001)
    _main_scatterload                        0x08000135   Thumb Code     0  entry5.o(.ARM.Collect$$$$00000004)
    __main_after_scatterload                 0x08000139   Thumb Code     0  entry5.o(.ARM.Collect$$$$00000004)
    _main_clock                              0x08000139   Thumb Code     0  entry7b.o(.ARM.Collect$$$$00000008)
    _main_cpp_init                           0x08000139   Thumb Code     0  entry8b.o(.ARM.Collect$$$$0000000A)
    _main_init                               0x08000139   Thumb Code     0  entry9a.o(.ARM.Collect$$$$0000000B)
    __rt_final_cpp                           0x08000141   Thumb Code     0  entry10a.o(.ARM.Collect$$$$0000000D)
    __rt_final_exit                          0x08000141   Thumb Code     0  entry11a.o(.ARM.Collect$$$$0000000F)
    esp8266_task                             0x08000145   Thumb Code    48  main.o(.text)
    tftlcd_task                              0x08000175   Thumb Code    92  main.o(.text)
    led1_task                                0x080001d1   Thumb Code    42  main.o(.text)
    start_task                               0x080001fb   Thumb Code   392  main.o(.text)
    main                                     0x08000383   Thumb Code    80  main.o(.text)
    NMI_Handler                              0x08000451   Thumb Code     2  stm32f10x_it.o(.text)
    HardFault_Handler                        0x08000453   Thumb Code     4  stm32f10x_it.o(.text)
    MemManage_Handler                        0x08000457   Thumb Code     4  stm32f10x_it.o(.text)
    BusFault_Handler                         0x0800045b   Thumb Code     4  stm32f10x_it.o(.text)
    UsageFault_Handler                       0x0800045f   Thumb Code     4  stm32f10x_it.o(.text)
    SVC_Handler                              0x08000463   Thumb Code     2  stm32f10x_it.o(.text)
    DebugMon_Handler                         0x08000465   Thumb Code     2  stm32f10x_it.o(.text)
    EXTI9_5_IRQHandler                       0x08000467   Thumb Code     2  stm32f10x_it.o(.text)
    EXTI1_IRQHandler                         0x08000469   Thumb Code     2  stm32f10x_it.o(.text)
    EXTI2_IRQHandler                         0x0800046b   Thumb Code     2  stm32f10x_it.o(.text)
    EXTI3_IRQHandler                         0x0800046d   Thumb Code     2  stm32f10x_it.o(.text)
    Reset_Handler                            0x08000471   Thumb Code     8  startup_stm32f10x_hd.o(.text)
    ADC1_2_IRQHandler                        0x0800048b   Thumb Code     0  startup_stm32f10x_hd.o(.text)
    ADC3_IRQHandler                          0x0800048b   Thumb Code     0  startup_stm32f10x_hd.o(.text)
    CAN1_RX1_IRQHandler                      0x0800048b   Thumb Code     0  startup_stm32f10x_hd.o(.text)
    CAN1_SCE_IRQHandler                      0x0800048b   Thumb Code     0  startup_stm32f10x_hd.o(.text)
    DMA1_Channel1_IRQHandler                 0x0800048b   Thumb Code     0  startup_stm32f10x_hd.o(.text)
    DMA1_Channel2_IRQHandler                 0x0800048b   Thumb Code     0  startup_stm32f10x_hd.o(.text)
    DMA1_Channel3_IRQHandler                 0x0800048b   Thumb Code     0  startup_stm32f10x_hd.o(.text)
    DMA1_Channel4_IRQHandler                 0x0800048b   Thumb Code     0  startup_stm32f10x_hd.o(.text)
    DMA1_Channel5_IRQHandler                 0x0800048b   Thumb Code     0  startup_stm32f10x_hd.o(.text)
    DMA1_Channel6_IRQHandler                 0x0800048b   Thumb Code     0  startup_stm32f10x_hd.o(.text)
    DMA1_Channel7_IRQHandler                 0x0800048b   Thumb Code     0  startup_stm32f10x_hd.o(.text)
    DMA2_Channel1_IRQHandler                 0x0800048b   Thumb Code     0  startup_stm32f10x_hd.o(.text)
    DMA2_Channel2_IRQHandler                 0x0800048b   Thumb Code     0  startup_stm32f10x_hd.o(.text)
    DMA2_Channel3_IRQHandler                 0x0800048b   Thumb Code     0  startup_stm32f10x_hd.o(.text)
    DMA2_Channel4_5_IRQHandler               0x0800048b   Thumb Code     0  startup_stm32f10x_hd.o(.text)
    EXTI0_IRQHandler                         0x0800048b   Thumb Code     0  startup_stm32f10x_hd.o(.text)
    EXTI15_10_IRQHandler                     0x0800048b   Thumb Code     0  startup_stm32f10x_hd.o(.text)
    EXTI4_IRQHandler                         0x0800048b   Thumb Code     0  startup_stm32f10x_hd.o(.text)
    FLASH_IRQHandler                         0x0800048b   Thumb Code     0  startup_stm32f10x_hd.o(.text)
    FSMC_IRQHandler                          0x0800048b   Thumb Code     0  startup_stm32f10x_hd.o(.text)
    I2C1_ER_IRQHandler                       0x0800048b   Thumb Code     0  startup_stm32f10x_hd.o(.text)
    I2C1_EV_IRQHandler                       0x0800048b   Thumb Code     0  startup_stm32f10x_hd.o(.text)
    I2C2_ER_IRQHandler                       0x0800048b   Thumb Code     0  startup_stm32f10x_hd.o(.text)
    I2C2_EV_IRQHandler                       0x0800048b   Thumb Code     0  startup_stm32f10x_hd.o(.text)
    PVD_IRQHandler                           0x0800048b   Thumb Code     0  startup_stm32f10x_hd.o(.text)
    RCC_IRQHandler                           0x0800048b   Thumb Code     0  startup_stm32f10x_hd.o(.text)
    RTCAlarm_IRQHandler                      0x0800048b   Thumb Code     0  startup_stm32f10x_hd.o(.text)
    RTC_IRQHandler                           0x0800048b   Thumb Code     0  startup_stm32f10x_hd.o(.text)
    SDIO_IRQHandler                          0x0800048b   Thumb Code     0  startup_stm32f10x_hd.o(.text)
    SPI1_IRQHandler                          0x0800048b   Thumb Code     0  startup_stm32f10x_hd.o(.text)
    SPI2_IRQHandler                          0x0800048b   Thumb Code     0  startup_stm32f10x_hd.o(.text)
    SPI3_IRQHandler                          0x0800048b   Thumb Code     0  startup_stm32f10x_hd.o(.text)
    TAMPER_IRQHandler                        0x0800048b   Thumb Code     0  startup_stm32f10x_hd.o(.text)
    TIM1_BRK_IRQHandler                      0x0800048b   Thumb Code     0  startup_stm32f10x_hd.o(.text)
    TIM1_CC_IRQHandler                       0x0800048b   Thumb Code     0  startup_stm32f10x_hd.o(.text)
    TIM1_TRG_COM_IRQHandler                  0x0800048b   Thumb Code     0  startup_stm32f10x_hd.o(.text)
    TIM1_UP_IRQHandler                       0x0800048b   Thumb Code     0  startup_stm32f10x_hd.o(.text)
    TIM2_IRQHandler                          0x0800048b   Thumb Code     0  startup_stm32f10x_hd.o(.text)
    TIM3_IRQHandler                          0x0800048b   Thumb Code     0  startup_stm32f10x_hd.o(.text)
    TIM4_IRQHandler                          0x0800048b   Thumb Code     0  startup_stm32f10x_hd.o(.text)
    TIM5_IRQHandler                          0x0800048b   Thumb Code     0  startup_stm32f10x_hd.o(.text)
    TIM6_IRQHandler                          0x0800048b   Thumb Code     0  startup_stm32f10x_hd.o(.text)
    TIM7_IRQHandler                          0x0800048b   Thumb Code     0  startup_stm32f10x_hd.o(.text)
    TIM8_BRK_IRQHandler                      0x0800048b   Thumb Code     0  startup_stm32f10x_hd.o(.text)
    TIM8_CC_IRQHandler                       0x0800048b   Thumb Code     0  startup_stm32f10x_hd.o(.text)
    TIM8_TRG_COM_IRQHandler                  0x0800048b   Thumb Code     0  startup_stm32f10x_hd.o(.text)
    TIM8_UP_IRQHandler                       0x0800048b   Thumb Code     0  startup_stm32f10x_hd.o(.text)
    UART4_IRQHandler                         0x0800048b   Thumb Code     0  startup_stm32f10x_hd.o(.text)
    UART5_IRQHandler                         0x0800048b   Thumb Code     0  startup_stm32f10x_hd.o(.text)
    USBWakeUp_IRQHandler                     0x0800048b   Thumb Code     0  startup_stm32f10x_hd.o(.text)
    USB_HP_CAN1_TX_IRQHandler                0x0800048b   Thumb Code     0  startup_stm32f10x_hd.o(.text)
    USB_LP_CAN1_RX0_IRQHandler               0x0800048b   Thumb Code     0  startup_stm32f10x_hd.o(.text)
    WWDG_IRQHandler                          0x0800048b   Thumb Code     0  startup_stm32f10x_hd.o(.text)
    SystemInit                               0x08000573   Thumb Code    78  system_stm32f10x.o(.text)
    SystemCoreClockUpdate                    0x080005c1   Thumb Code   142  system_stm32f10x.o(.text)
    NVIC_PriorityGroupConfig                 0x08000675   Thumb Code    10  misc.o(.text)
    NVIC_Init                                0x0800067f   Thumb Code   100  misc.o(.text)
    NVIC_SetVectorTable                      0x080006e3   Thumb Code    14  misc.o(.text)
    NVIC_SystemLPConfig                      0x080006f1   Thumb Code    34  misc.o(.text)
    SysTick_CLKSourceConfig                  0x08000713   Thumb Code    40  misc.o(.text)
    GPIO_DeInit                              0x08000751   Thumb Code   172  stm32f10x_gpio.o(.text)
    GPIO_AFIODeInit                          0x080007fd   Thumb Code    20  stm32f10x_gpio.o(.text)
    GPIO_Init                                0x08000811   Thumb Code   278  stm32f10x_gpio.o(.text)
    GPIO_StructInit                          0x08000927   Thumb Code    16  stm32f10x_gpio.o(.text)
    GPIO_ReadInputDataBit                    0x08000937   Thumb Code    18  stm32f10x_gpio.o(.text)
    GPIO_ReadInputData                       0x08000949   Thumb Code     8  stm32f10x_gpio.o(.text)
    GPIO_ReadOutputDataBit                   0x08000951   Thumb Code    18  stm32f10x_gpio.o(.text)
    GPIO_ReadOutputData                      0x08000963   Thumb Code     8  stm32f10x_gpio.o(.text)
    GPIO_SetBits                             0x0800096b   Thumb Code     4  stm32f10x_gpio.o(.text)
    GPIO_ResetBits                           0x0800096f   Thumb Code     4  stm32f10x_gpio.o(.text)
    GPIO_WriteBit                            0x08000973   Thumb Code    10  stm32f10x_gpio.o(.text)
    GPIO_Write                               0x0800097d   Thumb Code     4  stm32f10x_gpio.o(.text)
    GPIO_PinLockConfig                       0x08000981   Thumb Code    18  stm32f10x_gpio.o(.text)
    GPIO_EventOutputConfig                   0x08000993   Thumb Code    26  stm32f10x_gpio.o(.text)
    GPIO_EventOutputCmd                      0x080009ad   Thumb Code     6  stm32f10x_gpio.o(.text)
    GPIO_PinRemapConfig                      0x080009b3   Thumb Code   138  stm32f10x_gpio.o(.text)
    GPIO_EXTILineConfig                      0x08000a3d   Thumb Code    66  stm32f10x_gpio.o(.text)
    GPIO_ETH_MediaInterfaceConfig            0x08000a7f   Thumb Code     8  stm32f10x_gpio.o(.text)
    RCC_DeInit                               0x08000aad   Thumb Code    64  stm32f10x_rcc.o(.text)
    RCC_HSEConfig                            0x08000aed   Thumb Code    70  stm32f10x_rcc.o(.text)
    RCC_GetFlagStatus                        0x08000b33   Thumb Code    56  stm32f10x_rcc.o(.text)
    RCC_WaitForHSEStartUp                    0x08000b6b   Thumb Code    56  stm32f10x_rcc.o(.text)
    RCC_AdjustHSICalibrationValue            0x08000ba3   Thumb Code    20  stm32f10x_rcc.o(.text)
    RCC_HSICmd                               0x08000bb7   Thumb Code     6  stm32f10x_rcc.o(.text)
    RCC_PLLConfig                            0x08000bbd   Thumb Code    24  stm32f10x_rcc.o(.text)
    RCC_PLLCmd                               0x08000bd5   Thumb Code     6  stm32f10x_rcc.o(.text)
    RCC_SYSCLKConfig                         0x08000bdb   Thumb Code    18  stm32f10x_rcc.o(.text)
    RCC_GetSYSCLKSource                      0x08000bed   Thumb Code    10  stm32f10x_rcc.o(.text)
    RCC_HCLKConfig                           0x08000bf7   Thumb Code    18  stm32f10x_rcc.o(.text)
    RCC_PCLK1Config                          0x08000c09   Thumb Code    18  stm32f10x_rcc.o(.text)
    RCC_PCLK2Config                          0x08000c1b   Thumb Code    20  stm32f10x_rcc.o(.text)
    RCC_ITConfig                             0x08000c2f   Thumb Code    26  stm32f10x_rcc.o(.text)
    RCC_USBCLKConfig                         0x08000c49   Thumb Code     8  stm32f10x_rcc.o(.text)
    RCC_ADCCLKConfig                         0x08000c51   Thumb Code    18  stm32f10x_rcc.o(.text)
    RCC_LSEConfig                            0x08000c63   Thumb Code    50  stm32f10x_rcc.o(.text)
    RCC_LSICmd                               0x08000c95   Thumb Code     6  stm32f10x_rcc.o(.text)
    RCC_RTCCLKConfig                         0x08000c9b   Thumb Code    12  stm32f10x_rcc.o(.text)
    RCC_RTCCLKCmd                            0x08000ca7   Thumb Code     8  stm32f10x_rcc.o(.text)
    RCC_GetClocksFreq                        0x08000caf   Thumb Code   192  stm32f10x_rcc.o(.text)
    RCC_AHBPeriphClockCmd                    0x08000d6f   Thumb Code    26  stm32f10x_rcc.o(.text)
    RCC_APB2PeriphClockCmd                   0x08000d89   Thumb Code    26  stm32f10x_rcc.o(.text)
    RCC_APB1PeriphClockCmd                   0x08000da3   Thumb Code    26  stm32f10x_rcc.o(.text)
    RCC_APB2PeriphResetCmd                   0x08000dbd   Thumb Code    26  stm32f10x_rcc.o(.text)
    RCC_APB1PeriphResetCmd                   0x08000dd7   Thumb Code    26  stm32f10x_rcc.o(.text)
    RCC_BackupResetCmd                       0x08000df1   Thumb Code     8  stm32f10x_rcc.o(.text)
    RCC_ClockSecuritySystemCmd               0x08000df9   Thumb Code     6  stm32f10x_rcc.o(.text)
    RCC_MCOConfig                            0x08000dff   Thumb Code     6  stm32f10x_rcc.o(.text)
    RCC_ClearFlag                            0x08000e05   Thumb Code    14  stm32f10x_rcc.o(.text)
    RCC_GetITStatus                          0x08000e13   Thumb Code    20  stm32f10x_rcc.o(.text)
    RCC_ClearITPendingBit                    0x08000e27   Thumb Code     6  stm32f10x_rcc.o(.text)
    USART_DeInit                             0x08000e51   Thumb Code   134  stm32f10x_usart.o(.text)
    USART_Init                               0x08000ed7   Thumb Code   210  stm32f10x_usart.o(.text)
    USART_StructInit                         0x08000fa9   Thumb Code    24  stm32f10x_usart.o(.text)
    USART_ClockInit                          0x08000fc1   Thumb Code    34  stm32f10x_usart.o(.text)
    USART_ClockStructInit                    0x08000fe3   Thumb Code    12  stm32f10x_usart.o(.text)
    USART_Cmd                                0x08000fef   Thumb Code    24  stm32f10x_usart.o(.text)
    USART_ITConfig                           0x08001007   Thumb Code    74  stm32f10x_usart.o(.text)
    USART_DMACmd                             0x08001051   Thumb Code    18  stm32f10x_usart.o(.text)
    USART_SetAddress                         0x08001063   Thumb Code    18  stm32f10x_usart.o(.text)
    USART_WakeUpConfig                       0x08001075   Thumb Code    18  stm32f10x_usart.o(.text)
    USART_ReceiverWakeUpCmd                  0x08001087   Thumb Code    24  stm32f10x_usart.o(.text)
    USART_LINBreakDetectLengthConfig         0x0800109f   Thumb Code    18  stm32f10x_usart.o(.text)
    USART_LINCmd                             0x080010b1   Thumb Code    24  stm32f10x_usart.o(.text)
    USART_SendData                           0x080010c9   Thumb Code     8  stm32f10x_usart.o(.text)
    USART_ReceiveData                        0x080010d1   Thumb Code    10  stm32f10x_usart.o(.text)
    USART_SendBreak                          0x080010db   Thumb Code    10  stm32f10x_usart.o(.text)
    USART_SetGuardTime                       0x080010e5   Thumb Code    16  stm32f10x_usart.o(.text)
    USART_SetPrescaler                       0x080010f5   Thumb Code    16  stm32f10x_usart.o(.text)
    USART_SmartCardCmd                       0x08001105   Thumb Code    24  stm32f10x_usart.o(.text)
    USART_SmartCardNACKCmd                   0x0800111d   Thumb Code    24  stm32f10x_usart.o(.text)
    USART_HalfDuplexCmd                      0x08001135   Thumb Code    24  stm32f10x_usart.o(.text)
    USART_OverSampling8Cmd                   0x0800114d   Thumb Code    22  stm32f10x_usart.o(.text)
    USART_OneBitMethodCmd                    0x08001163   Thumb Code    24  stm32f10x_usart.o(.text)
    USART_IrDAConfig                         0x0800117b   Thumb Code    18  stm32f10x_usart.o(.text)
    USART_IrDACmd                            0x0800118d   Thumb Code    24  stm32f10x_usart.o(.text)
    USART_GetFlagStatus                      0x080011a5   Thumb Code    26  stm32f10x_usart.o(.text)
    USART_ClearFlag                          0x080011bf   Thumb Code    18  stm32f10x_usart.o(.text)
    USART_GetITStatus                        0x080011d1   Thumb Code    84  stm32f10x_usart.o(.text)
    USART_ClearITPendingBit                  0x08001225   Thumb Code    52  stm32f10x_usart.o(.text)
    FSMC_NORSRAMDeInit                       0x08001259   Thumb Code    54  stm32f10x_fsmc.o(.text)
    FSMC_NANDDeInit                          0x0800128f   Thumb Code    62  stm32f10x_fsmc.o(.text)
    FSMC_PCCARDDeInit                        0x080012cd   Thumb Code    36  stm32f10x_fsmc.o(.text)
    FSMC_NORSRAMInit                         0x080012f1   Thumb Code   230  stm32f10x_fsmc.o(.text)
    FSMC_NANDInit                            0x080013d7   Thumb Code   132  stm32f10x_fsmc.o(.text)
    FSMC_PCCARDInit                          0x0800145b   Thumb Code   130  stm32f10x_fsmc.o(.text)
    FSMC_NORSRAMStructInit                   0x080014dd   Thumb Code   114  stm32f10x_fsmc.o(.text)
    FSMC_NANDStructInit                      0x0800154f   Thumb Code    54  stm32f10x_fsmc.o(.text)
    FSMC_PCCARDStructInit                    0x08001585   Thumb Code    60  stm32f10x_fsmc.o(.text)
    FSMC_NORSRAMCmd                          0x080015c1   Thumb Code    46  stm32f10x_fsmc.o(.text)
    FSMC_NANDCmd                             0x080015ef   Thumb Code    86  stm32f10x_fsmc.o(.text)
    FSMC_PCCARDCmd                           0x08001645   Thumb Code    44  stm32f10x_fsmc.o(.text)
    FSMC_NANDECCCmd                          0x08001671   Thumb Code    90  stm32f10x_fsmc.o(.text)
    FSMC_GetECC                              0x080016cb   Thumb Code    24  stm32f10x_fsmc.o(.text)
    FSMC_ITConfig                            0x080016e3   Thumb Code   128  stm32f10x_fsmc.o(.text)
    FSMC_GetFlagStatus                       0x08001763   Thumb Code    54  stm32f10x_fsmc.o(.text)
    FSMC_ClearFlag                           0x08001799   Thumb Code    62  stm32f10x_fsmc.o(.text)
    FSMC_GetITStatus                         0x080017d7   Thumb Code    64  stm32f10x_fsmc.o(.text)
    FSMC_ClearITPendingBit                   0x08001817   Thumb Code    68  stm32f10x_fsmc.o(.text)
    LED_Init                                 0x08001865   Thumb Code    46  led.o(.text)
    TFTLCD_GPIO_Init                         0x08001899   Thumb Code    98  tftlcd.o(.text)
    TFTLCD_FSMC_Init                         0x080018fb   Thumb Code   124  tftlcd.o(.text)
    LCD_WriteCmd                             0x08001977   Thumb Code     6  tftlcd.o(.text)
    LCD_WriteData                            0x0800197d   Thumb Code     8  tftlcd.o(.text)
    LCD_WriteCmdData                         0x08001985   Thumb Code    20  tftlcd.o(.text)
    LCD_WriteData_Color                      0x08001999   Thumb Code     8  tftlcd.o(.text)
    LCD_ReadData                             0x080019a1   Thumb Code     8  tftlcd.o(.text)
    LCD_Display_Dir                          0x080019a9   Thumb Code    96  tftlcd.o(.text)
    LCD_Set_Window                           0x08001a09   Thumb Code   192  tftlcd.o(.text)
    LCD_Clear                                0x08001ac9   Thumb Code    68  tftlcd.o(.text)
    TFTLCD_Init                              0x08001b0d   Thumb Code   680  tftlcd.o(.text)
    LCD_Fill                                 0x08001db5   Thumb Code    96  tftlcd.o(.text)
    LCD_DrawPoint                            0x08001e15   Thumb Code    28  tftlcd.o(.text)
    LCD_DrawFRONT_COLOR                      0x08001e31   Thumb Code    28  tftlcd.o(.text)
    LCD_ReadPoint                            0x08001e4d   Thumb Code    78  tftlcd.o(.text)
    LCD_DrawLine                             0x08001e9b   Thumb Code   176  tftlcd.o(.text)
    LCD_DrawLine_Color                       0x08001f4b   Thumb Code   172  tftlcd.o(.text)
    LCD_DrowSign                             0x08001ff7   Thumb Code   132  tftlcd.o(.text)
    LCD_DrawRectangle                        0x0800207b   Thumb Code    60  tftlcd.o(.text)
    LCD_Draw_Circle                          0x080020b7   Thumb Code   152  tftlcd.o(.text)
    LCD_ShowChar                             0x0800214f   Thumb Code   298  tftlcd.o(.text)
    LCD_Pow                                  0x08002279   Thumb Code    22  tftlcd.o(.text)
    LCD_ShowNum                              0x0800228f   Thumb Code   148  tftlcd.o(.text)
    LCD_ShowxNum                             0x08002323   Thumb Code   190  tftlcd.o(.text)
    LCD_ShowString                           0x080023e1   Thumb Code   102  tftlcd.o(.text)
    LCD_ShowFontHZ                           0x08002447   Thumb Code   220  tftlcd.o(.text)
    LCD_ShowPicture                          0x08002523   Thumb Code    92  tftlcd.o(.text)
    USART3_Init                              0x08002591   Thumb Code   158  esp8266_drive.o(.text)
    USART3_IRQHandler                        0x0800262f   Thumb Code   134  esp8266_drive.o(.text)
    USART2_Init                              0x080026b5   Thumb Code   154  esp8266_drive.o(.text)
    USART2_IRQHandler                        0x0800274f   Thumb Code   134  esp8266_drive.o(.text)
    ESP8266_Init                             0x080027d5   Thumb Code    78  esp8266_drive.o(.text)
    ESP8266_Send_AT_Cmd                      0x08002823   Thumb Code   164  esp8266_drive.o(.text)
    ESP8266_Rst                              0x080028c7   Thumb Code    28  esp8266_drive.o(.text)
    ESP8266_AT_Test                          0x080028e3   Thumb Code    74  esp8266_drive.o(.text)
    ESP8266_Net_Mode_Choose                  0x0800292d   Thumb Code    68  esp8266_drive.o(.text)
    ESP8266_JoinAP                           0x08002971   Thumb Code    38  esp8266_drive.o(.text)
    ESP8266_Enable_MultipleId                0x08002997   Thumb Code   202  esp8266_drive.o(.text)
    ESP8266_Link_Server                      0x08002a61   Thumb Code   112  esp8266_drive.o(.text)
    ESP8266_UnvarnishSend                    0x08002ad1   Thumb Code    42  esp8266_drive.o(.text)
    ESP8266_SendString                       0x08002afb   Thumb Code   102  esp8266_drive.o(.text)
    ESP8266_ExitUnvarnishSend                0x08002b61   Thumb Code    28  esp8266_drive.o(.text)
    ESP8266_Get_LinkStatus                   0x08002b7d   Thumb Code    66  esp8266_drive.o(.text)
    USART_printf                             0x08002d0f   Thumb Code   262  esp8266_public.o(.text)
    ESP8266_STA_TCPClient_Test               0x08002e15   Thumb Code   220  sta_tcpclent_test.o(.text)
    Systick_Init                             0x08002fc5   Thumb Code    52  systick.o(.text)
    delay_us                                 0x08002ff9   Thumb Code     2  systick.o(.text)
    delay_ms                                 0x08002ffb   Thumb Code    78  systick.o(.text)
    fputc                                    0x08003051   Thumb Code    32  usart.o(.text)
    USART1_Init                              0x08003071   Thumb Code   174  usart.o(.text)
    USART1_IRQHandler                        0x0800311f   Thumb Code    54  usart.o(.text)
    BSP_Init                                 0x0800315d   Thumb Code     2  bsp.o(.text)
    BSP_CPU_ClkFreq                          0x0800315f   Thumb Code    16  bsp.o(.text)
    CPU_TS_TmrInit                           0x0800316f   Thumb Code    44  bsp.o(.text)
    CPU_TS_TmrRd                             0x0800319b   Thumb Code     6  bsp.o(.text)
    ASCII_IsAlpha                            0x080031a9   Thumb Code    48  lib_ascii.o(.text)
    ASCII_IsAlphaNum                         0x080031d9   Thumb Code    76  lib_ascii.o(.text)
    ASCII_IsLower                            0x08003225   Thumb Code    20  lib_ascii.o(.text)
    ASCII_IsUpper                            0x08003239   Thumb Code    20  lib_ascii.o(.text)
    ASCII_IsDig                              0x0800324d   Thumb Code    20  lib_ascii.o(.text)
    ASCII_IsDigOct                           0x08003261   Thumb Code    20  lib_ascii.o(.text)
    ASCII_IsDigHex                           0x08003275   Thumb Code    36  lib_ascii.o(.text)
    ASCII_IsBlank                            0x08003299   Thumb Code    20  lib_ascii.o(.text)
    ASCII_IsSpace                            0x080032ad   Thumb Code    36  lib_ascii.o(.text)
    ASCII_IsPrint                            0x080032d1   Thumb Code    20  lib_ascii.o(.text)
    ASCII_IsGraph                            0x080032e5   Thumb Code    20  lib_ascii.o(.text)
    ASCII_IsPunct                            0x080032f9   Thumb Code   134  lib_ascii.o(.text)
    ASCII_IsCtrl                             0x0800337f   Thumb Code    26  lib_ascii.o(.text)
    ASCII_ToLower                            0x08003399   Thumb Code    32  lib_ascii.o(.text)
    ASCII_ToUpper                            0x080033b9   Thumb Code    32  lib_ascii.o(.text)
    ASCII_Cmp                                0x080033d9   Thumb Code    38  lib_ascii.o(.text)
    Mem_Init                                 0x08003401   Thumb Code    54  lib_mem.o(.text)
    Mem_Set                                  0x08003437   Thumb Code    98  lib_mem.o(.text)
    Mem_Clr                                  0x08003499   Thumb Code    18  lib_mem.o(.text)
    Mem_Move                                 0x080034ab   Thumb Code   204  lib_mem.o(.text)
    Mem_Cmp                                  0x08003577   Thumb Code   192  lib_mem.o(.text)
    Mem_HeapAlloc                            0x0800372b   Thumb Code   274  lib_mem.o(.text)
    Mem_SegGetSizeRem                        0x0800383d   Thumb Code   226  lib_mem.o(.text)
    Mem_HeapGetSizeRem                       0x0800391f   Thumb Code    22  lib_mem.o(.text)
    Mem_PoolClr                              0x08003935   Thumb Code    78  lib_mem.o(.text)
    Mem_PoolCreate                           0x08003983   Thumb Code  1132  lib_mem.o(.text)
    Mem_PoolBlkGetNbrAvail                   0x08003def   Thumb Code   140  lib_mem.o(.text)
    Mem_PoolBlkGet                           0x08003e7b   Thumb Code   248  lib_mem.o(.text)
    Mem_PoolBlkGetUsedAtIx                   0x08003f73   Thumb Code   236  lib_mem.o(.text)
    Mem_PoolBlkFree                          0x080040c5   Thumb Code   366  lib_mem.o(.text)
    Mem_PoolBlkIxGet                         0x08004233   Thumb Code   342  lib_mem.o(.text)
    Str_Len_N                                0x0800438d   Thumb Code    28  lib_str.o(.text)
    Str_Len                                  0x080043a9   Thumb Code    20  lib_str.o(.text)
    Str_Copy_N                               0x080043bd   Thumb Code    70  lib_str.o(.text)
    Str_Copy                                 0x08004403   Thumb Code    24  lib_str.o(.text)
    Str_Cat_N                                0x0800441b   Thumb Code    90  lib_str.o(.text)
    Str_Cat                                  0x08004475   Thumb Code    24  lib_str.o(.text)
    Str_Cmp_N                                0x0800448d   Thumb Code   156  lib_str.o(.text)
    Str_Cmp                                  0x08004529   Thumb Code    24  lib_str.o(.text)
    Str_CmpIgnoreCase_N                      0x08004541   Thumb Code   264  lib_str.o(.text)
    Str_CmpIgnoreCase                        0x08004649   Thumb Code    24  lib_str.o(.text)
    Str_Char_N                               0x08004661   Thumb Code    74  lib_str.o(.text)
    Str_Char                                 0x080046ab   Thumb Code    24  lib_str.o(.text)
    Str_Char_Last_N                          0x080046c3   Thumb Code    76  lib_str.o(.text)
    Str_Char_Last                            0x0800470f   Thumb Code    24  lib_str.o(.text)
    Str_Char_Replace_N                       0x08004727   Thumb Code    52  lib_str.o(.text)
    Str_Char_Replace                         0x0800475b   Thumb Code    28  lib_str.o(.text)
    Str_Str_N                                0x08004777   Thumb Code   182  lib_str.o(.text)
    Str_Str                                  0x0800482d   Thumb Code    24  lib_str.o(.text)
    Str_FmtNbr_Int32U                        0x08004a1f   Thumb Code    46  lib_str.o(.text)
    Str_FmtNbr_Int32S                        0x08004a4d   Thumb Code    62  lib_str.o(.text)
    Str_ParseNbr_Int32U                      0x08004c49   Thumb Code    30  lib_str.o(.text)
    Str_ParseNbr_Int32S                      0x08004c67   Thumb Code    74  lib_str.o(.text)
    Mem_Copy                                 0x08004cb5   Thumb Code     0  lib_mem_a.o(.text)
    CPU_IntDisMeasStop                       0x08004ed5   Thumb Code    62  cpu_core.o(.text)
    CPU_IntDisMeasStart                      0x08004f13   Thumb Code    38  cpu_core.o(.text)
    CPU_NameClr                              0x08004f39   Thumb Code    50  cpu_core.o(.text)
    CPU_Init                                 0x08004fe9   Thumb Code    16  cpu_core.o(.text)
    CPU_SW_Exception                         0x08004ff9   Thumb Code     4  cpu_core.o(.text)
    CPU_NameGet                              0x08004ffd   Thumb Code    78  cpu_core.o(.text)
    CPU_NameSet                              0x0800504b   Thumb Code   104  cpu_core.o(.text)
    CPU_TS_Get32                             0x080050b3   Thumb Code    12  cpu_core.o(.text)
    CPU_TS_Update                            0x080050bf   Thumb Code     2  cpu_core.o(.text)
    CPU_TS_TmrFreqGet                        0x080050c1   Thumb Code    30  cpu_core.o(.text)
    CPU_TS_TmrFreqSet                        0x080050df   Thumb Code     6  cpu_core.o(.text)
    CPU_IntDisMeasMaxCurGet                  0x080050fd   Thumb Code    40  cpu_core.o(.text)
    CPU_IntDisMeasMaxCurReset                0x08005125   Thumb Code    40  cpu_core.o(.text)
    CPU_IntDisMeasMaxGet                     0x0800514d   Thumb Code    40  cpu_core.o(.text)
    CPU_CntLeadZeros08                       0x08005175   Thumb Code    18  cpu_core.o(.text)
    CPU_CntLeadZeros16                       0x08005187   Thumb Code    18  cpu_core.o(.text)
    CPU_CntLeadZeros32                       0x08005199   Thumb Code    18  cpu_core.o(.text)
    CPU_CntLeadZeros64                       0x080051ab   Thumb Code   188  cpu_core.o(.text)
    CPU_CntTrailZeros08                      0x08005267   Thumb Code    22  cpu_core.o(.text)
    CPU_CntTrailZeros16                      0x0800527d   Thumb Code    22  cpu_core.o(.text)
    CPU_CntTrailZeros32                      0x08005293   Thumb Code    22  cpu_core.o(.text)
    CPU_CntTrailZeros64                      0x080052a9   Thumb Code   104  cpu_core.o(.text)
    CPU_IntDis                               0x08005311   Thumb Code     0  cpu_a.o(.text)
    CPU_IntEn                                0x08005315   Thumb Code     0  cpu_a.o(.text)
    CPU_SR_Save                              0x08005319   Thumb Code     0  cpu_a.o(.text)
    CPU_SR_Restore                           0x08005321   Thumb Code     0  cpu_a.o(.text)
    CPU_WaitForInt                           0x08005327   Thumb Code     0  cpu_a.o(.text)
    CPU_WaitForExcept                        0x0800532b   Thumb Code     0  cpu_a.o(.text)
    CPU_CntLeadZeros                         0x0800532f   Thumb Code     0  cpu_a.o(.text)
    CPU_CntTrailZeros                        0x08005335   Thumb Code     0  cpu_a.o(.text)
    CPU_RevBits                              0x0800533f   Thumb Code     0  cpu_a.o(.text)
    OSCfg_Init                               0x08005345   Thumb Code     2  os_cfg_app.o(.text)
    OS_IdleTask                              0x08005349   Thumb Code    68  os_core.o(.text)
    OS_IdleTaskInit                          0x0800538d   Thumb Code    68  os_core.o(.text)
    OS_RdyListInit                           0x080053d1   Thumb Code    32  os_core.o(.text)
    OSInit                                   0x080053f1   Thumb Code   300  os_core.o(.text)
    OSIntEnter                               0x0800551d   Thumb Code    34  os_core.o(.text)
    OSIntExit                                0x0800553f   Thumb Code   192  os_core.o(.text)
    OSSched                                  0x080055ff   Thumb Code   134  os_core.o(.text)
    OS_SchedLockTimeMeasStart                0x08005685   Thumb Code    20  os_core.o(.text)
    OSSchedLock                              0x08005699   Thumb Code   112  os_core.o(.text)
    OS_SchedLockTimeMeasStop                 0x08005709   Thumb Code    44  os_core.o(.text)
    OSSchedUnlock                            0x08005735   Thumb Code   302  os_core.o(.text)
    OSSchedRoundRobinCfg                     0x08005863   Thumb Code    96  os_core.o(.text)
    OS_RdyListMoveHeadToTail                 0x080058c3   Thumb Code    68  os_core.o(.text)
    OSSchedRoundRobinYield                   0x08005907   Thumb Code   176  os_core.o(.text)
    OSStart                                  0x080059b7   Thumb Code    78  os_core.o(.text)
    OSVersion                                0x08005a05   Thumb Code    12  os_core.o(.text)
    OS_PendDbgNameAdd                        0x08005a11   Thumb Code    66  os_core.o(.text)
    OS_PendListInsertPrio                    0x08005a53   Thumb Code   102  os_core.o(.text)
    OS_PendDataInit                          0x08005ab9   Thumb Code    38  os_core.o(.text)
    OS_RdyListRemove                         0x08005adf   Thumb Code    86  os_core.o(.text)
    OS_TaskBlock                             0x08005b35   Thumb Code    56  os_core.o(.text)
    OS_Pend                                  0x08005b6d   Thumb Code   168  os_core.o(.text)
    OS_PendListRemove1                       0x08005c15   Thumb Code    66  os_core.o(.text)
    OS_PendListRemove                        0x08005c57   Thumb Code    48  os_core.o(.text)
    OS_PendAbort1                            0x08005c87   Thumb Code    36  os_core.o(.text)
    OS_RdyListInsertHead                     0x08005cab   Thumb Code    58  os_core.o(.text)
    OS_RdyListInsertTail                     0x08005ce5   Thumb Code    56  os_core.o(.text)
    OS_RdyListInsert                         0x08005d1d   Thumb Code    40  os_core.o(.text)
    OS_TaskRdy                               0x08005d45   Thumb Code    28  os_core.o(.text)
    OS_PendAbort                             0x08005d61   Thumb Code   166  os_core.o(.text)
    OS_PendDbgNameRemove                     0x08005e07   Thumb Code    34  os_core.o(.text)
    OS_PendListChangePrio                    0x08005e29   Thumb Code    70  os_core.o(.text)
    OS_PendListInit                          0x08005e6f   Thumb Code    10  os_core.o(.text)
    OS_PendListInsertHead                    0x08005e79   Thumb Code    32  os_core.o(.text)
    OS_PendObjDel1                           0x08005e99   Thumb Code    36  os_core.o(.text)
    OS_PendObjDel                            0x08005ebd   Thumb Code   162  os_core.o(.text)
    OS_Post1                                 0x08005f5f   Thumb Code    42  os_core.o(.text)
    OS_Post                                  0x08005f89   Thumb Code   192  os_core.o(.text)
    OS_Sched0                                0x08006049   Thumb Code   100  os_core.o(.text)
    OS_SchedRoundRobin                       0x080060ad   Thumb Code   218  os_core.o(.text)
    OS_Dbg_Init                              0x08006199   Thumb Code   150  os_dbg.o(.text)
    OS_FlagDbgListAdd                        0x0800634d   Thumb Code    38  os_flag.o(.text)
    OSFlagCreate                             0x08006373   Thumb Code   210  os_flag.o(.text)
    OS_FlagClr                               0x08006445   Thumb Code    28  os_flag.o(.text)
    OS_FlagDbgListRemove                     0x08006461   Thumb Code    44  os_flag.o(.text)
    OSFlagDel                                0x0800648d   Thumb Code   732  os_flag.o(.text)
    OS_FlagBlock                             0x08006769   Thumb Code    58  os_flag.o(.text)
    OSFlagPend                               0x080067a3   Thumb Code  1670  os_flag.o(.text)
    OSFlagPendAbort                          0x08006e29   Thumb Code   334  os_flag.o(.text)
    OSFlagPendGetFlagsRdy                    0x08006f77   Thumb Code    94  os_flag.o(.text)
    OS_FlagTaskRdy                           0x08006fd5   Thumb Code    86  os_flag.o(.text)
    OS_FlagPost                              0x0800702b   Thumb Code   626  os_flag.o(.text)
    OSFlagPost                               0x0800729d   Thumb Code   146  os_flag.o(.text)
    OS_FlagInit                              0x0800732f   Thumb Code    14  os_flag.o(.text)
    OS_IntQPost                              0x08007359   Thumb Code   224  os_int.o(.text)
    OS_IntQRePost                            0x08007439   Thumb Code   360  os_int.o(.text)
    OS_IntQTask                              0x080075a1   Thumb Code   182  os_int.o(.text)
    OS_IntQTaskInit                          0x08007657   Thumb Code   208  os_int.o(.text)
    OS_MemDbgListAdd                         0x080077b9   Thumb Code    34  os_mem.o(.text)
    OSMemCreate                              0x080077db   Thumb Code   326  os_mem.o(.text)
    OSMemGet                                 0x08007921   Thumb Code   112  os_mem.o(.text)
    OSMemPut                                 0x08007991   Thumb Code   124  os_mem.o(.text)
    OS_MemInit                               0x08007a0d   Thumb Code    14  os_mem.o(.text)
    OS_MsgPoolInit                           0x08007a31   Thumb Code   110  os_msg.o(.text)
    OS_MsgQFreeAll                           0x08007a9f   Thumb Code    62  os_msg.o(.text)
    OS_MsgQInit                              0x08007add   Thumb Code    14  os_msg.o(.text)
    OS_MsgQGet                               0x08007aeb   Thumb Code    98  os_msg.o(.text)
    OS_MsgQPut                               0x08007b4d   Thumb Code   254  os_msg.o(.text)
    OS_MutexDbgListAdd                       0x08007c59   Thumb Code    38  os_mutex.o(.text)
    OSMutexCreate                            0x08007c7f   Thumb Code   216  os_mutex.o(.text)
    OS_MutexClr                              0x08007d57   Thumb Code    38  os_mutex.o(.text)
    OS_MutexDbgListRemove                    0x08007d7d   Thumb Code    44  os_mutex.o(.text)
    OSMutexDel                               0x08007da9   Thumb Code   960  os_mutex.o(.text)
    OSMutexPend                              0x08008169   Thumb Code   812  os_mutex.o(.text)
    OSMutexPendAbort                         0x08008495   Thumb Code   334  os_mutex.o(.text)
    OSMutexPost                              0x080085e3   Thumb Code   646  os_mutex.o(.text)
    OS_MutexInit                             0x08008869   Thumb Code    14  os_mutex.o(.text)
    OS_PrioInit                              0x08008899   Thumb Code    20  os_prio.o(.text)
    OS_PrioGetHighest                        0x080088ad   Thumb Code    36  os_prio.o(.text)
    OS_PrioInsert                            0x080088d1   Thumb Code    32  os_prio.o(.text)
    OS_PrioRemove                            0x080088f1   Thumb Code    32  os_prio.o(.text)
    OS_QDbgListAdd                           0x08008915   Thumb Code    38  os_q.o(.text)
    OSQCreate                                0x0800893b   Thumb Code   224  os_q.o(.text)
    OS_QClr                                  0x08008a1b   Thumb Code    40  os_q.o(.text)
    OS_QDbgListRemove                        0x08008a43   Thumb Code    44  os_q.o(.text)
    OSQDel                                   0x08008a6f   Thumb Code   414  os_q.o(.text)
    OSQFlush                                 0x08008c0d   Thumb Code   288  os_q.o(.text)
    OSQPend                                  0x08008d2d   Thumb Code   560  os_q.o(.text)
    OSQPendAbort                             0x08008f5d   Thumb Code   334  os_q.o(.text)
    OS_QPost                                 0x080090ab   Thumb Code   402  os_q.o(.text)
    OSQPost                                  0x0800923d   Thumb Code   176  os_q.o(.text)
    OS_QInit                                 0x080092ed   Thumb Code    14  os_q.o(.text)
    OS_SemDbgListAdd                         0x08009315   Thumb Code    38  os_sem.o(.text)
    OSSemCreate                              0x0800933b   Thumb Code   210  os_sem.o(.text)
    OS_SemClr                                0x0800940d   Thumb Code    28  os_sem.o(.text)
    OS_SemDbgListRemove                      0x08009429   Thumb Code    44  os_sem.o(.text)
    OSSemDel                                 0x08009455   Thumb Code   414  os_sem.o(.text)
    OSSemPend                                0x080095f3   Thumb Code   562  os_sem.o(.text)
    OSSemPendAbort                           0x08009825   Thumb Code   334  os_sem.o(.text)
    OS_SemPost                               0x08009973   Thumb Code   404  os_sem.o(.text)
    OSSemPost                                0x08009b07   Thumb Code   162  os_sem.o(.text)
    OSSemSet                                 0x08009ba9   Thumb Code   128  os_sem.o(.text)
    OS_SemInit                               0x08009c29   Thumb Code    14  os_sem.o(.text)
    OSStatReset                              0x08009c49   Thumb Code   316  os_stat.o(.text)
    OSStatTaskCPUUsageInit                   0x08009d85   Thumb Code   228  os_stat.o(.text)
    OS_StatTask                              0x08009e69   Thumb Code   984  os_stat.o(.text)
    OS_StatTaskInit                          0x0800a241   Thumb Code   138  os_stat.o(.text)
    OSTaskChangePrio                         0x0800a325   Thumb Code   482  os_task.o(.text)
    OS_TaskDbgListAdd                        0x0800a507   Thumb Code    42  os_task.o(.text)
    OS_TaskInitTCB                           0x0800a531   Thumb Code   194  os_task.o(.text)
    OSTaskCreate                             0x0800a5f3   Thumb Code   674  os_task.o(.text)
    OS_TaskDbgListRemove                     0x0800a895   Thumb Code    64  os_task.o(.text)
    OSTaskDel                                0x0800a8d5   Thumb Code   490  os_task.o(.text)
    OSTaskQFlush                             0x0800aabf   Thumb Code   302  os_task.o(.text)
    OSTaskQPend                              0x0800abed   Thumb Code   572  os_task.o(.text)
    OSTaskQPendAbort                         0x0800ae29   Thumb Code   288  os_task.o(.text)
    OS_TaskQPost                             0x0800af49   Thumb Code   624  os_task.o(.text)
    OSTaskQPost                              0x0800b1b9   Thumb Code   114  os_task.o(.text)
    OSTaskRegGet                             0x0800b22b   Thumb Code    86  os_task.o(.text)
    OSTaskRegGetID                           0x0800b281   Thumb Code    96  os_task.o(.text)
    OSTaskRegSet                             0x0800b2e1   Thumb Code    86  os_task.o(.text)
    OS_TaskResume                            0x0800b337   Thumb Code   398  os_task.o(.text)
    OSTaskResume                             0x0800b4c5   Thumb Code   124  os_task.o(.text)
    OSTaskSemPend                            0x0800b541   Thumb Code   578  os_task.o(.text)
    OSTaskSemPendAbort                       0x0800b783   Thumb Code   342  os_task.o(.text)
    OS_TaskSemPost                           0x0800b8d9   Thumb Code  1438  os_task.o(.text)
    OSTaskSemPost                            0x0800be77   Thumb Code    98  os_task.o(.text)
    OSTaskSemSet                             0x0800bed9   Thumb Code    88  os_task.o(.text)
    OSTaskStkChk                             0x0800bf31   Thumb Code   220  os_task.o(.text)
    OS_TaskSuspend                           0x0800c00d   Thumb Code   414  os_task.o(.text)
    OSTaskSuspend                            0x0800c1ab   Thumb Code    78  os_task.o(.text)
    OSTaskTimeQuantaSet                      0x0800c1f9   Thumb Code   104  os_task.o(.text)
    OS_TaskInit                              0x0800c261   Thumb Code    18  os_task.o(.text)
    OS_TaskReturn                            0x0800c273   Thumb Code    20  os_task.o(.text)
    OS_TickListRemove                        0x0800c2ad   Thumb Code    56  os_tick.o(.text)
    OS_TickListUpdate                        0x0800c2e5   Thumb Code   520  os_tick.o(.text)
    OS_TickTask                              0x0800c4ed   Thumb Code    38  os_tick.o(.text)
    OS_TickListInit                          0x0800c513   Thumb Code    32  os_tick.o(.text)
    OS_TickTaskInit                          0x0800c533   Thumb Code   130  os_tick.o(.text)
    OS_TickListInsert                        0x0800c5b5   Thumb Code   502  os_tick.o(.text)
    OS_TickListResetPeak                     0x0800c7ab   Thumb Code    28  os_tick.o(.text)
    OSTimeDly                                0x0800c7d1   Thumb Code   322  os_time.o(.text)
    OSTimeDlyHMSM                            0x0800c913   Thumb Code   538  os_time.o(.text)
    OSTimeDlyResume                          0x0800cb2d   Thumb Code   570  os_time.o(.text)
    OSTimeGet                                0x0800cd67   Thumb Code    54  os_time.o(.text)
    OSTimeSet                                0x0800cd9d   Thumb Code    54  os_time.o(.text)
    OSTimeTick                               0x0800cdd3   Thumb Code    54  os_time.o(.text)
    OS_TmrDbgListAdd                         0x0800ce1d   Thumb Code    34  os_tmr.o(.text)
    OSTmrCreate                              0x0800ce3f   Thumb Code   286  os_tmr.o(.text)
    OS_TmrClr                                0x0800cf5d   Thumb Code    36  os_tmr.o(.text)
    OS_TmrUnlink                             0x0800cf81   Thumb Code    72  os_tmr.o(.text)
    OS_TmrDbgListRemove                      0x0800cfc9   Thumb Code    44  os_tmr.o(.text)
    OSTmrDel                                 0x0800cff5   Thumb Code   182  os_tmr.o(.text)
    OSTmrRemainGet                           0x0800d0ab   Thumb Code   188  os_tmr.o(.text)
    OS_TmrLink                               0x0800d167   Thumb Code   242  os_tmr.o(.text)
    OSTmrStart                               0x0800d259   Thumb Code   170  os_tmr.o(.text)
    OSTmrStateGet                            0x0800d303   Thumb Code   142  os_tmr.o(.text)
    OSTmrStop                                0x0800d391   Thumb Code   246  os_tmr.o(.text)
    OS_TmrTask                               0x0800d487   Thumb Code   176  os_tmr.o(.text)
    OS_TmrInit                               0x0800d537   Thumb Code   208  os_tmr.o(.text)
    OS_TmrResetPeak                          0x0800d607   Thumb Code    28  os_tmr.o(.text)
    OSIdleTaskHook                           0x0800d681   Thumb Code    16  os_cpu_c.o(.text)
    OSInitHook                               0x0800d691   Thumb Code    42  os_cpu_c.o(.text)
    OSStatTaskHook                           0x0800d6bb   Thumb Code    16  os_cpu_c.o(.text)
    OSTaskCreateHook                         0x0800d6cb   Thumb Code    20  os_cpu_c.o(.text)
    OSTaskDelHook                            0x0800d6df   Thumb Code    20  os_cpu_c.o(.text)
    OSTaskReturnHook                         0x0800d6f3   Thumb Code    20  os_cpu_c.o(.text)
    OSTaskStkInit                            0x0800d707   Thumb Code   188  os_cpu_c.o(.text)
    OSTaskSwHook                             0x0800d7c3   Thumb Code   146  os_cpu_c.o(.text)
    OSTimeTickHook                           0x0800d855   Thumb Code    16  os_cpu_c.o(.text)
    OS_CPU_SysTickHandler                    0x0800d865   Thumb Code    60  os_cpu_c.o(.text)
    OS_CPU_SysTickInit                       0x0800d8a1   Thumb Code    44  os_cpu_c.o(.text)
    __aeabi_memset                           0x0800d90d   Thumb Code    14  memseta.o(.text)
    __aeabi_memset4                          0x0800d90d   Thumb Code     0  memseta.o(.text)
    __aeabi_memset8                          0x0800d90d   Thumb Code     0  memseta.o(.text)
    __aeabi_memclr                           0x0800d91b   Thumb Code     4  memseta.o(.text)
    __aeabi_memclr4                          0x0800d91b   Thumb Code     0  memseta.o(.text)
    __aeabi_memclr8                          0x0800d91b   Thumb Code     0  memseta.o(.text)
    _memset$wrapper                          0x0800d91f   Thumb Code    18  memseta.o(.text)
    strstr                                   0x0800d931   Thumb Code    36  strstr.o(.text)
    __aeabi_uidiv                            0x0800d955   Thumb Code     0  uidiv.o(.text)
    __aeabi_uidivmod                         0x0800d955   Thumb Code    44  uidiv.o(.text)
    __scatterload                            0x0800d981   Thumb Code    28  init.o(.text)
    __scatterload_rt2                        0x0800d981   Thumb Code     0  init.o(.text)
    __decompress                             0x0800d9a5   Thumb Code     0  __dczerorl2.o(.text)
    __decompress1                            0x0800d9a5   Thumb Code    86  __dczerorl2.o(.text)
    OSStartHighRdy                           0x0800d9fd   Thumb Code     0  os_cpu_a.o(CODE)
    OS_CPU_PendSVHandler                     0x0800da1f   Thumb Code     0  os_cpu_a.o(CODE)
    __0printf$3                              0x0800da81   Thumb Code    22  printf3.o(i.__0printf$3)
    __1printf$3                              0x0800da81   Thumb Code     0  printf3.o(i.__0printf$3)
    __2printf                                0x0800da81   Thumb Code     0  printf3.o(i.__0printf$3)
    __0sprintf$3                             0x0800daa1   Thumb Code    34  printf3.o(i.__0sprintf$3)
    __1sprintf$3                             0x0800daa1   Thumb Code     0  printf3.o(i.__0sprintf$3)
    __2sprintf                               0x0800daa1   Thumb Code     0  printf3.o(i.__0sprintf$3)
    __scatterload_copy                       0x0800dac9   Thumb Code    14  handlers.o(i.__scatterload_copy)
    __scatterload_null                       0x0800dad7   Thumb Code     2  handlers.o(i.__scatterload_null)
    __scatterload_zeroinit                   0x0800dad9   Thumb Code    14  handlers.o(i.__scatterload_zeroinit)
    ascii_1206                               0x0800dcaa   Data        1140  tftlcd.o(.constdata)
    ascii_1608                               0x0800e11e   Data        1520  tftlcd.o(.constdata)
    ascii_2412                               0x0800e70e   Data        3420  tftlcd.o(.constdata)
    CnChar32x29                              0x0800f46a   Data        1062  tftlcd.o(.constdata)
    OSCfg_IdleTaskStkBasePtr                 0x0800fa24   Data           4  os_cfg_app.o(.constdata)
    OSCfg_IdleTaskStkLimit                   0x0800fa28   Data           4  os_cfg_app.o(.constdata)
    OSCfg_IdleTaskStkSize                    0x0800fa2c   Data           4  os_cfg_app.o(.constdata)
    OSCfg_IdleTaskStkSizeRAM                 0x0800fa30   Data           4  os_cfg_app.o(.constdata)
    OSCfg_IntQBasePtr                        0x0800fa34   Data           4  os_cfg_app.o(.constdata)
    OSCfg_IntQSize                           0x0800fa38   Data           2  os_cfg_app.o(.constdata)
    OSCfg_IntQSizeRAM                        0x0800fa3c   Data           4  os_cfg_app.o(.constdata)
    OSCfg_IntQTaskStkBasePtr                 0x0800fa40   Data           4  os_cfg_app.o(.constdata)
    OSCfg_IntQTaskStkLimit                   0x0800fa44   Data           4  os_cfg_app.o(.constdata)
    OSCfg_IntQTaskStkSize                    0x0800fa48   Data           4  os_cfg_app.o(.constdata)
    OSCfg_IntQTaskStkSizeRAM                 0x0800fa4c   Data           4  os_cfg_app.o(.constdata)
    OSCfg_ISRStkBasePtr                      0x0800fa50   Data           4  os_cfg_app.o(.constdata)
    OSCfg_ISRStkSize                         0x0800fa54   Data           4  os_cfg_app.o(.constdata)
    OSCfg_ISRStkSizeRAM                      0x0800fa58   Data           4  os_cfg_app.o(.constdata)
    OSCfg_MsgPoolSize                        0x0800fa5c   Data           2  os_cfg_app.o(.constdata)
    OSCfg_MsgPoolSizeRAM                     0x0800fa60   Data           4  os_cfg_app.o(.constdata)
    OSCfg_MsgPoolBasePtr                     0x0800fa64   Data           4  os_cfg_app.o(.constdata)
    OSCfg_StatTaskPrio                       0x0800fa68   Data           1  os_cfg_app.o(.constdata)
    OSCfg_StatTaskRate_Hz                    0x0800fa6c   Data           4  os_cfg_app.o(.constdata)
    OSCfg_StatTaskStkBasePtr                 0x0800fa70   Data           4  os_cfg_app.o(.constdata)
    OSCfg_StatTaskStkLimit                   0x0800fa74   Data           4  os_cfg_app.o(.constdata)
    OSCfg_StatTaskStkSize                    0x0800fa78   Data           4  os_cfg_app.o(.constdata)
    OSCfg_StatTaskStkSizeRAM                 0x0800fa7c   Data           4  os_cfg_app.o(.constdata)
    OSCfg_StkSizeMin                         0x0800fa80   Data           4  os_cfg_app.o(.constdata)
    OSCfg_TickRate_Hz                        0x0800fa84   Data           4  os_cfg_app.o(.constdata)
    OSCfg_TickTaskPrio                       0x0800fa88   Data           1  os_cfg_app.o(.constdata)
    OSCfg_TickTaskStkBasePtr                 0x0800fa8c   Data           4  os_cfg_app.o(.constdata)
    OSCfg_TickTaskStkLimit                   0x0800fa90   Data           4  os_cfg_app.o(.constdata)
    OSCfg_TickTaskStkSize                    0x0800fa94   Data           4  os_cfg_app.o(.constdata)
    OSCfg_TickTaskStkSizeRAM                 0x0800fa98   Data           4  os_cfg_app.o(.constdata)
    OSCfg_TickWheelSize                      0x0800fa9c   Data           2  os_cfg_app.o(.constdata)
    OSCfg_TickWheelSizeRAM                   0x0800faa0   Data           4  os_cfg_app.o(.constdata)
    OSCfg_TmrTaskPrio                        0x0800faa4   Data           1  os_cfg_app.o(.constdata)
    OSCfg_TmrTaskRate_Hz                     0x0800faa8   Data           4  os_cfg_app.o(.constdata)
    OSCfg_TmrTaskStkBasePtr                  0x0800faac   Data           4  os_cfg_app.o(.constdata)
    OSCfg_TmrTaskStkLimit                    0x0800fab0   Data           4  os_cfg_app.o(.constdata)
    OSCfg_TmrTaskStkSize                     0x0800fab4   Data           4  os_cfg_app.o(.constdata)
    OSCfg_TmrTaskStkSizeRAM                  0x0800fab8   Data           4  os_cfg_app.o(.constdata)
    OSCfg_TmrWheelSize                       0x0800fabc   Data           2  os_cfg_app.o(.constdata)
    OSCfg_TmrWheelSizeRAM                    0x0800fac0   Data           4  os_cfg_app.o(.constdata)
    OSCfg_DataSizeRAM                        0x0800fac4   Data           4  os_cfg_app.o(.constdata)
    OSDbg_DbgEn                              0x0800fac8   Data           1  os_dbg.o(.constdata)
    OSDbg_ArgChkEn                           0x0800fac9   Data           1  os_dbg.o(.constdata)
    OSDbg_AppHooksEn                         0x0800faca   Data           1  os_dbg.o(.constdata)
    OSDbg_EndiannessTest                     0x0800facc   Data           4  os_dbg.o(.constdata)
    OSDbg_CalledFromISRChkEn                 0x0800fad0   Data           1  os_dbg.o(.constdata)
    OSDbg_FlagEn                             0x0800fad1   Data           1  os_dbg.o(.constdata)
    OSDbg_FlagGrp                            0x0800fad4   Data          40  os_dbg.o(.constdata)
    OSDbg_FlagDelEn                          0x0800fafc   Data           1  os_dbg.o(.constdata)
    OSDbg_FlagModeClrEn                      0x0800fafd   Data           1  os_dbg.o(.constdata)
    OSDbg_FlagPendAbortEn                    0x0800fafe   Data           1  os_dbg.o(.constdata)
    OSDbg_FlagGrpSize                        0x0800fb00   Data           2  os_dbg.o(.constdata)
    OSDbg_FlagWidth                          0x0800fb02   Data           2  os_dbg.o(.constdata)
    OSDbg_IntQ                               0x0800fb04   Data           2  os_dbg.o(.constdata)
    OSDbg_ISRPostDeferredEn                  0x0800fb06   Data           1  os_dbg.o(.constdata)
    OSDbg_Mem                                0x0800fb08   Data          32  os_dbg.o(.constdata)
    OSDbg_MemEn                              0x0800fb28   Data           1  os_dbg.o(.constdata)
    OSDbg_MemSize                            0x0800fb2a   Data           2  os_dbg.o(.constdata)
    OSDbg_MsgEn                              0x0800fb2c   Data           1  os_dbg.o(.constdata)
    OSDbg_MsgSize                            0x0800fb2e   Data           2  os_dbg.o(.constdata)
    OSDbg_MsgPoolSize                        0x0800fb30   Data           2  os_dbg.o(.constdata)
    OSDbg_MsgQSize                           0x0800fb32   Data           2  os_dbg.o(.constdata)
    OSDbg_Mutex                              0x0800fb34   Data          44  os_dbg.o(.constdata)
    OSDbg_MutexEn                            0x0800fb60   Data           1  os_dbg.o(.constdata)
    OSDbg_MutexDelEn                         0x0800fb61   Data           1  os_dbg.o(.constdata)
    OSDbg_MutexPendAbortEn                   0x0800fb62   Data           1  os_dbg.o(.constdata)
    OSDbg_MutexSize                          0x0800fb64   Data           2  os_dbg.o(.constdata)
    OSDbg_ObjTypeChkEn                       0x0800fb66   Data           1  os_dbg.o(.constdata)
    OSDbg_PendMultiEn                        0x0800fb67   Data           1  os_dbg.o(.constdata)
    OSDbg_PendDataSize                       0x0800fb68   Data           2  os_dbg.o(.constdata)
    OSDbg_PendListSize                       0x0800fb6a   Data           2  os_dbg.o(.constdata)
    OSDbg_PendObjSize                        0x0800fb6c   Data           2  os_dbg.o(.constdata)
    OSDbg_PrioMax                            0x0800fb6e   Data           2  os_dbg.o(.constdata)
    OSDbg_PrioTblSize                        0x0800fb70   Data           2  os_dbg.o(.constdata)
    OSDbg_PtrSize                            0x0800fb72   Data           2  os_dbg.o(.constdata)
    OSDbg_Q                                  0x0800fb74   Data          48  os_dbg.o(.constdata)
    OSDbg_QEn                                0x0800fba4   Data           1  os_dbg.o(.constdata)
    OSDbg_QDelEn                             0x0800fba5   Data           1  os_dbg.o(.constdata)
    OSDbg_QFlushEn                           0x0800fba6   Data           1  os_dbg.o(.constdata)
    OSDbg_QPendAbortEn                       0x0800fba7   Data           1  os_dbg.o(.constdata)
    OSDbg_QSize                              0x0800fba8   Data           2  os_dbg.o(.constdata)
    OSDbg_SchedRoundRobinEn                  0x0800fbaa   Data           1  os_dbg.o(.constdata)
    OSDbg_Sem                                0x0800fbac   Data          40  os_dbg.o(.constdata)
    OSDbg_SemEn                              0x0800fbd4   Data           1  os_dbg.o(.constdata)
    OSDbg_SemDelEn                           0x0800fbd5   Data           1  os_dbg.o(.constdata)
    OSDbg_SemPendAbortEn                     0x0800fbd6   Data           1  os_dbg.o(.constdata)
    OSDbg_SemSetEn                           0x0800fbd7   Data           1  os_dbg.o(.constdata)
    OSDbg_SemSize                            0x0800fbd8   Data           2  os_dbg.o(.constdata)
    OSDbg_RdyList                            0x0800fbda   Data           2  os_dbg.o(.constdata)
    OSDbg_RdyListSize                        0x0800fbdc   Data           4  os_dbg.o(.constdata)
    OSDbg_StkWidth                           0x0800fbe0   Data           1  os_dbg.o(.constdata)
    OSDbg_StatTaskEn                         0x0800fbe1   Data           1  os_dbg.o(.constdata)
    OSDbg_StatTaskStkChkEn                   0x0800fbe2   Data           1  os_dbg.o(.constdata)
    OSDbg_TaskChangePrioEn                   0x0800fbe3   Data           1  os_dbg.o(.constdata)
    OSDbg_TaskDelEn                          0x0800fbe4   Data           1  os_dbg.o(.constdata)
    OSDbg_TaskQEn                            0x0800fbe5   Data           1  os_dbg.o(.constdata)
    OSDbg_TaskQPendAbortEn                   0x0800fbe6   Data           1  os_dbg.o(.constdata)
    OSDbg_TaskProfileEn                      0x0800fbe7   Data           1  os_dbg.o(.constdata)
    OSDbg_TaskRegTblSize                     0x0800fbe8   Data           2  os_dbg.o(.constdata)
    OSDbg_TaskSemPendAbortEn                 0x0800fbea   Data           1  os_dbg.o(.constdata)
    OSDbg_TaskSuspendEn                      0x0800fbeb   Data           1  os_dbg.o(.constdata)
    OSDbg_TCBSize                            0x0800fbec   Data           2  os_dbg.o(.constdata)
    OSDbg_TickSpokeSize                      0x0800fbee   Data           2  os_dbg.o(.constdata)
    OSDbg_TimeDlyHMSMEn                      0x0800fbf0   Data           1  os_dbg.o(.constdata)
    OSDbg_TimeDlyResumeEn                    0x0800fbf1   Data           1  os_dbg.o(.constdata)
    OSDbg_TLS_TblSize                        0x0800fbf2   Data           2  os_dbg.o(.constdata)
    OSDbg_Tmr                                0x0800fbf4   Data          52  os_dbg.o(.constdata)
    OSDbg_TmrEn                              0x0800fc28   Data           1  os_dbg.o(.constdata)
    OSDbg_TmrDelEn                           0x0800fc29   Data           1  os_dbg.o(.constdata)
    OSDbg_TmrSize                            0x0800fc2a   Data           2  os_dbg.o(.constdata)
    OSDbg_TmrSpokeSize                       0x0800fc2c   Data           2  os_dbg.o(.constdata)
    OSDbg_VersionNbr                         0x0800fc2e   Data           2  os_dbg.o(.constdata)
    OSDbg_DataSize                           0x0800fc30   Data           4  os_dbg.o(.constdata)
    Region$$Table$$Base                      0x0800fc34   Number         0  anon$$obj.o(Region$$Table)
    Region$$Table$$Limit                     0x0800fc54   Number         0  anon$$obj.o(Region$$Table)
    SystemCoreClock                          0x20000000   Data           4  system_stm32f10x.o(.data)
    AHBPrescTable                            0x20000004   Data          16  system_stm32f10x.o(.data)
    FRONT_COLOR                              0x20000028   Data           2  tftlcd.o(.data)
    BACK_COLOR                               0x2000002a   Data           2  tftlcd.o(.data)
    tftlcd_data                              0x2000002c   Data           8  tftlcd.o(.data)
    TcpClosedFlag                            0x20000034   Data           1  sta_tcpclent_test.o(.data)
    Mem_PoolTbl                              0x2000003c   Data           4  lib_mem.o(.data)
    CPU_TS_TmrFreq_Hz                        0x20000040   Data           4  cpu_core.o(.data)
    CPU_IntDisMeasCtr                        0x20000044   Data           2  cpu_core.o(.data)
    CPU_IntDisNestCtr                        0x20000046   Data           2  cpu_core.o(.data)
    CPU_IntDisMeasStart_cnts                 0x20000048   Data           4  cpu_core.o(.data)
    CPU_IntDisMeasStop_cnts                  0x2000004c   Data           4  cpu_core.o(.data)
    CPU_IntDisMeasOvrhd_cnts                 0x20000050   Data           4  cpu_core.o(.data)
    CPU_IntDisMeasMaxCur_cnts                0x20000054   Data           4  cpu_core.o(.data)
    CPU_IntDisMeasMax_cnts                   0x20000058   Data           4  cpu_core.o(.data)
    OSPrioTbl                                0x2000005c   Data           4  os_prio.o(.data)
    OS_AppTaskCreateHookPtr                  0x20000060   Data           4  os_var.o(.data)
    OS_AppTaskDelHookPtr                     0x20000064   Data           4  os_var.o(.data)
    OS_AppTaskReturnHookPtr                  0x20000068   Data           4  os_var.o(.data)
    OS_AppIdleTaskHookPtr                    0x2000006c   Data           4  os_var.o(.data)
    OS_AppStatTaskHookPtr                    0x20000070   Data           4  os_var.o(.data)
    OS_AppTaskSwHookPtr                      0x20000074   Data           4  os_var.o(.data)
    OS_AppTimeTickHookPtr                    0x20000078   Data           4  os_var.o(.data)
    OSIdleTaskCtr                            0x2000007c   Data           4  os_var.o(.data)
    OSIntNestingCtr                          0x20000080   Data           1  os_var.o(.data)
    OSIntDisTimeMax                          0x20000084   Data           4  os_var.o(.data)
    OSRunning                                0x20000088   Data           1  os_var.o(.data)
    OSIntQInPtr                              0x2000008c   Data           4  os_var.o(.data)
    OSIntQOutPtr                             0x20000090   Data           4  os_var.o(.data)
    OSIntQNbrEntries                         0x20000094   Data           2  os_var.o(.data)
    OSIntQNbrEntriesMax                      0x20000096   Data           2  os_var.o(.data)
    OSIntQOvfCtr                             0x20000098   Data           2  os_var.o(.data)
    OSIntQTaskTimeMax                        0x2000009c   Data           4  os_var.o(.data)
    OSFlagDbgListPtr                         0x200000a0   Data           4  os_var.o(.data)
    OSFlagQty                                0x200000a4   Data           2  os_var.o(.data)
    OSMemDbgListPtr                          0x200000a8   Data           4  os_var.o(.data)
    OSMemQty                                 0x200000ac   Data           2  os_var.o(.data)
    OSMutexDbgListPtr                        0x200000b0   Data           4  os_var.o(.data)
    OSMutexQty                               0x200000b4   Data           2  os_var.o(.data)
    OSPrioCur                                0x200000b6   Data           1  os_var.o(.data)
    OSPrioHighRdy                            0x200000b7   Data           1  os_var.o(.data)
    OSPrioSaved                              0x200000b8   Data           1  os_var.o(.data)
    OSQDbgListPtr                            0x200000bc   Data           4  os_var.o(.data)
    OSQQty                                   0x200000c0   Data           2  os_var.o(.data)
    OSSchedLockTimeBegin                     0x200000c4   Data           4  os_var.o(.data)
    OSSchedLockTimeMax                       0x200000c8   Data           4  os_var.o(.data)
    OSSchedLockTimeMaxCur                    0x200000cc   Data           4  os_var.o(.data)
    OSSchedLockNestingCtr                    0x200000d0   Data           1  os_var.o(.data)
    OSSchedRoundRobinDfltTimeQuanta          0x200000d4   Data           4  os_var.o(.data)
    OSSchedRoundRobinEn                      0x200000d8   Data           1  os_var.o(.data)
    OSSemDbgListPtr                          0x200000dc   Data           4  os_var.o(.data)
    OSSemQty                                 0x200000e0   Data           2  os_var.o(.data)
    OSStatResetFlag                          0x200000e2   Data           1  os_var.o(.data)
    OSStatTaskCPUUsage                       0x200000e4   Data           2  os_var.o(.data)
    OSStatTaskCPUUsageMax                    0x200000e6   Data           2  os_var.o(.data)
    OSStatTaskCtr                            0x200000e8   Data           4  os_var.o(.data)
    OSStatTaskCtrMax                         0x200000ec   Data           4  os_var.o(.data)
    OSStatTaskCtrRun                         0x200000f0   Data           4  os_var.o(.data)
    OSStatTaskRdy                            0x200000f4   Data           1  os_var.o(.data)
    OSStatTaskTimeMax                        0x200000f8   Data           4  os_var.o(.data)
    OSTaskCtxSwCtr                           0x200000fc   Data           4  os_var.o(.data)
    OSTaskDbgListPtr                         0x20000100   Data           4  os_var.o(.data)
    OSTaskQty                                0x20000104   Data           2  os_var.o(.data)
    OSTaskRegNextAvailID                     0x20000106   Data           1  os_var.o(.data)
    OSTickCtr                                0x20000108   Data           4  os_var.o(.data)
    OSTickTaskTimeMax                        0x2000010c   Data           4  os_var.o(.data)
    OSTmrDbgListPtr                          0x20000110   Data           4  os_var.o(.data)
    OSTmrQty                                 0x20000114   Data           2  os_var.o(.data)
    OSTmrTaskTimeMax                         0x20000118   Data           4  os_var.o(.data)
    OSTmrTickCtr                             0x2000011c   Data           4  os_var.o(.data)
    OSTmrUpdateCnt                           0x20000120   Data           4  os_var.o(.data)
    OSTmrUpdateCtr                           0x20000124   Data           4  os_var.o(.data)
    OSTCBCurPtr                              0x20000128   Data           4  os_var.o(.data)
    OSTCBHighRdyPtr                          0x2000012c   Data           4  os_var.o(.data)
    OS_CPU_ExceptStkBase                     0x20000130   Data           4  os_cpu_c.o(.data)
    __stdout                                 0x20000134   Data           4  stdout.o(.data)
    StartTaskTCB                             0x20000138   Data         200  main.o(.bss)
    START_TASK_STK                           0x20000200   Data        2048  main.o(.bss)
    Led1TaskTCB                              0x20000a00   Data         200  main.o(.bss)
    LED1_TASK_STK                            0x20000ac8   Data        2048  main.o(.bss)
    TFTLCDTaskTCB                            0x200012c8   Data         200  main.o(.bss)
    TFTLCD_TASK_STK                          0x20001390   Data        2048  main.o(.bss)
    ESP8266TaskTCB                           0x20001b90   Data         200  main.o(.bss)
    ESP8266_TASK_STK                         0x20001c58   Data        2048  main.o(.bss)
    ESP8266_Fram_Record_Struct               0x20002458   Data        1026  esp8266_drive.o(.bss)
    Mem_PoolHeap                             0x2000285c   Data          72  lib_mem.o(.bss)
    Mem_Heap                                 0x200028a4   Data       27648  lib_mem.o(.bss)
    CPU_Name                                 0x200094a4   Data          16  cpu_core.o(.bss)
    OSCfg_IdleTaskStk                        0x200094b4   Data         512  os_cfg_app.o(.bss)
    OSCfg_IntQ                               0x200096b4   Data         320  os_cfg_app.o(.bss)
    OSCfg_IntQTaskStk                        0x200097f4   Data         512  os_cfg_app.o(.bss)
    OSCfg_ISRStk                             0x200099f4   Data         512  os_cfg_app.o(.bss)
    OSCfg_MsgPool                            0x20009bf4   Data        1600  os_cfg_app.o(.bss)
    OSCfg_StatTaskStk                        0x2000a234   Data         512  os_cfg_app.o(.bss)
    OSCfg_TickTaskStk                        0x2000a434   Data         512  os_cfg_app.o(.bss)
    OSCfg_TickWheel                          0x2000a634   Data         136  os_cfg_app.o(.bss)
    OSCfg_TmrTaskStk                         0x2000a6bc   Data         512  os_cfg_app.o(.bss)
    OSCfg_TmrWheel                           0x2000a8bc   Data         136  os_cfg_app.o(.bss)
    OSIdleTaskTCB                            0x2000a944   Data         200  os_var.o(.bss)
    OSIntQTaskTCB                            0x2000aa0c   Data         200  os_var.o(.bss)
    OSMsgPool                                0x2000aad4   Data          12  os_var.o(.bss)
    OSRdyList                                0x2000aae0   Data         384  os_var.o(.bss)
    OSStatTaskTCB                            0x2000ac60   Data         200  os_var.o(.bss)
    OSTickTaskTCB                            0x2000ad28   Data         200  os_var.o(.bss)
    OSTmrTaskTCB                             0x2000adf0   Data         200  os_var.o(.bss)
    __initial_sp                             0x2000b6b8   Data           0  startup_stm32f10x_hd.o(STACK)



==============================================================================

Memory Map of the image

  Image Entry point : 0x08000471

  Load Region LR_1 (Base: 0x08000000, Size: 0x0000fd8c, Max: 0xffffffff, ABSOLUTE, COMPRESSED[0x0000fc70])

    Execution Region ER_RO (Base: 0x08000000, Size: 0x0000fc54, Max: 0xffffffff, ABSOLUTE)

    Base Addr    Size         Type   Attr      Idx    E Section Name        Object

    0x08000000   0x00000130   Data   RO          238    RESET               startup_stm32f10x_hd.o
    0x08000130   0x00000000   Code   RO          936  * .ARM.Collect$$$$00000000  mc_w.l(entry.o)
    0x08000130   0x00000004   Code   RO         1204    .ARM.Collect$$$$00000001  mc_w.l(entry2.o)
    0x08000134   0x00000004   Code   RO         1207    .ARM.Collect$$$$00000004  mc_w.l(entry5.o)
    0x08000138   0x00000000   Code   RO         1209    .ARM.Collect$$$$00000008  mc_w.l(entry7b.o)
    0x08000138   0x00000000   Code   RO         1211    .ARM.Collect$$$$0000000A  mc_w.l(entry8b.o)
    0x08000138   0x00000008   Code   RO         1212    .ARM.Collect$$$$0000000B  mc_w.l(entry9a.o)
    0x08000140   0x00000000   Code   RO         1214    .ARM.Collect$$$$0000000D  mc_w.l(entry10a.o)
    0x08000140   0x00000000   Code   RO         1216    .ARM.Collect$$$$0000000F  mc_w.l(entry11a.o)
    0x08000140   0x00000004   Code   RO         1205    .ARM.Collect$$$$00002712  mc_w.l(entry2.o)
    0x08000144   0x0000030c   Code   RO            1    .text               main.o
    0x08000450   0x0000001e   Code   RO          199    .text               stm32f10x_it.o
    0x0800046e   0x00000002   PAD
    0x08000470   0x00000024   Code   RO          239  * .text               startup_stm32f10x_hd.o
    0x08000494   0x000001e0   Code   RO          244    .text               system_stm32f10x.o
    0x08000674   0x000000dc   Code   RO          291    .text               misc.o
    0x08000750   0x0000035c   Code   RO          303    .text               stm32f10x_gpio.o
    0x08000aac   0x000003a4   Code   RO          315    .text               stm32f10x_rcc.o
    0x08000e50   0x00000408   Code   RO          329    .text               stm32f10x_usart.o
    0x08001258   0x0000060c   Code   RO          341    .text               stm32f10x_fsmc.o
    0x08001864   0x00000034   Code   RO          377    .text               led.o
    0x08001898   0x00000cf8   Code   RO          392    .text               tftlcd.o
    0x08002590   0x0000071c   Code   RO          421    .text               esp8266_drive.o
    0x08002cac   0x00000168   Code   RO          449    .text               esp8266_public.o
    0x08002e14   0x000001b0   Code   RO          467    .text               sta_tcpclent_test.o
    0x08002fc4   0x0000008c   Code   RO          494    .text               systick.o
    0x08003050   0x0000010c   Code   RO          511    .text               usart.o
    0x0800315c   0x0000004c   Code   RO          530    .text               bsp.o
    0x080031a8   0x00000256   Code   RO          548    .text               lib_ascii.o
    0x080033fe   0x00000002   PAD
    0x08003400   0x00000f8c   Code   RO          581    .text               lib_mem.o
    0x0800438c   0x00000928   Code   RO          600    .text               lib_str.o
    0x08004cb4   0x00000220   Code   RO          617    .text               lib_mem_a.o
    0x08004ed4   0x0000043c   Code   RO          620    .text               cpu_core.o
    0x08005310   0x00000034   Code   RO          646    .text               cpu_a.o
    0x08005344   0x00000002   Code   RO          661    .text               os_cfg_app.o
    0x08005346   0x00000002   PAD
    0x08005348   0x00000e50   Code   RO          684    .text               os_core.o
    0x08006198   0x000001b4   Code   RO          696    .text               os_dbg.o
    0x0800634c   0x0000100c   Code   RO          711    .text               os_flag.o
    0x08007358   0x00000460   Code   RO          723    .text               os_int.o
    0x080077b8   0x00000278   Code   RO          735    .text               os_mem.o
    0x08007a30   0x00000228   Code   RO          747    .text               os_msg.o
    0x08007c58   0x00000c40   Code   RO          759    .text               os_mutex.o
    0x08008898   0x0000007c   Code   RO          783    .text               os_prio.o
    0x08008914   0x00000a00   Code   RO          802    .text               os_q.o
    0x08009314   0x00000934   Code   RO          814    .text               os_sem.o
    0x08009c48   0x000006dc   Code   RO          826    .text               os_stat.o
    0x0800a324   0x00001f88   Code   RO          838    .text               os_task.o
    0x0800c2ac   0x00000524   Code   RO          850    .text               os_tick.o
    0x0800c7d0   0x0000064c   Code   RO          862    .text               os_time.o
    0x0800ce1c   0x00000864   Code   RO          874    .text               os_tmr.o
    0x0800d680   0x0000028c   Code   RO          903    .text               os_cpu_c.o
    0x0800d90c   0x00000024   Code   RO          939    .text               mc_w.l(memseta.o)
    0x0800d930   0x00000024   Code   RO          941    .text               mc_w.l(strstr.o)
    0x0800d954   0x0000002c   Code   RO         1219    .text               mc_w.l(uidiv.o)
    0x0800d980   0x00000024   Code   RO         1234    .text               mc_w.l(init.o)
    0x0800d9a4   0x00000056   Code   RO         1252    .text               mc_w.l(__dczerorl2.o)
    0x0800d9fa   0x00000002   PAD
    0x0800d9fc   0x00000084   Code   RO          900    CODE                os_cpu_a.o
    0x0800da80   0x00000020   Code   RO         1032    i.__0printf$3       mc_w.l(printf3.o)
    0x0800daa0   0x00000028   Code   RO         1034    i.__0sprintf$3      mc_w.l(printf3.o)
    0x0800dac8   0x0000000e   Code   RO         1246    i.__scatterload_copy  mc_w.l(handlers.o)
    0x0800dad6   0x00000002   Code   RO         1247    i.__scatterload_null  mc_w.l(handlers.o)
    0x0800dad8   0x0000000e   Code   RO         1248    i.__scatterload_zeroinit  mc_w.l(handlers.o)
    0x0800dae6   0x00000002   PAD
    0x0800dae8   0x000001b8   Code   RO         1039    i._printf_core      mc_w.l(printf3.o)
    0x0800dca0   0x0000000a   Code   RO         1041    i._sputc            mc_w.l(printf3.o)
    0x0800dcaa   0x00001be6   Data   RO          393    .constdata          tftlcd.o
    0x0800f890   0x00000094   Data   RO          601    .constdata          lib_str.o
    0x0800f924   0x00000100   Data   RO          622    .constdata          cpu_core.o
    0x0800fa24   0x000000a4   Data   RO          663    .constdata          os_cfg_app.o
    0x0800fac8   0x0000016c   Data   RO          697    .constdata          os_dbg.o
    0x0800fc34   0x00000020   Data   RO         1244    Region$$Table       anon$$obj.o


    Execution Region ER_RW (Base: 0x20000000, Size: 0x00000138, Max: 0xffffffff, ABSOLUTE, COMPRESSED[0x0000001c])

    Base Addr    Size         Type   Attr      Idx    E Section Name        Object

    0x20000000   0x00000014   Data   RW          245    .data               system_stm32f10x.o
    0x20000014   0x00000014   Data   RW          316    .data               stm32f10x_rcc.o
    0x20000028   0x0000000c   Data   RW          394    .data               tftlcd.o
    0x20000034   0x00000001   Data   RW          468    .data               sta_tcpclent_test.o
    0x20000035   0x00000001   PAD
    0x20000036   0x00000004   Data   RW          495    .data               systick.o
    0x2000003a   0x00000002   PAD
    0x2000003c   0x00000004   Data   RW          583    .data               lib_mem.o
    0x20000040   0x0000001c   Data   RW          623    .data               cpu_core.o
    0x2000005c   0x00000004   Data   RW          784    .data               os_prio.o
    0x20000060   0x000000d0   Data   RW          887    .data               os_var.o
    0x20000130   0x00000004   Data   RW          904    .data               os_cpu_c.o
    0x20000134   0x00000004   Data   RW         1218    .data               mc_w.l(stdout.o)


    Execution Region ER_ZI (Base: 0x20000138, Size: 0x0000b580, Max: 0xffffffff, ABSOLUTE)

    Base Addr    Size         Type   Attr      Idx    E Section Name        Object

    0x20000138   0x00002320   Zero   RW            2    .bss                main.o
    0x20002458   0x00000402   Zero   RW          422    .bss                esp8266_drive.o
    0x2000285a   0x00000002   PAD
    0x2000285c   0x00006c48   Zero   RW          582    .bss                lib_mem.o
    0x200094a4   0x00000010   Zero   RW          621    .bss                cpu_core.o
    0x200094b4   0x00001490   Zero   RW          662    .bss                os_cfg_app.o
    0x2000a944   0x00000574   Zero   RW          886    .bss                os_var.o
    0x2000aeb8   0x00000800   Zero   RW          236    STACK               startup_stm32f10x_hd.o


==============================================================================

Image component sizes


      Code (inc. data)   RO Data    RW Data    ZI Data      Debug   Object Name

        76          8          0          0          0        991   bsp.o
        52          0          0          0          0        320   cpu_a.o
      1084         42        256         28         16      16229   cpu_core.o
      1820        394          0          0       1026       6503   esp8266_drive.o
       360          0          0          0          0       2307   esp8266_public.o
        52          6          0          0          0        459   led.o
       598          0          0          0          0       3680   lib_ascii.o
      3980         62          0          4      27720      24608   lib_mem.o
       544          0          0          0          0        468   lib_mem_a.o
      2344          4        148          0          0      13034   lib_str.o
       780        126          0          0       8992     284010   main.o
       220         22          0          0          0       1873   misc.o
         2          0        164          0       5264      20862   os_cfg_app.o
      3664        294          0          0          0      12101   os_core.o
       132         32          0          0          0        364   os_cpu_a.o
       652         64          0          4          0       3753   os_cpu_c.o
       436        286        364          0          0       4737   os_dbg.o
      4108        110          0          0          0       8119   os_flag.o
      1120        146          0          0          0       2264   os_int.o
       632         22          0          0          0       2692   os_mem.o
       552         14          0          0          0       2586   os_msg.o
      3136        114          0          0          0       5686   os_mutex.o
       124          4          0          4          0       1708   os_prio.o
      2560         82          0          0          0       6292   os_q.o
      2356         72          0          0          0       6284   os_sem.o
      1756        190          0          0          0       2881   os_stat.o
      8072        282          0          0          0      14326   os_task.o
      1316         90          0          0          0       3237   os_tick.o
      1612         44          0          0          0       3337   os_time.o
      2148        140          0          0          0       6494   os_tmr.o
         0          0          0        208       1396      19449   os_var.o
       432        212          0          1          0       1525   sta_tcpclent_test.o
        36          8        304          0       2048        924   startup_stm32f10x_hd.o
      1548         18          0          0          0       5415   stm32f10x_fsmc.o
       860         38          0          0          0       5717   stm32f10x_gpio.o
        30          0          0          0          0       1397   stm32f10x_it.o
       932         36          0         20          0       8892   stm32f10x_rcc.o
      1032         22          0          0          0       8440   stm32f10x_usart.o
       480         38          0         20          0       1991   system_stm32f10x.o
       140          8          0          4          0       1061   systick.o
      3320         62       7142         12          0      11848   tftlcd.o
       268          8          0          0          0       2266   usart.o

    ----------------------------------------------------------------------
     55372       3100       8410        308      46464     531130   Object Totals
         0          0         32          0          0          0   (incl. Generated)
         6          0          0          3          2          0   (incl. Padding)

    ----------------------------------------------------------------------

      Code (inc. data)   RO Data    RW Data    ZI Data      Debug   Library Member Name

        86          0          0          0          0          0   __dczerorl2.o
         0          0          0          0          0          0   entry.o
         0          0          0          0          0          0   entry10a.o
         0          0          0          0          0          0   entry11a.o
         8          4          0          0          0          0   entry2.o
         4          0          0          0          0          0   entry5.o
         0          0          0          0          0          0   entry7b.o
         0          0          0          0          0          0   entry8b.o
         8          4          0          0          0          0   entry9a.o
        30          0          0          0          0          0   handlers.o
        36          8          0          0          0         68   init.o
        36          0          0          0          0        108   memseta.o
       522         20          0          0          0        336   printf3.o
         0          0          0          4          0          0   stdout.o
        36          0          0          0          0         80   strstr.o
        44          0          0          0          0         80   uidiv.o

    ----------------------------------------------------------------------
       814         36          0          4          0        672   Library Totals
         4          0          0          0          0          0   (incl. Padding)

    ----------------------------------------------------------------------

      Code (inc. data)   RO Data    RW Data    ZI Data      Debug   Library Name

       810         36          0          4          0        672   mc_w.l

    ----------------------------------------------------------------------
       814         36          0          4          0        672   Library Totals

    ----------------------------------------------------------------------

==============================================================================


      Code (inc. data)   RO Data    RW Data    ZI Data      Debug   

     56186       3136       8410        312      46464     528030   Grand Totals
     56186       3136       8410         28      46464     528030   ELF Image Totals (compressed)
     56186       3136       8410         28          0          0   ROM Totals

==============================================================================

    Total RO  Size (Code + RO Data)                64596 (  63.08kB)
    Total RW  Size (RW Data + ZI Data)             46776 (  45.68kB)
    Total ROM Size (Code + RO Data + RW Data)      64624 (  63.11kB)

==============================================================================

