<html>
<body>
<pre>
<h1>礦ision Build Log</h1>
<h2>Tool Versions:</h2>
IDE-Version: μVision V5.14.0.0
Copyright (C) 2015 ARM Ltd and ARM Germany GmbH. All rights reserved.
License Information: lee Microsoft, Microsoft, LIC=S5ISB-2SRKI-MS7YP-MYAIN-LP21B-F2ZEW
 
Tool Versions:
Toolchain:       MDK-ARM Professional  Version: 5.14.0.0
Toolchain Path:  C:\Keil_v5\ARM\ARMCC\Bin
C Compiler:      Armcc.exe V5.05 update 1 (build 106)
Assembler:       Armasm.exe V5.05 update 1 (build 106)
Linker/Locator:  ArmLink.exe V5.05 update 1 (build 106)
Library Manager: ArmAr.exe V5.05 update 1 (build 106)
Hex Converter:   FromElf.exe V5.05 update 1 (build 106)
CPU DLL:         SARMCM3.DLL V5.14.0.0
Dialog DLL:      DARMSTM.DLL V1.65.0.0
Target DLL:      STLink\ST-LINKIII-KEIL_SWO.dll V2.0.14.0_KEIL
Dialog DLL:      TARMSTM.DLL V1.64.0.0
 
<h2>Project:</h2>
C:\Users\lee\Desktop\Git_Code\SmartCat\SmartCat\实验2：UCOSIII移植模板\Template.uvprojx
Project File Date:  01/21/2019

<h2>Output:</h2>
Build target 'Target 1'
compiling main.c...
User\main.c(202): warning:  #167-D: argument of type "char *" is incompatible with parameter of type "u8 *"
                LCD_ShowString(10,30,tftlcd_data.width,tftlcd_data.height,16,sttr);
User\main.c(176): warning:  #550-D: variable "count" was set but never used
        unsigned long count;
User\main.c(178): warning:  #177-D: variable "p_msg" was declared but never referenced
        void *p_msg;
User\main.c(180): warning:  #177-D: variable "sttrr" was declared but never referenced
        char sttrr[100];
User\main.c: 4 warnings, 0 errors
compiling stm32f10x_it.c...
assembling startup_stm32f10x_hd.s...
compiling system_stm32f10x.c...
compiling core_cm3.c...
compiling misc.c...
compiling stm32f10x_gpio.c...
compiling stm32f10x_rcc.c...
compiling stm32f10x_usart.c...
compiling stm32f10x_fsmc.c...
compiling stm32f10x_spi.c...
compiling stm32f10x_tim.c...
compiling led.c...
compiling tftlcd.c...
App\tftlcd\tftlcd.c(1598): warning:  #177-D: variable "g" was declared but never referenced
        u16 r=0,g=0,b=0;
App\tftlcd\tftlcd.c(1598): warning:  #177-D: variable "b" was declared but never referenced
        u16 r=0,g=0,b=0;
App\tftlcd\tftlcd.c: 2 warnings, 0 errors
compiling esp8266_drive.c...
compiling esp8266_public.c...
compiling sta_tcpclent_test.c...
compiling system.c...
compiling SysTick.c...
Public\SysTick.c(4): warning:  #550-D: variable "fac_ms" was set but never used
  static u16 fac_ms=0;                                                  //ms延时倍乘数
Public\SysTick.c: 1 warning, 0 errors
compiling usart.c...
compiling bsp.c...
compiling lib_ascii.c...
compiling lib_math.c...
compiling lib_mem.c...
compiling lib_str.c...
assembling lib_mem_a.asm...
compiling cpu_core.c...
assembling cpu_a.asm...
compiling cpu_c.c...
compiling os_cfg_app.c...
compiling os_core.c...
compiling os_dbg.c...
compiling os_flag.c...
compiling os_int.c...
compiling os_mem.c...
compiling os_msg.c...
compiling os_mutex.c...
compiling os_pend_multi.c...
compiling os_prio.c...
compiling os_q.c...
compiling os_sem.c...
compiling os_stat.c...
compiling os_task.c...
compiling os_tick.c...
compiling os_time.c...
compiling os_tmr.c...
compiling os_var.c...
assembling os_cpu_a.s...
compiling os_cpu_c.c...
compiling os_app_hooks.c...
linking...
Program Size: Code=56186 RO-data=8410 RW-data=312 ZI-data=46464  
FromELF: creating hex file...
".\output\Template.axf" - 0 Error(s), 7 Warning(s).

<h2>Collection of Component include folders:</h2>
  C:\Users\lee\Desktop\Git_Code\SmartCat\SmartCat\实验2：UCOSIII移植模板\RTE
  C:\Keil_v5\ARM\PACK\Keil\STM32F1xx_DFP\1.0.5\Device\Include

<h2>Collection of Component Files used:</h2>
</pre>
</body>
</html>
