Component: ARM Compiler 5.05 update 1 (build 106) Tool: armlink [4d0efa]

==============================================================================

Section Cross References

    main.o(.text) refers to usart.o(.text) for USART1_Init
    main.o(.text) refers to esp8266_drive.o(.text) for ESP8266_Init
    main.o(.text) refers to sta_tcpclent_test.o(.text) for ESP8266_STA_TCPClient_Test
    main.o(.text) refers to os_time.o(.text) for OSTimeDlyHMSM
    main.o(.text) refers to memcpya.o(.text) for __aeabi_memcpy4
    main.o(.text) refers to os_task.o(.text) for OSTaskQPend
    main.o(.text) refers to tftlcd.o(.text) for TFTLCD_Init
    main.o(.text) refers to cpu_core.o(.text) for CPU_Init
    main.o(.text) refers to bsp.o(.text) for BSP_CPU_ClkFreq
    main.o(.text) refers to os_cpu_c.o(.text) for OS_CPU_SysTickInit
    main.o(.text) refers to lib_mem.o(.text) for Mem_Init
    main.o(.text) refers to os_stat.o(.text) for OSStatTaskCPUUsageInit
    main.o(.text) refers to os_core.o(.text) for OSSchedRoundRobinCfg
    main.o(.text) refers to cpu_a.o(.text) for CPU_SR_Save
    main.o(.text) refers to misc.o(.text) for NVIC_PriorityGroupConfig
    main.o(.text) refers to led.o(.text) for LED_Init
    main.o(.text) refers to main.o(.constdata) for .constdata
    main.o(.text) refers to tftlcd.o(.data) for tftlcd_data
    main.o(.text) refers to os_cfg_app.o(.constdata) for OSCfg_TickRate_Hz
    main.o(.text) refers to os_var.o(.data) for OSSchedLockNestingCtr
    main.o(.text) refers to main.o(.bss) for LED1_TASK_STK
    startup_stm32f10x_hd.o(RESET) refers to startup_stm32f10x_hd.o(STACK) for __initial_sp
    startup_stm32f10x_hd.o(RESET) refers to startup_stm32f10x_hd.o(.text) for Reset_Handler
    startup_stm32f10x_hd.o(RESET) refers to stm32f10x_it.o(.text) for NMI_Handler
    startup_stm32f10x_hd.o(RESET) refers to os_cpu_a.o(CODE) for OS_CPU_PendSVHandler
    startup_stm32f10x_hd.o(RESET) refers to os_cpu_c.o(.text) for OS_CPU_SysTickHandler
    startup_stm32f10x_hd.o(RESET) refers to usart.o(.text) for USART1_IRQHandler
    startup_stm32f10x_hd.o(RESET) refers to esp8266_drive.o(.text) for USART2_IRQHandler
    startup_stm32f10x_hd.o(.text) refers to system_stm32f10x.o(.text) for SystemInit
    startup_stm32f10x_hd.o(.text) refers to entry.o(.ARM.Collect$$$$00000000) for __main
    system_stm32f10x.o(.text) refers to system_stm32f10x.o(.data) for SystemCoreClock
    stm32f10x_gpio.o(.text) refers to stm32f10x_rcc.o(.text) for RCC_APB2PeriphResetCmd
    stm32f10x_rcc.o(.text) refers to stm32f10x_rcc.o(.data) for APBAHBPrescTable
    stm32f10x_usart.o(.text) refers to stm32f10x_rcc.o(.text) for RCC_APB2PeriphResetCmd
    stm32f10x_spi.o(.text) refers to stm32f10x_rcc.o(.text) for RCC_APB2PeriphResetCmd
    stm32f10x_tim.o(.text) refers to stm32f10x_rcc.o(.text) for RCC_APB2PeriphResetCmd
    led.o(.text) refers to stm32f10x_rcc.o(.text) for RCC_APB2PeriphClockCmd
    led.o(.text) refers to stm32f10x_gpio.o(.text) for GPIO_Init
    tftlcd.o(.text) refers to stm32f10x_rcc.o(.text) for RCC_APB2PeriphClockCmd
    tftlcd.o(.text) refers to stm32f10x_gpio.o(.text) for GPIO_Init
    tftlcd.o(.text) refers to stm32f10x_fsmc.o(.text) for FSMC_NORSRAMInit
    tftlcd.o(.text) refers to systick.o(.text) for delay_ms
    tftlcd.o(.text) refers to tftlcd.o(.data) for tftlcd_data
    tftlcd.o(.text) refers to tftlcd.o(.constdata) for ascii_1206
    esp8266_drive.o(.text) refers to stm32f10x_rcc.o(.text) for RCC_APB1PeriphClockCmd
    esp8266_drive.o(.text) refers to stm32f10x_gpio.o(.text) for GPIO_Init
    esp8266_drive.o(.text) refers to misc.o(.text) for NVIC_Init
    esp8266_drive.o(.text) refers to stm32f10x_usart.o(.text) for USART_Init
    esp8266_drive.o(.text) refers to strstr.o(.text) for strstr
    esp8266_drive.o(.text) refers to esp8266_public.o(.text) for USART_printf
    esp8266_drive.o(.text) refers to os_task.o(.text) for OSTaskQPost
    esp8266_drive.o(.text) refers to systick.o(.text) for delay_ms
    esp8266_drive.o(.text) refers to printf3.o(i.__0printf$3) for __2printf
    esp8266_drive.o(.text) refers to esp8266_drive.o(.bss) for ESP8266_Fram_Record_Struct
    esp8266_drive.o(.text) refers to sta_tcpclent_test.o(.data) for TcpClosedFlag
    esp8266_drive.o(.text) refers to esp8266_drive.o(.data) for strr
    esp8266_drive.o(.text) refers to main.o(.bss) for TFTLCDTaskTCB
    esp8266_drive.o(.text) refers to printf3.o(i.__0sprintf$3) for __2sprintf
    esp8266_drive.o(.text) refers to memseta.o(.text) for __aeabi_memclr4
    esp8266_public.o(.text) refers to stm32f10x_usart.o(.text) for USART_SendData
    sta_tcpclent_test.o(.text) refers to memseta.o(.text) for __aeabi_memclr4
    sta_tcpclent_test.o(.text) refers to printf3.o(i.__0printf$3) for __2printf
    sta_tcpclent_test.o(.text) refers to os_task.o(.text) for OSTaskQPost
    sta_tcpclent_test.o(.text) refers to stm32f10x_gpio.o(.text) for GPIO_SetBits
    sta_tcpclent_test.o(.text) refers to esp8266_drive.o(.text) for ESP8266_AT_Test
[...]
    .data                                    0x2000003c   Section        1  sta_tcpclent_test.o(.data)
    .data                                    0x2000003e   Section        4  systick.o(.data)
    fac_us                                   0x2000003e   Data           1  systick.o(.data)
    fac_ms                                   0x20000040   Data           2  systick.o(.data)
    .data                                    0x20000044   Section        4  lib_mem.o(.data)
    .data                                    0x20000048   Section       28  cpu_core.o(.data)
    .data                                    0x20000064   Section        4  os_prio.o(.data)
    .data                                    0x20000068   Section      208  os_var.o(.data)
    .data                                    0x20000138   Section        4  os_cpu_c.o(.data)
    .data                                    0x2000013c   Section        4  stdout.o(.data)
    .bss                                     0x20000140   Section     8992  main.o(.bss)
    .bss                                     0x20002460   Section     1026  esp8266_drive.o(.bss)
    .bss                                     0x20002864   Section    27720  lib_mem.o(.bss)
    .bss                                     0x200094ac   Section       16  cpu_core.o(.bss)
    .bss                                     0x200094bc   Section     5264  os_cfg_app.o(.bss)
    .bss                                     0x2000a94c   Section     1396  os_var.o(.bss)
    STACK                                    0x2000aec0   Section     2048  startup_stm32f10x_hd.o(STACK)

    Global Symbols

    Symbol Name                              Value     Ov Type        Size  Object(Section)

    BuildAttributes$$THM_ISAv4$P$D$K$B$S$PE$A:L22UL41UL21$X:L11$S22US41US21$IEEE1$IW$USESV6$~STKCKD$USESV7$~SHL$OSPACE$ROPI$EBA8$MICROLIB$REQ8$PRES8$EABIv2 0x00000000   Number         0  anon$$obj.o ABSOLUTE
    __ARM_use_no_argv                        0x00000000   Number         0  main.o ABSOLUTE
    _printf_a                                0x00000000   Number         0  stubs.o ABSOLUTE
    _printf_c                                0x00000000   Number         0  stubs.o ABSOLUTE
    _printf_charcount                        0x00000000   Number         0  stubs.o ABSOLUTE
    _printf_d                                0x00000000   Number         0  stubs.o ABSOLUTE
    _printf_e                                0x00000000   Number         0  stubs.o ABSOLUTE
    _printf_f                                0x00000000   Number         0  stubs.o ABSOLUTE
    _printf_flags                            0x00000000   Number         0  stubs.o ABSOLUTE
    _printf_fp_dec                           0x00000000   Number         0  stubs.o ABSOLUTE
    _printf_fp_hex                           0x00000000   Number         0  stubs.o ABSOLUTE
    _printf_g                                0x00000000   Number         0  stubs.o ABSOLUTE
    _printf_i                                0x00000000   Number         0  stubs.o ABSOLUTE
    _printf_int_dec                          0x00000000   Number         0  stubs.o ABSOLUTE
    _printf_l                                0x00000000   Number         0  stubs.o ABSOLUTE
    _printf_lc                               0x00000000   Number         0  stubs.o ABSOLUTE
    _printf_ll                               0x00000000   Number         0  stubs.o ABSOLUTE
    _printf_lld                              0x00000000   Number         0  stubs.o ABSOLUTE
    _printf_lli                              0x00000000   Number         0  stubs.o ABSOLUTE
    _printf_llo                              0x00000000   Number         0  stubs.o ABSOLUTE
    _printf_llu                              0x00000000   Number         0  stubs.o ABSOLUTE
    _printf_llx                              0x00000000   Number         0  stubs.o ABSOLUTE
    _printf_longlong_dec                     0x00000000   Number         0  stubs.o ABSOLUTE
    _printf_longlong_hex                     0x00000000   Number         0  stubs.o ABSOLUTE
    _printf_longlong_oct                     0x00000000   Number         0  stubs.o ABSOLUTE
    _printf_ls                               0x00000000   Number         0  stubs.o ABSOLUTE
    _printf_mbtowc                           0x00000000   Number         0  stubs.o ABSOLUTE
    _printf_n                                0x00000000   Number         0  stubs.o ABSOLUTE
    _printf_o                                0x00000000   Number         0  stubs.o ABSOLUTE
    _printf_p                                0x00000000   Number         0  stubs.o ABSOLUTE
    _printf_percent                          0x00000000   Number         0  stubs.o ABSOLUTE
    _printf_pre_padding                      0x00000000   Number         0  stubs.o ABSOLUTE
    _printf_return_value                     0x00000000   Number         0  stubs.o ABSOLUTE
    _printf_s                                0x00000000   Number         0  stubs.o ABSOLUTE
    _printf_sizespec                         0x00000000   Number         0  stubs.o ABSOLUTE
    _printf_str                              0x00000000   Number         0  stubs.o ABSOLUTE
    _printf_truncate_signed                  0x00000000   Number         0  stubs.o ABSOLUTE
    _printf_truncate_unsigned                0x00000000   Number         0  stubs.o ABSOLUTE
    _printf_u                                0x00000000   Number         0  stubs.o ABSOLUTE
    _printf_wc                               0x00000000   Number         0  stubs.o ABSOLUTE
    _printf_wctomb                           0x00000000   Number         0  stubs.o ABSOLUTE
    _printf_widthprec                        0x00000000   Number         0  stubs.o ABSOLUTE
    _printf_x                                0x00000000   Number         0  stubs.o ABSOLUTE
    __cpp_initialize__aeabi_                  - Undefined Weak Reference
    __cxa_finalize                            - Undefined Weak Reference
    _clock_init                               - Undefined Weak Reference
    _microlib_exit                            - Undefined Weak Reference
    __Vectors_Size                           0x00000130   Number         0  startup_stm32f10x_hd.o ABSOLUTE
    __Vectors                                0x08000000   Data           4  startup_stm32f10x_hd.o(RESET)
    __Vectors_End                            0x08000130   Data           0  startup_stm32f10x_hd.o(RESET)
    __main                                   0x08000131   Thumb Code     0  entry.o(.ARM.Collect$$$$00000000)
    _main_stk                                0x08000131   Thumb Code     0  entry2.o(.ARM.Collect$$$$00000001)
    _main_scatterload                        0x08000135   Thumb Code     0  entry5.o(.ARM.Collect$$$$00000004)
    __main_after_scatterload                 0x08000139   Thumb Code     0  entry5.o(.ARM.Collect$$$$00000004)
    _main_clock                              0x08000139   Thumb Code     0  entry7b.o(.ARM.Collect$$$$00000008)
    _main_cpp_init                           0x08000139   Thumb Code     0  entry8b.o(.ARM.Collect$$$$0000000A)
    _main_init                               0x08000139   Thumb Code     0  entry9a.o(.ARM.Collect$$$$0000000B)
    __rt_final_cpp                           0x08000141   Thumb Code     0  entry10a.o(.ARM.Collect$$$$0000000D)
    __rt_final_exit                          0x08000141   Thumb Code     0  entry11a.o(.ARM.Collect$$$$0000000F)
    esp8266_task                             0x08000145   Thumb Code    48  main.o(.text)
    tftlcd_task                              0x08000175   Thumb Code   196  main.o(.text)
    led1_task                                0x08000239   Thumb Code    42  main.o(.text)
    start_task                               0x08000263   Thumb Code   392  main.o(.text)
    main                                     0x080003eb   Thumb Code    80  main.o(.text)
    NMI_Handler                              0x080004a9   Thumb Code     2  stm32f10x_it.o(.text)
    HardFault_Handler                        0x080004ab   Thumb Code     4  stm32f10x_it.o(.text)
    MemManage_Handler                        0x080004af   Thumb Code     4  stm32f10x_it.o(.text)
    BusFault_Handler                         0x080004b3   Thumb Code     4  stm32f10x_it.o(.text)
    UsageFault_Handler                       0x080004b7   Thumb Code     4  stm32f10x_it.o(.text)
    SVC_Handler                              0x080004bb   Thumb Code     2  stm32f10x_it.o(.text)
    DebugMon_Handler                         0x080004bd   Thumb Code     2  stm32f10x_it.o(.text)
    EXTI9_5_IRQHandler                       0x080004bf   Thumb Code     2  stm32f10x_it.o(.text)
    EXTI1_IRQHandler                         0x080004c1   Thumb Code     2  stm32f10x_it.o(.text)
    EXTI2_IRQHandler                         0x080004c3   Thumb Code     2  stm32f10x_it.o(.text)
    EXTI3_IRQHandler                         0x080004c5   Thumb Code     2  stm32f10x_it.o(.text)
    Reset_Handler                            0x080004c9   Thumb Code     8  startup_stm32f10x_hd.o(.text)
    ADC1_2_IRQHandler                        0x080004e3   Thumb Code     0  startup_stm32f10x_hd.o(.text)
    ADC3_IRQHandler                          0x080004e3   Thumb Code     0  startup_stm32f10x_hd.o(.text)
    CAN1_RX1_IRQHandler                      0x080004e3   Thumb Code     0  startup_stm32f10x_hd.o(.text)
    CAN1_SCE_IRQHandler                      0x080004e3   Thumb Code     0  startup_stm32f10x_hd.o(.text)
    DMA1_Channel1_IRQHandler                 0x080004e3   Thumb Code     0  startup_stm32f10x_hd.o(.text)
    DMA1_Channel2_IRQHandler                 0x080004e3   Thumb Code     0  startup_stm32f10x_hd.o(.text)
    DMA1_Channel3_IRQHandler                 0x080004e3   Thumb Code     0  startup_stm32f10x_hd.o(.text)
    DMA1_Channel4_IRQHandler                 0x080004e3   Thumb Code     0  startup_stm32f10x_hd.o(.text)
    DMA1_Channel5_IRQHandler                 0x080004e3   Thumb Code     0  startup_stm32f10x_hd.o(.text)
    DMA1_Channel6_IRQHandler                 0x080004e3   Thumb Code     0  startup_stm32f10x_hd.o(.text)
    DMA1_Channel7_IRQHandler                 0x080004e3   Thumb Code     0  startup_stm32f10x_hd.o(.text)
    DMA2_Channel1_IRQHandler                 0x080004e3   Thumb Code     0  startup_stm32f10x_hd.o(.text)
    DMA2_Channel2_IRQHandler                 0x080004e3   Thumb Code     0  startup_stm32f10x_hd.o(.text)
    DMA2_Channel3_IRQHandler                 0x080004e3   Thumb Code     0  startup_stm32f10x_hd.o(.text)
    DMA2_Channel4_5_IRQHandler               0x080004e3   Thumb Code     0  startup_stm32f10x_hd.o(.text)
    EXTI0_IRQHandler                         0x080004e3   Thumb Code     0  startup_stm32f10x_hd.o(.text)
    EXTI15_10_IRQHandler                     0x080004e3   Thumb Code     0  startup_stm32f10x_hd.o(.text)
    EXTI4_IRQHandler                         0x080004e3   Thumb Code     0  startup_stm32f10x_hd.o(.text)
    FLASH_IRQHandler                         0x080004e3   Thumb Code     0  startup_stm32f10x_hd.o(.text)
    FSMC_IRQHandler                          0x080004e3   Thumb Code     0  startup_stm32f10x_hd.o(.text)
    I2C1_ER_IRQHandler                       0x080004e3   Thumb Code     0  startup_stm32f10x_hd.o(.text)
    I2C1_EV_IRQHandler                       0x080004e3   Thumb Code     0  startup_stm32f10x_hd.o(.text)
    I2C2_ER_IRQHandler                       0x080004e3   Thumb Code     0  startup_stm32f10x_hd.o(.text)
    I2C2_EV_IRQHandler                       0x080004e3   Thumb Code     0  startup_stm32f10x_hd.o(.text)
    PVD_IRQHandler                           0x080004e3   Thumb Code     0  startup_stm32f10x_hd.o(.text)
    RCC_IRQHandler                           0x080004e3   Thumb Code     0  startup_stm32f10x_hd.o(.text)
    RTCAlarm_IRQHandler                      0x080004e3   Thumb Code     0  startup_stm32f10x_hd.o(.text)
    RTC_IRQHandler                           0x080004e3   Thumb Code     0  startup_stm32f10x_hd.o(.text)
    SDIO_IRQHandler                          0x080004e3   Thumb Code     0  startup_stm32f10x_hd.o(.text)
    SPI1_IRQHandler                          0x080004e3   Thumb Code     0  startup_stm32f10x_hd.o(.text)
    SPI2_IRQHandler                          0x080004e3   Thumb Code     0  startup_stm32f10x_hd.o(.text)
    SPI3_IRQHandler                          0x080004e3   Thumb Code     0  startup_stm32f10x_hd.o(.text)
    TAMPER_IRQHandler                        0x080004e3   Thumb Code     0  startup_stm32f10x_hd.o(.text)
    TIM1_BRK_IRQHandler                      0x080004e3   Thumb Code     0  startup_stm32f10x_hd.o(.text)
    TIM1_CC_IRQHandler                       0x080004e3   Thumb Code     0  startup_stm32f10x_hd.o(.text)
    TIM1_TRG_COM_IRQHandler                  0x080004e3   Thumb Code     0  startup_stm32f10x_hd.o(.text)
    TIM1_UP_IRQHandler                       0x080004e3   Thumb Code     0  startup_stm32f10x_hd.o(.text)
    TIM2_IRQHandler                          0x080004e3   Thumb Code     0  startup_stm32f10x_hd.o(.text)
    TIM3_IRQHandler                          0x080004e3   Thumb Code     0  startup_stm32f10x_hd.o(.text)
    TIM4_IRQHandler                          0x080004e3   Thumb Code     0  startup_stm32f10x_hd.o(.text)
    TIM5_IRQHandler                          0x080004e3   Thumb Code     0  startup_stm32f10x_hd.o(.text)
    TIM6_IRQHandler                          0x080004e3   Thumb Code     0  startup_stm32f10x_hd.o(.text)
    TIM7_IRQHandler                          0x080004e3   Thumb Code     0  startup_stm32f10x_hd.o(.text)
    TIM8_BRK_IRQHandler                      0x080004e3   Thumb Code     0  startup_stm32f10x_hd.o(.text)
    TIM8_CC_IRQHandler                       0x080004e3   Thumb Code     0  startup_stm32f10x_hd.o(.text)
    TIM8_TRG_COM_IRQHandler                  0x080004e3   Thumb Code     0  startup_stm32f10x_hd.o(.text)
    TIM8_UP_IRQHandler                       0x080004e3   Thumb Code     0  startup_stm32f10x_hd.o(.text)
    UART4_IRQHandler                         0x080004e3   Thumb Code     0  startup_stm32f10x_hd.o(.text)
    UART5_IRQHandler                         0x080004e3   Thumb Code     0  startup_stm32f10x_hd.o(.text)
    USBWakeUp_IRQHandler                     0x080004e3   Thumb Code     0  startup_stm32f10x_hd.o(.text)
    USB_HP_CAN1_TX_IRQHandler                0x080004e3   Thumb Code     0  startup_stm32f10x_hd.o(.text)
    USB_LP_CAN1_RX0_IRQHandler               0x080004e3   Thumb Code     0  startup_stm32f10x_hd.o(.text)
    WWDG_IRQHandler                          0x080004e3   Thumb Code     0  startup_stm32f10x_hd.o(.text)
    SystemInit                               0x080005cb   Thumb Code    78  system_stm32f10x.o(.text)
    SystemCoreClockUpdate                    0x08000619   Thumb Code   142  system_stm32f10x.o(.text)
    NVIC_PriorityGroupConfig                 0x080006cd   Thumb Code    10  misc.o(.text)
    NVIC_Init                                0x080006d7   Thumb Code   100  misc.o(.text)
    NVIC_SetVectorTable                      0x0800073b   Thumb Code    14  misc.o(.text)
    NVIC_SystemLPConfig                      0x08000749   Thumb Code    34  misc.o(.text)
    SysTick_CLKSourceConfig                  0x0800076b   Thumb Code    40  misc.o(.text)
    GPIO_DeInit                              0x080007a9   Thumb Code   172  stm32f10x_gpio.o(.text)
    GPIO_AFIODeInit                          0x08000855   Thumb Code    20  stm32f10x_gpio.o(.text)
    GPIO_Init                                0x08000869   Thumb Code   278  stm32f10x_gpio.o(.text)
    GPIO_StructInit                          0x0800097f   Thumb Code    16  stm32f10x_gpio.o(.text)
    GPIO_ReadInputDataBit                    0x0800098f   Thumb Code    18  stm32f10x_gpio.o(.text)
    GPIO_ReadInputData                       0x080009a1   Thumb Code     8  stm32f10x_gpio.o(.text)
    GPIO_ReadOutputDataBit                   0x080009a9   Thumb Code    18  stm32f10x_gpio.o(.text)
    GPIO_ReadOutputData                      0x080009bb   Thumb Code     8  stm32f10x_gpio.o(.text)
    GPIO_SetBits                             0x080009c3   Thumb Code     4  stm32f10x_gpio.o(.text)
    GPIO_ResetBits                           0x080009c7   Thumb Code     4  stm32f10x_gpio.o(.text)
    GPIO_WriteBit                            0x080009cb   Thumb Code    10  stm32f10x_gpio.o(.text)
    GPIO_Write                               0x080009d5   Thumb Code     4  stm32f10x_gpio.o(.text)
    GPIO_PinLockConfig                       0x080009d9   Thumb Code    18  stm32f10x_gpio.o(.text)
    GPIO_EventOutputConfig                   0x080009eb   Thumb Code    26  stm32f10x_gpio.o(.text)
    GPIO_EventOutputCmd                      0x08000a05   Thumb Code     6  stm32f10x_gpio.o(.text)
    GPIO_PinRemapConfig                      0x08000a0b   Thumb Code   138  stm32f10x_gpio.o(.text)
    GPIO_EXTILineConfig                      0x08000a95   Thumb Code    66  stm32f10x_gpio.o(.text)
    GPIO_ETH_MediaInterfaceConfig            0x08000ad7   Thumb Code     8  stm32f10x_gpio.o(.text)
    RCC_DeInit                               0x08000b05   Thumb Code    64  stm32f10x_rcc.o(.text)
    RCC_HSEConfig                            0x08000b45   Thumb Code    70  stm32f10x_rcc.o(.text)
    RCC_GetFlagStatus                        0x08000b8b   Thumb Code    56  stm32f10x_rcc.o(.text)
    RCC_WaitForHSEStartUp                    0x08000bc3   Thumb Code    56  stm32f10x_rcc.o(.text)
    RCC_AdjustHSICalibrationValue            0x08000bfb   Thumb Code    20  stm32f10x_rcc.o(.text)
    RCC_HSICmd                               0x08000c0f   Thumb Code     6  stm32f10x_rcc.o(.text)
    RCC_PLLConfig                            0x08000c15   Thumb Code    24  stm32f10x_rcc.o(.text)
    RCC_PLLCmd                               0x08000c2d   Thumb Code     6  stm32f10x_rcc.o(.text)
    RCC_SYSCLKConfig                         0x08000c33   Thumb Code    18  stm32f10x_rcc.o(.text)
    RCC_GetSYSCLKSource                      0x08000c45   Thumb Code    10  stm32f10x_rcc.o(.text)
    RCC_HCLKConfig                           0x08000c4f   Thumb Code    18  stm32f10x_rcc.o(.text)
    RCC_PCLK1Config                          0x08000c61   Thumb Code    18  stm32f10x_rcc.o(.text)
    RCC_PCLK2Config                          0x08000c73   Thumb Code    20  stm32f10x_rcc.o(.text)
    RCC_ITConfig                             0x08000c87   Thumb Code    26  stm32f10x_rcc.o(.text)
    RCC_USBCLKConfig                         0x08000ca1   Thumb Code     8  stm32f10x_rcc.o(.text)
    RCC_ADCCLKConfig                         0x08000ca9   Thumb Code    18  stm32f10x_rcc.o(.text)
    RCC_LSEConfig                            0x08000cbb   Thumb Code    50  stm32f10x_rcc.o(.text)
    RCC_LSICmd                               0x08000ced   Thumb Code     6  stm32f10x_rcc.o(.text)
    RCC_RTCCLKConfig                         0x08000cf3   Thumb Code    12  stm32f10x_rcc.o(.text)
    RCC_RTCCLKCmd                            0x08000cff   Thumb Code     8  stm32f10x_rcc.o(.text)
    RCC_GetClocksFreq                        0x08000d07   Thumb Code   192  stm32f10x_rcc.o(.text)
    RCC_AHBPeriphClockCmd                    0x08000dc7   Thumb Code    26  stm32f10x_rcc.o(.text)
    RCC_APB2PeriphClockCmd                   0x08000de1   Thumb Code    26  stm32f10x_rcc.o(.text)
    RCC_APB1PeriphClockCmd                   0x08000dfb   Thumb Code    26  stm32f10x_rcc.o(.text)
    RCC_APB2PeriphResetCmd                   0x08000e15   Thumb Code    26  stm32f10x_rcc.o(.text)
    RCC_APB1PeriphResetCmd                   0x08000e2f   Thumb Code    26  stm32f10x_rcc.o(.text)
    RCC_BackupResetCmd                       0x08000e49   Thumb Code     8  stm32f10x_rcc.o(.text)
    RCC_ClockSecuritySystemCmd               0x08000e51   Thumb Code     6  stm32f10x_rcc.o(.text)
    RCC_MCOConfig                            0x08000e57   Thumb Code     6  stm32f10x_rcc.o(.text)
    RCC_ClearFlag                            0x08000e5d   Thumb Code    14  stm32f10x_rcc.o(.text)
    RCC_GetITStatus                          0x08000e6b   Thumb Code    20  stm32f10x_rcc.o(.text)
    RCC_ClearITPendingBit                    0x08000e7f   Thumb Code     6  stm32f10x_rcc.o(.text)
    USART_DeInit                             0x08000ea9   Thumb Code   134  stm32f10x_usart.o(.text)
    USART_Init                               0x08000f2f   Thumb Code   210  stm32f10x_usart.o(.text)
    USART_StructInit                         0x08001001   Thumb Code    24  stm32f10x_usart.o(.text)
    USART_ClockInit                          0x08001019   Thumb Code    34  stm32f10x_usart.o(.text)
    USART_ClockStructInit                    0x0800103b   Thumb Code    12  stm32f10x_usart.o(.text)
    USART_Cmd                                0x08001047   Thumb Code    24  stm32f10x_usart.o(.text)
    USART_ITConfig                           0x0800105f   Thumb Code    74  stm32f10x_usart.o(.text)
    USART_DMACmd                             0x080010a9   Thumb Code    18  stm32f10x_usart.o(.text)
    USART_SetAddress                         0x080010bb   Thumb Code    18  stm32f10x_usart.o(.text)
    USART_WakeUpConfig                       0x080010cd   Thumb Code    18  stm32f10x_usart.o(.text)
    USART_ReceiverWakeUpCmd                  0x080010df   Thumb Code    24  stm32f10x_usart.o(.text)
    USART_LINBreakDetectLengthConfig         0x080010f7   Thumb Code    18  stm32f10x_usart.o(.text)
    USART_LINCmd                             0x08001109   Thumb Code    24  stm32f10x_usart.o(.text)
    USART_SendData                           0x08001121   Thumb Code     8  stm32f10x_usart.o(.text)
    USART_ReceiveData                        0x08001129   Thumb Code    10  stm32f10x_usart.o(.text)
    USART_SendBreak                          0x08001133   Thumb Code    10  stm32f10x_usart.o(.text)
    USART_SetGuardTime                       0x0800113d   Thumb Code    16  stm32f10x_usart.o(.text)
    USART_SetPrescaler                       0x0800114d   Thumb Code    16  stm32f10x_usart.o(.text)
    USART_SmartCardCmd                       0x0800115d   Thumb Code    24  stm32f10x_usart.o(.text)
    USART_SmartCardNACKCmd                   0x08001175   Thumb Code    24  stm32f10x_usart.o(.text)
    USART_HalfDuplexCmd                      0x0800118d   Thumb Code    24  stm32f10x_usart.o(.text)
    USART_OverSampling8Cmd                   0x080011a5   Thumb Code    22  stm32f10x_usart.o(.text)
    USART_OneBitMethodCmd                    0x080011bb   Thumb Code    24  stm32f10x_usart.o(.text)
    USART_IrDAConfig                         0x080011d3   Thumb Code    18  stm32f10x_usart.o(.text)
    USART_IrDACmd                            0x080011e5   Thumb Code    24  stm32f10x_usart.o(.text)
    USART_GetFlagStatus                      0x080011fd   Thumb Code    26  stm32f10x_usart.o(.text)
    USART_ClearFlag                          0x08001217   Thumb Code    18  stm32f10x_usart.o(.text)
    USART_GetITStatus                        0x08001229   Thumb Code    84  stm32f10x_usart.o(.text)
    USART_ClearITPendingBit                  0x0800127d   Thumb Code    52  stm32f10x_usart.o(.text)
    FSMC_NORSRAMDeInit                       0x080012b1   Thumb Code    54  stm32f10x_fsmc.o(.text)
    FSMC_NANDDeInit                          0x080012e7   Thumb Code    62  stm32f10x_fsmc.o(.text)
    FSMC_PCCARDDeInit                        0x08001325   Thumb Code    36  stm32f10x_fsmc.o(.text)
    FSMC_NORSRAMInit                         0x08001349   Thumb Code   230  stm32f10x_fsmc.o(.text)
    FSMC_NANDInit                            0x0800142f   Thumb Code   132  stm32f10x_fsmc.o(.text)
    FSMC_PCCARDInit                          0x080014b3   Thumb Code   130  stm32f10x_fsmc.o(.text)
    FSMC_NORSRAMStructInit                   0x08001535   Thumb Code   114  stm32f10x_fsmc.o(.text)
    FSMC_NANDStructInit                      0x080015a7   Thumb Code    54  stm32f10x_fsmc.o(.text)
    FSMC_PCCARDStructInit                    0x080015dd   Thumb Code    60  stm32f10x_fsmc.o(.text)
    FSMC_NORSRAMCmd                          0x08001619   Thumb Code    46  stm32f10x_fsmc.o(.text)
    FSMC_NANDCmd                             0x08001647   Thumb Code    86  stm32f10x_fsmc.o(.text)
    FSMC_PCCARDCmd                           0x0800169d   Thumb Code    44  stm32f10x_fsmc.o(.text)
    FSMC_NANDECCCmd                          0x080016c9   Thumb Code    90  stm32f10x_fsmc.o(.text)
    FSMC_GetECC                              0x08001723   Thumb Code    24  stm32f10x_fsmc.o(.text)
    FSMC_ITConfig                            0x0800173b   Thumb Code   128  stm32f10x_fsmc.o(.text)
    FSMC_GetFlagStatus                       0x080017bb   Thumb Code    54  stm32f10x_fsmc.o(.text)
    FSMC_ClearFlag                           0x080017f1   Thumb Code    62  stm32f10x_fsmc.o(.text)
    FSMC_GetITStatus                         0x0800182f   Thumb Code    64  stm32f10x_fsmc.o(.text)
    FSMC_ClearITPendingBit                   0x0800186f   Thumb Code    68  stm32f10x_fsmc.o(.text)
    LED_Init                                 0x080018bd   Thumb Code    46  led.o(.text)
    TFTLCD_GPIO_Init                         0x080018f1   Thumb Code    98  tftlcd.o(.text)
    TFTLCD_FSMC_Init                         0x08001953   Thumb Code   124  tftlcd.o(.text)
    LCD_WriteCmd                             0x080019cf   Thumb Code     6  tftlcd.o(.text)
    LCD_WriteData                            0x080019d5   Thumb Code     8  tftlcd.o(.text)
    LCD_WriteCmdData                         0x080019dd   Thumb Code    20  tftlcd.o(.text)
    LCD_WriteData_Color                      0x080019f1   Thumb Code     8  tftlcd.o(.text)
    LCD_ReadData                             0x080019f9   Thumb Code     8  tftlcd.o(.text)
    LCD_Display_Dir                          0x08001a01   Thumb Code    96  tftlcd.o(.text)
    LCD_Set_Window                           0x08001a61   Thumb Code   192  tftlcd.o(.text)
    LCD_Clear                                0x08001b21   Thumb Code    68  tftlcd.o(.text)
    TFTLCD_Init                              0x08001b65   Thumb Code   680  tftlcd.o(.text)
    LCD_Fill                                 0x08001e0d   Thumb Code    96  tftlcd.o(.text)
    LCD_DrawPoint                            0x08001e6d   Thumb Code    28  tftlcd.o(.text)
    LCD_DrawFRONT_COLOR                      0x08001e89   Thumb Code    28  tftlcd.o(.text)
    LCD_ReadPoint                            0x08001ea5   Thumb Code    78  tftlcd.o(.text)
    LCD_DrawLine                             0x08001ef3   Thumb Code   176  tftlcd.o(.text)
    LCD_DrawLine_Color                       0x08001fa3   Thumb Code   172  tftlcd.o(.text)
    LCD_DrowSign                             0x0800204f   Thumb Code   132  tftlcd.o(.text)
    LCD_DrawRectangle                        0x080020d3   Thumb Code    60  tftlcd.o(.text)
    LCD_Draw_Circle                          0x0800210f   Thumb Code   152  tftlcd.o(.text)
    LCD_ShowChar                             0x080021a7   Thumb Code   298  tftlcd.o(.text)
    LCD_Pow                                  0x080022d1   Thumb Code    22  tftlcd.o(.text)
    LCD_ShowNum                              0x080022e7   Thumb Code   148  tftlcd.o(.text)
    LCD_ShowxNum                             0x0800237b   Thumb Code   190  tftlcd.o(.text)
    LCD_ShowString                           0x08002439   Thumb Code   102  tftlcd.o(.text)
    LCD_ShowFontHZ                           0x0800249f   Thumb Code   220  tftlcd.o(.text)
    LCD_ShowPicture                          0x0800257b   Thumb Code    92  tftlcd.o(.text)
    USART3_Init                              0x080025e9   Thumb Code   158  esp8266_drive.o(.text)
    USART3_IRQHandler                        0x08002687   Thumb Code   134  esp8266_drive.o(.text)
    USART2_Init                              0x0800270d   Thumb Code   154  esp8266_drive.o(.text)
    USART2_IRQHandler                        0x080027a7   Thumb Code   134  esp8266_drive.o(.text)
    ESP8266_Init                             0x0800282d   Thumb Code    78  esp8266_drive.o(.text)
    ESP8266_Send_AT_Cmd                      0x0800287b   Thumb Code   182  esp8266_drive.o(.text)
    ESP8266_Rst                              0x08002931   Thumb Code    28  esp8266_drive.o(.text)
    ESP8266_AT_Test                          0x0800294d   Thumb Code    80  esp8266_drive.o(.text)
    ESP8266_Net_Mode_Choose                  0x0800299d   Thumb Code   220  esp8266_drive.o(.text)
    ESP8266_JoinAP                           0x08002a79   Thumb Code    86  esp8266_drive.o(.text)
    ESP8266_Enable_MultipleId                0x08002acf   Thumb Code    44  esp8266_drive.o(.text)
    ESP8266_Link_Server                      0x08002afb   Thumb Code   112  esp8266_drive.o(.text)
    ESP8266_UnvarnishSend                    0x08002b6b   Thumb Code    42  esp8266_drive.o(.text)
    ESP8266_SendString                       0x08002b95   Thumb Code   102  esp8266_drive.o(.text)
    ESP8266_ExitUnvarnishSend                0x08002bfb   Thumb Code    28  esp8266_drive.o(.text)
    ESP8266_Get_LinkStatus                   0x08002c17   Thumb Code    66  esp8266_drive.o(.text)
    USART_printf                             0x08002dd3   Thumb Code   262  esp8266_public.o(.text)
    ESP8266_STA_TCPClient_Test               0x08002ed9   Thumb Code   238  sta_tcpclent_test.o(.text)
    Systick_Init                             0x080030d9   Thumb Code    52  systick.o(.text)
    delay_us                                 0x0800310d   Thumb Code     2  systick.o(.text)
    delay_ms                                 0x0800310f   Thumb Code    78  systick.o(.text)
    fputc                                    0x08003165   Thumb Code    32  usart.o(.text)
    USART1_Init                              0x08003185   Thumb Code   174  usart.o(.text)
    USART1_IRQHandler                        0x08003233   Thumb Code    54  usart.o(.text)
    BSP_Init                                 0x08003271   Thumb Code     2  bsp.o(.text)
    BSP_CPU_ClkFreq                          0x08003273   Thumb Code    16  bsp.o(.text)
    CPU_TS_TmrInit                           0x08003283   Thumb Code    44  bsp.o(.text)
    CPU_TS_TmrRd                             0x080032af   Thumb Code     6  bsp.o(.text)
    ASCII_IsAlpha                            0x080032bd   Thumb Code    48  lib_ascii.o(.text)
    ASCII_IsAlphaNum                         0x080032ed   Thumb Code    76  lib_ascii.o(.text)
    ASCII_IsLower                            0x08003339   Thumb Code    20  lib_ascii.o(.text)
    ASCII_IsUpper                            0x0800334d   Thumb Code    20  lib_ascii.o(.text)
    ASCII_IsDig                              0x08003361   Thumb Code    20  lib_ascii.o(.text)
    ASCII_IsDigOct                           0x08003375   Thumb Code    20  lib_ascii.o(.text)
    ASCII_IsDigHex                           0x08003389   Thumb Code    36  lib_ascii.o(.text)
    ASCII_IsBlank                            0x080033ad   Thumb Code    20  lib_ascii.o(.text)
    ASCII_IsSpace                            0x080033c1   Thumb Code    36  lib_ascii.o(.text)
    ASCII_IsPrint                            0x080033e5   Thumb Code    20  lib_ascii.o(.text)
    ASCII_IsGraph                            0x080033f9   Thumb Code    20  lib_ascii.o(.text)
    ASCII_IsPunct                            0x0800340d   Thumb Code   134  lib_ascii.o(.text)
    ASCII_IsCtrl                             0x08003493   Thumb Code    26  lib_ascii.o(.text)
    ASCII_ToLower                            0x080034ad   Thumb Code    32  lib_ascii.o(.text)
    ASCII_ToUpper                            0x080034cd   Thumb Code    32  lib_ascii.o(.text)
    ASCII_Cmp                                0x080034ed   Thumb Code    38  lib_ascii.o(.text)
    Mem_Init                                 0x08003515   Thumb Code    54  lib_mem.o(.text)
    Mem_Set                                  0x0800354b   Thumb Code    98  lib_mem.o(.text)
    Mem_Clr                                  0x080035ad   Thumb Code    18  lib_mem.o(.text)
    Mem_Move                                 0x080035bf   Thumb Code   204  lib_mem.o(.text)
    Mem_Cmp                                  0x0800368b   Thumb Code   192  lib_mem.o(.text)
    Mem_HeapAlloc                            0x0800383f   Thumb Code   274  lib_mem.o(.text)
    Mem_SegGetSizeRem                        0x08003951   Thumb Code   226  lib_mem.o(.text)
    Mem_HeapGetSizeRem                       0x08003a33   Thumb Code    22  lib_mem.o(.text)
    Mem_PoolClr                              0x08003a49   Thumb Code    78  lib_mem.o(.text)
    Mem_PoolCreate                           0x08003a97   Thumb Code  1132  lib_mem.o(.text)
    Mem_PoolBlkGetNbrAvail                   0x08003f03   Thumb Code   140  lib_mem.o(.text)
    Mem_PoolBlkGet                           0x08003f8f   Thumb Code   248  lib_mem.o(.text)
    Mem_PoolBlkGetUsedAtIx                   0x08004087   Thumb Code   236  lib_mem.o(.text)
    Mem_PoolBlkFree                          0x080041d9   Thumb Code   366  lib_mem.o(.text)
    Mem_PoolBlkIxGet                         0x08004347   Thumb Code   342  lib_mem.o(.text)
    Str_Len_N                                0x080044a1   Thumb Code    28  lib_str.o(.text)
    Str_Len                                  0x080044bd   Thumb Code    20  lib_str.o(.text)
    Str_Copy_N                               0x080044d1   Thumb Code    70  lib_str.o(.text)
    Str_Copy                                 0x08004517   Thumb Code    24  lib_str.o(.text)
    Str_Cat_N                                0x0800452f   Thumb Code    90  lib_str.o(.text)
    Str_Cat                                  0x08004589   Thumb Code    24  lib_str.o(.text)
    Str_Cmp_N                                0x080045a1   Thumb Code   156  lib_str.o(.text)
    Str_Cmp                                  0x0800463d   Thumb Code    24  lib_str.o(.text)
    Str_CmpIgnoreCase_N                      0x08004655   Thumb Code   264  lib_str.o(.text)
    Str_CmpIgnoreCase                        0x0800475d   Thumb Code    24  lib_str.o(.text)
    Str_Char_N                               0x08004775   Thumb Code    74  lib_str.o(.text)
    Str_Char                                 0x080047bf   Thumb Code    24  lib_str.o(.text)
    Str_Char_Last_N                          0x080047d7   Thumb Code    76  lib_str.o(.text)
    Str_Char_Last                            0x08004823   Thumb Code    24  lib_str.o(.text)
    Str_Char_Replace_N                       0x0800483b   Thumb Code    52  lib_str.o(.text)
    Str_Char_Replace                         0x0800486f   Thumb Code    28  lib_str.o(.text)
    Str_Str_N                                0x0800488b   Thumb Code   182  lib_str.o(.text)
    Str_Str                                  0x08004941   Thumb Code    24  lib_str.o(.text)
    Str_FmtNbr_Int32U                        0x08004b33   Thumb Code    46  lib_str.o(.text)
    Str_FmtNbr_Int32S                        0x08004b61   Thumb Code    62  lib_str.o(.text)
    Str_ParseNbr_Int32U                      0x08004d5d   Thumb Code    30  lib_str.o(.text)
    Str_ParseNbr_Int32S                      0x08004d7b   Thumb Code    74  lib_str.o(.text)
    Mem_Copy                                 0x08004dc9   Thumb Code     0  lib_mem_a.o(.text)
    CPU_IntDisMeasStop                       0x08004fe9   Thumb Code    62  cpu_core.o(.text)
    CPU_IntDisMeasStart                      0x08005027   Thumb Code    38  cpu_core.o(.text)
    CPU_NameClr                              0x0800504d   Thumb Code    50  cpu_core.o(.text)
    CPU_Init                                 0x080050fd   Thumb Code    16  cpu_core.o(.text)
    CPU_SW_Exception                         0x0800510d   Thumb Code     4  cpu_core.o(.text)
    CPU_NameGet                              0x08005111   Thumb Code    78  cpu_core.o(.text)
    CPU_NameSet                              0x0800515f   Thumb Code   104  cpu_core.o(.text)
    CPU_TS_Get32                             0x080051c7   Thumb Code    12  cpu_core.o(.text)
    CPU_TS_Update                            0x080051d3   Thumb Code     2  cpu_core.o(.text)
    CPU_TS_TmrFreqGet                        0x080051d5   Thumb Code    30  cpu_core.o(.text)
    CPU_TS_TmrFreqSet                        0x080051f3   Thumb Code     6  cpu_core.o(.text)
    CPU_IntDisMeasMaxCurGet                  0x08005211   Thumb Code    40  cpu_core.o(.text)
    CPU_IntDisMeasMaxCurReset                0x08005239   Thumb Code    40  cpu_core.o(.text)
    CPU_IntDisMeasMaxGet                     0x08005261   Thumb Code    40  cpu_core.o(.text)
    CPU_CntLeadZeros08                       0x08005289   Thumb Code    18  cpu_core.o(.text)
    CPU_CntLeadZeros16                       0x0800529b   Thumb Code    18  cpu_core.o(.text)
    CPU_CntLeadZeros32                       0x080052ad   Thumb Code    18  cpu_core.o(.text)
    CPU_CntLeadZeros64                       0x080052bf   Thumb Code   188  cpu_core.o(.text)
    CPU_CntTrailZeros08                      0x0800537b   Thumb Code    22  cpu_core.o(.text)
    CPU_CntTrailZeros16                      0x08005391   Thumb Code    22  cpu_core.o(.text)
    CPU_CntTrailZeros32                      0x080053a7   Thumb Code    22  cpu_core.o(.text)
    CPU_CntTrailZeros64                      0x080053bd   Thumb Code   104  cpu_core.o(.text)
    CPU_IntDis                               0x08005425   Thumb Code     0  cpu_a.o(.text)
    CPU_IntEn                                0x08005429   Thumb Code     0  cpu_a.o(.text)
    CPU_SR_Save                              0x0800542d   Thumb Code     0  cpu_a.o(.text)
    CPU_SR_Restore                           0x08005435   Thumb Code     0  cpu_a.o(.text)
    CPU_WaitForInt                           0x0800543b   Thumb Code     0  cpu_a.o(.text)
    CPU_WaitForExcept                        0x0800543f   Thumb Code     0  cpu_a.o(.text)
    CPU_CntLeadZeros                         0x08005443   Thumb Code     0  cpu_a.o(.text)
    CPU_CntTrailZeros                        0x08005449   Thumb Code     0  cpu_a.o(.text)
    CPU_RevBits                              0x08005453   Thumb Code     0  cpu_a.o(.text)
    OSCfg_Init                               0x08005459   Thumb Code     2  os_cfg_app.o(.text)
    OS_IdleTask                              0x0800545d   Thumb Code    68  os_core.o(.text)
    OS_IdleTaskInit                          0x080054a1   Thumb Code    68  os_core.o(.text)
    OS_RdyListInit                           0x080054e5   Thumb Code    32  os_core.o(.text)
    OSInit                                   0x08005505   Thumb Code   300  os_core.o(.text)
    OSIntEnter                               0x08005631   Thumb Code    34  os_core.o(.text)
    OSIntExit                                0x08005653   Thumb Code   192  os_core.o(.text)
    OSSched                                  0x08005713   Thumb Code   134  os_core.o(.text)
    OS_SchedLockTimeMeasStart                0x08005799   Thumb Code    20  os_core.o(.text)
    OSSchedLock                              0x080057ad   Thumb Code   112  os_core.o(.text)
    OS_SchedLockTimeMeasStop                 0x0800581d   Thumb Code    44  os_core.o(.text)
    OSSchedUnlock                            0x08005849   Thumb Code   302  os_core.o(.text)
    OSSchedRoundRobinCfg                     0x08005977   Thumb Code    96  os_core.o(.text)
    OS_RdyListMoveHeadToTail                 0x080059d7   Thumb Code    68  os_core.o(.text)
    OSSchedRoundRobinYield                   0x08005a1b   Thumb Code   176  os_core.o(.text)
    OSStart                                  0x08005acb   Thumb Code    78  os_core.o(.text)
    OSVersion                                0x08005b19   Thumb Code    12  os_core.o(.text)
    OS_PendDbgNameAdd                        0x08005b25   Thumb Code    66  os_core.o(.text)
    OS_PendListInsertPrio                    0x08005b67   Thumb Code   102  os_core.o(.text)
    OS_PendDataInit                          0x08005bcd   Thumb Code    38  os_core.o(.text)
    OS_RdyListRemove                         0x08005bf3   Thumb Code    86  os_core.o(.text)
    OS_TaskBlock                             0x08005c49   Thumb Code    56  os_core.o(.text)
    OS_Pend                                  0x08005c81   Thumb Code   168  os_core.o(.text)
    OS_PendListRemove1                       0x08005d29   Thumb Code    66  os_core.o(.text)
    OS_PendListRemove                        0x08005d6b   Thumb Code    48  os_core.o(.text)
    OS_PendAbort1                            0x08005d9b   Thumb Code    36  os_core.o(.text)
    OS_RdyListInsertHead                     0x08005dbf   Thumb Code    58  os_core.o(.text)
    OS_RdyListInsertTail                     0x08005df9   Thumb Code    56  os_core.o(.text)
    OS_RdyListInsert                         0x08005e31   Thumb Code    40  os_core.o(.text)
    OS_TaskRdy                               0x08005e59   Thumb Code    28  os_core.o(.text)
    OS_PendAbort                             0x08005e75   Thumb Code   166  os_core.o(.text)
    OS_PendDbgNameRemove                     0x08005f1b   Thumb Code    34  os_core.o(.text)
    OS_PendListChangePrio                    0x08005f3d   Thumb Code    70  os_core.o(.text)
    OS_PendListInit                          0x08005f83   Thumb Code    10  os_core.o(.text)
    OS_PendListInsertHead                    0x08005f8d   Thumb Code    32  os_core.o(.text)
    OS_PendObjDel1                           0x08005fad   Thumb Code    36  os_core.o(.text)
    OS_PendObjDel                            0x08005fd1   Thumb Code   162  os_core.o(.text)
    OS_Post1                                 0x08006073   Thumb Code    42  os_core.o(.text)
    OS_Post                                  0x0800609d   Thumb Code   192  os_core.o(.text)
    OS_Sched0                                0x0800615d   Thumb Code   100  os_core.o(.text)
    OS_SchedRoundRobin                       0x080061c1   Thumb Code   218  os_core.o(.text)
    OS_Dbg_Init                              0x080062ad   Thumb Code   150  os_dbg.o(.text)
    OS_FlagDbgListAdd                        0x08006461   Thumb Code    38  os_flag.o(.text)
    OSFlagCreate                             0x08006487   Thumb Code   210  os_flag.o(.text)
    OS_FlagClr                               0x08006559   Thumb Code    28  os_flag.o(.text)
    OS_FlagDbgListRemove                     0x08006575   Thumb Code    44  os_flag.o(.text)
    OSFlagDel                                0x080065a1   Thumb Code   732  os_flag.o(.text)
    OS_FlagBlock                             0x0800687d   Thumb Code    58  os_flag.o(.text)
    OSFlagPend                               0x080068b7   Thumb Code  1670  os_flag.o(.text)
    OSFlagPendAbort                          0x08006f3d   Thumb Code   334  os_flag.o(.text)
    OSFlagPendGetFlagsRdy                    0x0800708b   Thumb Code    94  os_flag.o(.text)
    OS_FlagTaskRdy                           0x080070e9   Thumb Code    86  os_flag.o(.text)
    OS_FlagPost                              0x0800713f   Thumb Code   626  os_flag.o(.text)
    OSFlagPost                               0x080073b1   Thumb Code   146  os_flag.o(.text)
    OS_FlagInit                              0x08007443   Thumb Code    14  os_flag.o(.text)
    OS_IntQPost                              0x0800746d   Thumb Code   224  os_int.o(.text)
    OS_IntQRePost                            0x0800754d   Thumb Code   360  os_int.o(.text)
    OS_IntQTask                              0x080076b5   Thumb Code   182  os_int.o(.text)
    OS_IntQTaskInit                          0x0800776b   Thumb Code   208  os_int.o(.text)
    OS_MemDbgListAdd                         0x080078cd   Thumb Code    34  os_mem.o(.text)
    OSMemCreate                              0x080078ef   Thumb Code   326  os_mem.o(.text)
    OSMemGet                                 0x08007a35   Thumb Code   112  os_mem.o(.text)
    OSMemPut                                 0x08007aa5   Thumb Code   124  os_mem.o(.text)
    OS_MemInit                               0x08007b21   Thumb Code    14  os_mem.o(.text)
    OS_MsgPoolInit                           0x08007b45   Thumb Code   110  os_msg.o(.text)
    OS_MsgQFreeAll                           0x08007bb3   Thumb Code    62  os_msg.o(.text)
    OS_MsgQInit                              0x08007bf1   Thumb Code    14  os_msg.o(.text)
    OS_MsgQGet                               0x08007bff   Thumb Code    98  os_msg.o(.text)
    OS_MsgQPut                               0x08007c61   Thumb Code   254  os_msg.o(.text)
    OS_MutexDbgListAdd                       0x08007d6d   Thumb Code    38  os_mutex.o(.text)
    OSMutexCreate                            0x08007d93   Thumb Code   216  os_mutex.o(.text)
    OS_MutexClr                              0x08007e6b   Thumb Code    38  os_mutex.o(.text)
    OS_MutexDbgListRemove                    0x08007e91   Thumb Code    44  os_mutex.o(.text)
    OSMutexDel                               0x08007ebd   Thumb Code   960  os_mutex.o(.text)
    OSMutexPend                              0x0800827d   Thumb Code   812  os_mutex.o(.text)
    OSMutexPendAbort                         0x080085a9   Thumb Code   334  os_mutex.o(.text)
    OSMutexPost                              0x080086f7   Thumb Code   646  os_mutex.o(.text)
    OS_MutexInit                             0x0800897d   Thumb Code    14  os_mutex.o(.text)
    OS_PrioInit                              0x080089ad   Thumb Code    20  os_prio.o(.text)
    OS_PrioGetHighest                        0x080089c1   Thumb Code    36  os_prio.o(.text)
    OS_PrioInsert                            0x080089e5   Thumb Code    32  os_prio.o(.text)
    OS_PrioRemove                            0x08008a05   Thumb Code    32  os_prio.o(.text)
    OS_QDbgListAdd                           0x08008a29   Thumb Code    38  os_q.o(.text)
    OSQCreate                                0x08008a4f   Thumb Code   224  os_q.o(.text)
    OS_QClr                                  0x08008b2f   Thumb Code    40  os_q.o(.text)
    OS_QDbgListRemove                        0x08008b57   Thumb Code    44  os_q.o(.text)
    OSQDel                                   0x08008b83   Thumb Code   414  os_q.o(.text)
    OSQFlush                                 0x08008d21   Thumb Code   288  os_q.o(.text)
    OSQPend                                  0x08008e41   Thumb Code   560  os_q.o(.text)
    OSQPendAbort                             0x08009071   Thumb Code   334  os_q.o(.text)
    OS_QPost                                 0x080091bf   Thumb Code   402  os_q.o(.text)
    OSQPost                                  0x08009351   Thumb Code   176  os_q.o(.text)
    OS_QInit                                 0x08009401   Thumb Code    14  os_q.o(.text)
    OS_SemDbgListAdd                         0x08009429   Thumb Code    38  os_sem.o(.text)
    OSSemCreate                              0x0800944f   Thumb Code   210  os_sem.o(.text)
    OS_SemClr                                0x08009521   Thumb Code    28  os_sem.o(.text)
    OS_SemDbgListRemove                      0x0800953d   Thumb Code    44  os_sem.o(.text)
    OSSemDel                                 0x08009569   Thumb Code   414  os_sem.o(.text)
    OSSemPend                                0x08009707   Thumb Code   562  os_sem.o(.text)
    OSSemPendAbort                           0x08009939   Thumb Code   334  os_sem.o(.text)
    OS_SemPost                               0x08009a87   Thumb Code   404  os_sem.o(.text)
    OSSemPost                                0x08009c1b   Thumb Code   162  os_sem.o(.text)
    OSSemSet                                 0x08009cbd   Thumb Code   128  os_sem.o(.text)
    OS_SemInit                               0x08009d3d   Thumb Code    14  os_sem.o(.text)
    OSStatReset                              0x08009d5d   Thumb Code   316  os_stat.o(.text)
    OSStatTaskCPUUsageInit                   0x08009e99   Thumb Code   228  os_stat.o(.text)
    OS_StatTask                              0x08009f7d   Thumb Code   984  os_stat.o(.text)
    OS_StatTaskInit                          0x0800a355   Thumb Code   138  os_stat.o(.text)
    OSTaskChangePrio                         0x0800a439   Thumb Code   482  os_task.o(.text)
    OS_TaskDbgListAdd                        0x0800a61b   Thumb Code    42  os_task.o(.text)
    OS_TaskInitTCB                           0x0800a645   Thumb Code   194  os_task.o(.text)
    OSTaskCreate                             0x0800a707   Thumb Code   674  os_task.o(.text)
    OS_TaskDbgListRemove                     0x0800a9a9   Thumb Code    64  os_task.o(.text)
    OSTaskDel                                0x0800a9e9   Thumb Code   490  os_task.o(.text)
    OSTaskQFlush                             0x0800abd3   Thumb Code   302  os_task.o(.text)
    OSTaskQPend                              0x0800ad01   Thumb Code   572  os_task.o(.text)
    OSTaskQPendAbort                         0x0800af3d   Thumb Code   288  os_task.o(.text)
    OS_TaskQPost                             0x0800b05d   Thumb Code   624  os_task.o(.text)
    OSTaskQPost                              0x0800b2cd   Thumb Code   114  os_task.o(.text)
    OSTaskRegGet                             0x0800b33f   Thumb Code    86  os_task.o(.text)
    OSTaskRegGetID                           0x0800b395   Thumb Code    96  os_task.o(.text)
    OSTaskRegSet                             0x0800b3f5   Thumb Code    86  os_task.o(.text)
    OS_TaskResume                            0x0800b44b   Thumb Code   398  os_task.o(.text)
    OSTaskResume                             0x0800b5d9   Thumb Code   124  os_task.o(.text)
    OSTaskSemPend                            0x0800b655   Thumb Code   578  os_task.o(.text)
    OSTaskSemPendAbort                       0x0800b897   Thumb Code   342  os_task.o(.text)
    OS_TaskSemPost                           0x0800b9ed   Thumb Code  1438  os_task.o(.text)
    OSTaskSemPost                            0x0800bf8b   Thumb Code    98  os_task.o(.text)
    OSTaskSemSet                             0x0800bfed   Thumb Code    88  os_task.o(.text)
    OSTaskStkChk                             0x0800c045   Thumb Code   220  os_task.o(.text)
    OS_TaskSuspend                           0x0800c121   Thumb Code   414  os_task.o(.text)
    OSTaskSuspend                            0x0800c2bf   Thumb Code    78  os_task.o(.text)
    OSTaskTimeQuantaSet                      0x0800c30d   Thumb Code   104  os_task.o(.text)
    OS_TaskInit                              0x0800c375   Thumb Code    18  os_task.o(.text)
    OS_TaskReturn                            0x0800c387   Thumb Code    20  os_task.o(.text)
    OS_TickListRemove                        0x0800c3c1   Thumb Code    56  os_tick.o(.text)
    OS_TickListUpdate                        0x0800c3f9   Thumb Code   520  os_tick.o(.text)
    OS_TickTask                              0x0800c601   Thumb Code    38  os_tick.o(.text)
    OS_TickListInit                          0x0800c627   Thumb Code    32  os_tick.o(.text)
    OS_TickTaskInit                          0x0800c647   Thumb Code   130  os_tick.o(.text)
    OS_TickListInsert                        0x0800c6c9   Thumb Code   502  os_tick.o(.text)
    OS_TickListResetPeak                     0x0800c8bf   Thumb Code    28  os_tick.o(.text)
    OSTimeDly                                0x0800c8e5   Thumb Code   322  os_time.o(.text)
    OSTimeDlyHMSM                            0x0800ca27   Thumb Code   538  os_time.o(.text)
    OSTimeDlyResume                          0x0800cc41   Thumb Code   570  os_time.o(.text)
    OSTimeGet                                0x0800ce7b   Thumb Code    54  os_time.o(.text)
    OSTimeSet                                0x0800ceb1   Thumb Code    54  os_time.o(.text)
    OSTimeTick                               0x0800cee7   Thumb Code    54  os_time.o(.text)
    OS_TmrDbgListAdd                         0x0800cf31   Thumb Code    34  os_tmr.o(.text)
    OSTmrCreate                              0x0800cf53   Thumb Code   286  os_tmr.o(.text)
    OS_TmrClr                                0x0800d071   Thumb Code    36  os_tmr.o(.text)
    OS_TmrUnlink                             0x0800d095   Thumb Code    72  os_tmr.o(.text)
    OS_TmrDbgListRemove                      0x0800d0dd   Thumb Code    44  os_tmr.o(.text)
    OSTmrDel                                 0x0800d109   Thumb Code   182  os_tmr.o(.text)
    OSTmrRemainGet                           0x0800d1bf   Thumb Code   188  os_tmr.o(.text)
    OS_TmrLink                               0x0800d27b   Thumb Code   242  os_tmr.o(.text)
    OSTmrStart                               0x0800d36d   Thumb Code   170  os_tmr.o(.text)
    OSTmrStateGet                            0x0800d417   Thumb Code   142  os_tmr.o(.text)
    OSTmrStop                                0x0800d4a5   Thumb Code   246  os_tmr.o(.text)
    OS_TmrTask                               0x0800d59b   Thumb Code   176  os_tmr.o(.text)
    OS_TmrInit                               0x0800d64b   Thumb Code   208  os_tmr.o(.text)
    OS_TmrResetPeak                          0x0800d71b   Thumb Code    28  os_tmr.o(.text)
    OSIdleTaskHook                           0x0800d795   Thumb Code    16  os_cpu_c.o(.text)
    OSInitHook                               0x0800d7a5   Thumb Code    42  os_cpu_c.o(.text)
    OSStatTaskHook                           0x0800d7cf   Thumb Code    16  os_cpu_c.o(.text)
    OSTaskCreateHook                         0x0800d7df   Thumb Code    20  os_cpu_c.o(.text)
    OSTaskDelHook                            0x0800d7f3   Thumb Code    20  os_cpu_c.o(.text)
    OSTaskReturnHook                         0x0800d807   Thumb Code    20  os_cpu_c.o(.text)
    OSTaskStkInit                            0x0800d81b   Thumb Code   188  os_cpu_c.o(.text)
    OSTaskSwHook                             0x0800d8d7   Thumb Code   146  os_cpu_c.o(.text)
    OSTimeTickHook                           0x0800d969   Thumb Code    16  os_cpu_c.o(.text)
    OS_CPU_SysTickHandler                    0x0800d979   Thumb Code    60  os_cpu_c.o(.text)
    OS_CPU_SysTickInit                       0x0800d9b5   Thumb Code    44  os_cpu_c.o(.text)
    __aeabi_memcpy                           0x0800da21   Thumb Code    36  memcpya.o(.text)
    __aeabi_memcpy4                          0x0800da21   Thumb Code     0  memcpya.o(.text)
    __aeabi_memcpy8                          0x0800da21   Thumb Code     0  memcpya.o(.text)
    __aeabi_memset                           0x0800da45   Thumb Code    14  memseta.o(.text)
    __aeabi_memset4                          0x0800da45   Thumb Code     0  memseta.o(.text)
    __aeabi_memset8                          0x0800da45   Thumb Code     0  memseta.o(.text)
    __aeabi_memclr                           0x0800da53   Thumb Code     4  memseta.o(.text)
    __aeabi_memclr4                          0x0800da53   Thumb Code     0  memseta.o(.text)
    __aeabi_memclr8                          0x0800da53   Thumb Code     0  memseta.o(.text)
    _memset$wrapper                          0x0800da57   Thumb Code    18  memseta.o(.text)
    strstr                                   0x0800da69   Thumb Code    36  strstr.o(.text)
    __aeabi_uidiv                            0x0800da8d   Thumb Code     0  uidiv.o(.text)
    __aeabi_uidivmod                         0x0800da8d   Thumb Code    44  uidiv.o(.text)
    __scatterload                            0x0800dab9   Thumb Code    28  init.o(.text)
    __scatterload_rt2                        0x0800dab9   Thumb Code     0  init.o(.text)
    __decompress                             0x0800dadd   Thumb Code     0  __dczerorl2.o(.text)
    __decompress1                            0x0800dadd   Thumb Code    86  __dczerorl2.o(.text)
    OSStartHighRdy                           0x0800db35   Thumb Code     0  os_cpu_a.o(CODE)
    OS_CPU_PendSVHandler                     0x0800db57   Thumb Code     0  os_cpu_a.o(CODE)
    __0printf$3                              0x0800dbb9   Thumb Code    22  printf3.o(i.__0printf$3)
    __1printf$3                              0x0800dbb9   Thumb Code     0  printf3.o(i.__0printf$3)
    __2printf                                0x0800dbb9   Thumb Code     0  printf3.o(i.__0printf$3)
    __0sprintf$3                             0x0800dbd9   Thumb Code    34  printf3.o(i.__0sprintf$3)
    __1sprintf$3                             0x0800dbd9   Thumb Code     0  printf3.o(i.__0sprintf$3)
    __2sprintf                               0x0800dbd9   Thumb Code     0  printf3.o(i.__0sprintf$3)
    __scatterload_copy                       0x0800dc01   Thumb Code    14  handlers.o(i.__scatterload_copy)
    __scatterload_null                       0x0800dc0f   Thumb Code     2  handlers.o(i.__scatterload_null)
    __scatterload_zeroinit                   0x0800dc11   Thumb Code    14  handlers.o(i.__scatterload_zeroinit)
    ascii_1206                               0x0800de48   Data        1140  tftlcd.o(.constdata)
    ascii_1608                               0x0800e2bc   Data        1520  tftlcd.o(.constdata)
    ascii_2412                               0x0800e8ac   Data        3420  tftlcd.o(.constdata)
    CnChar32x29                              0x0800f608   Data        1062  tftlcd.o(.constdata)
    OSCfg_IdleTaskStkBasePtr                 0x0800fbc4   Data           4  os_cfg_app.o(.constdata)
    OSCfg_IdleTaskStkLimit                   0x0800fbc8   Data           4  os_cfg_app.o(.constdata)
    OSCfg_IdleTaskStkSize                    0x0800fbcc   Data           4  os_cfg_app.o(.constdata)
    OSCfg_IdleTaskStkSizeRAM                 0x0800fbd0   Data           4  os_cfg_app.o(.constdata)
    OSCfg_IntQBasePtr                        0x0800fbd4   Data           4  os_cfg_app.o(.constdata)
    OSCfg_IntQSize                           0x0800fbd8   Data           2  os_cfg_app.o(.constdata)
    OSCfg_IntQSizeRAM                        0x0800fbdc   Data           4  os_cfg_app.o(.constdata)
    OSCfg_IntQTaskStkBasePtr                 0x0800fbe0   Data           4  os_cfg_app.o(.constdata)
    OSCfg_IntQTaskStkLimit                   0x0800fbe4   Data           4  os_cfg_app.o(.constdata)
    OSCfg_IntQTaskStkSize                    0x0800fbe8   Data           4  os_cfg_app.o(.constdata)
    OSCfg_IntQTaskStkSizeRAM                 0x0800fbec   Data           4  os_cfg_app.o(.constdata)
    OSCfg_ISRStkBasePtr                      0x0800fbf0   Data           4  os_cfg_app.o(.constdata)
    OSCfg_ISRStkSize                         0x0800fbf4   Data           4  os_cfg_app.o(.constdata)
    OSCfg_ISRStkSizeRAM                      0x0800fbf8   Data           4  os_cfg_app.o(.constdata)
    OSCfg_MsgPoolSize                        0x0800fbfc   Data           2  os_cfg_app.o(.constdata)
    OSCfg_MsgPoolSizeRAM                     0x0800fc00   Data           4  os_cfg_app.o(.constdata)
    OSCfg_MsgPoolBasePtr                     0x0800fc04   Data           4  os_cfg_app.o(.constdata)
    OSCfg_StatTaskPrio                       0x0800fc08   Data           1  os_cfg_app.o(.constdata)
    OSCfg_StatTaskRate_Hz                    0x0800fc0c   Data           4  os_cfg_app.o(.constdata)
    OSCfg_StatTaskStkBasePtr                 0x0800fc10   Data           4  os_cfg_app.o(.constdata)
    OSCfg_StatTaskStkLimit                   0x0800fc14   Data           4  os_cfg_app.o(.constdata)
    OSCfg_StatTaskStkSize                    0x0800fc18   Data           4  os_cfg_app.o(.constdata)
    OSCfg_StatTaskStkSizeRAM                 0x0800fc1c   Data           4  os_cfg_app.o(.constdata)
    OSCfg_StkSizeMin                         0x0800fc20   Data           4  os_cfg_app.o(.constdata)
    OSCfg_TickRate_Hz                        0x0800fc24   Data           4  os_cfg_app.o(.constdata)
    OSCfg_TickTaskPrio                       0x0800fc28   Data           1  os_cfg_app.o(.constdata)
    OSCfg_TickTaskStkBasePtr                 0x0800fc2c   Data           4  os_cfg_app.o(.constdata)
    OSCfg_TickTaskStkLimit                   0x0800fc30   Data           4  os_cfg_app.o(.constdata)
    OSCfg_TickTaskStkSize                    0x0800fc34   Data           4  os_cfg_app.o(.constdata)
    OSCfg_TickTaskStkSizeRAM                 0x0800fc38   Data           4  os_cfg_app.o(.constdata)
    OSCfg_TickWheelSize                      0x0800fc3c   Data           2  os_cfg_app.o(.constdata)
    OSCfg_TickWheelSizeRAM                   0x0800fc40   Data           4  os_cfg_app.o(.constdata)
    OSCfg_TmrTaskPrio                        0x0800fc44   Data           1  os_cfg_app.o(.constdata)
    OSCfg_TmrTaskRate_Hz                     0x0800fc48   Data           4  os_cfg_app.o(.constdata)
    OSCfg_TmrTaskStkBasePtr                  0x0800fc4c   Data           4  os_cfg_app.o(.constdata)
    OSCfg_TmrTaskStkLimit                    0x0800fc50   Data           4  os_cfg_app.o(.constdata)
    OSCfg_TmrTaskStkSize                     0x0800fc54   Data           4  os_cfg_app.o(.constdata)
    OSCfg_TmrTaskStkSizeRAM                  0x0800fc58   Data           4  os_cfg_app.o(.constdata)
    OSCfg_TmrWheelSize                       0x0800fc5c   Data           2  os_cfg_app.o(.constdata)
    OSCfg_TmrWheelSizeRAM                    0x0800fc60   Data           4  os_cfg_app.o(.constdata)
    OSCfg_DataSizeRAM                        0x0800fc64   Data           4  os_cfg_app.o(.constdata)
    OSDbg_DbgEn                              0x0800fc68   Data           1  os_dbg.o(.constdata)
    OSDbg_ArgChkEn                           0x0800fc69   Data           1  os_dbg.o(.constdata)
    OSDbg_AppHooksEn                         0x0800fc6a   Data           1  os_dbg.o(.constdata)
    OSDbg_EndiannessTest                     0x0800fc6c   Data           4  os_dbg.o(.constdata)
    OSDbg_CalledFromISRChkEn                 0x0800fc70   Data           1  os_dbg.o(.constdata)
    OSDbg_FlagEn                             0x0800fc71   Data           1  os_dbg.o(.constdata)
    OSDbg_FlagGrp                            0x0800fc74   Data          40  os_dbg.o(.constdata)
    OSDbg_FlagDelEn                          0x0800fc9c   Data           1  os_dbg.o(.constdata)
    OSDbg_FlagModeClrEn                      0x0800fc9d   Data           1  os_dbg.o(.constdata)
    OSDbg_FlagPendAbortEn                    0x0800fc9e   Data           1  os_dbg.o(.constdata)
    OSDbg_FlagGrpSize                        0x0800fca0   Data           2  os_dbg.o(.constdata)
    OSDbg_FlagWidth                          0x0800fca2   Data           2  os_dbg.o(.constdata)
    OSDbg_IntQ                               0x0800fca4   Data           2  os_dbg.o(.constdata)
    OSDbg_ISRPostDeferredEn                  0x0800fca6   Data           1  os_dbg.o(.constdata)
    OSDbg_Mem                                0x0800fca8   Data          32  os_dbg.o(.constdata)
    OSDbg_MemEn                              0x0800fcc8   Data           1  os_dbg.o(.constdata)
    OSDbg_MemSize                            0x0800fcca   Data           2  os_dbg.o(.constdata)
    OSDbg_MsgEn                              0x0800fccc   Data           1  os_dbg.o(.constdata)
    OSDbg_MsgSize                            0x0800fcce   Data           2  os_dbg.o(.constdata)
    OSDbg_MsgPoolSize                        0x0800fcd0   Data           2  os_dbg.o(.constdata)
    OSDbg_MsgQSize                           0x0800fcd2   Data           2  os_dbg.o(.constdata)
    OSDbg_Mutex                              0x0800fcd4   Data          44  os_dbg.o(.constdata)
    OSDbg_MutexEn                            0x0800fd00   Data           1  os_dbg.o(.constdata)
    OSDbg_MutexDelEn                         0x0800fd01   Data           1  os_dbg.o(.constdata)
    OSDbg_MutexPendAbortEn                   0x0800fd02   Data           1  os_dbg.o(.constdata)
    OSDbg_MutexSize                          0x0800fd04   Data           2  os_dbg.o(.constdata)
    OSDbg_ObjTypeChkEn                       0x0800fd06   Data           1  os_dbg.o(.constdata)
    OSDbg_PendMultiEn                        0x0800fd07   Data           1  os_dbg.o(.constdata)
    OSDbg_PendDataSize                       0x0800fd08   Data           2  os_dbg.o(.constdata)
    OSDbg_PendListSize                       0x0800fd0a   Data           2  os_dbg.o(.constdata)
    OSDbg_PendObjSize                        0x0800fd0c   Data           2  os_dbg.o(.constdata)
    OSDbg_PrioMax                            0x0800fd0e   Data           2  os_dbg.o(.constdata)
    OSDbg_PrioTblSize                        0x0800fd10   Data           2  os_dbg.o(.constdata)
    OSDbg_PtrSize                            0x0800fd12   Data           2  os_dbg.o(.constdata)
    OSDbg_Q                                  0x0800fd14   Data          48  os_dbg.o(.constdata)
    OSDbg_QEn                                0x0800fd44   Data           1  os_dbg.o(.constdata)
    OSDbg_QDelEn                             0x0800fd45   Data           1  os_dbg.o(.constdata)
    OSDbg_QFlushEn                           0x0800fd46   Data           1  os_dbg.o(.constdata)
    OSDbg_QPendAbortEn                       0x0800fd47   Data           1  os_dbg.o(.constdata)
    OSDbg_QSize                              0x0800fd48   Data           2  os_dbg.o(.constdata)
    OSDbg_SchedRoundRobinEn                  0x0800fd4a   Data           1  os_dbg.o(.constdata)
    OSDbg_Sem                                0x0800fd4c   Data          40  os_dbg.o(.constdata)
    OSDbg_SemEn                              0x0800fd74   Data           1  os_dbg.o(.constdata)
    OSDbg_SemDelEn                           0x0800fd75   Data           1  os_dbg.o(.constdata)
    OSDbg_SemPendAbortEn                     0x0800fd76   Data           1  os_dbg.o(.constdata)
    OSDbg_SemSetEn                           0x0800fd77   Data           1  os_dbg.o(.constdata)
    OSDbg_SemSize                            0x0800fd78   Data           2  os_dbg.o(.constdata)
    OSDbg_RdyList                            0x0800fd7a   Data           2  os_dbg.o(.constdata)
    OSDbg_RdyListSize                        0x0800fd7c   Data           4  os_dbg.o(.constdata)
    OSDbg_StkWidth                           0x0800fd80   Data           1  os_dbg.o(.constdata)
    OSDbg_StatTaskEn                         0x0800fd81   Data           1  os_dbg.o(.constdata)
    OSDbg_StatTaskStkChkEn                   0x0800fd82   Data           1  os_dbg.o(.constdata)
    OSDbg_TaskChangePrioEn                   0x0800fd83   Data           1  os_dbg.o(.constdata)
    OSDbg_TaskDelEn                          0x0800fd84   Data           1  os_dbg.o(.constdata)
    OSDbg_TaskQEn                            0x0800fd85   Data           1  os_dbg.o(.constdata)
    OSDbg_TaskQPendAbortEn                   0x0800fd86   Data           1  os_dbg.o(.constdata)
    OSDbg_TaskProfileEn                      0x0800fd87   Data           1  os_dbg.o(.constdata)
    OSDbg_TaskRegTblSize                     0x0800fd88   Data           2  os_dbg.o(.constdata)
    OSDbg_TaskSemPendAbortEn                 0x0800fd8a   Data           1  os_dbg.o(.constdata)
    OSDbg_TaskSuspendEn                      0x0800fd8b   Data           1  os_dbg.o(.constdata)
    OSDbg_TCBSize                            0x0800fd8c   Data           2  os_dbg.o(.constdata)
    OSDbg_TickSpokeSize                      0x0800fd8e   Data           2  os_dbg.o(.constdata)
    OSDbg_TimeDlyHMSMEn                      0x0800fd90   Data           1  os_dbg.o(.constdata)
    OSDbg_TimeDlyResumeEn                    0x0800fd91   Data           1  os_dbg.o(.constdata)
    OSDbg_TLS_TblSize                        0x0800fd92   Data           2  os_dbg.o(.constdata)
    OSDbg_Tmr                                0x0800fd94   Data          52  os_dbg.o(.constdata)
    OSDbg_TmrEn                              0x0800fdc8   Data           1  os_dbg.o(.constdata)
    OSDbg_TmrDelEn                           0x0800fdc9   Data           1  os_dbg.o(.constdata)
    OSDbg_TmrSize                            0x0800fdca   Data           2  os_dbg.o(.constdata)
    OSDbg_TmrSpokeSize                       0x0800fdcc   Data           2  os_dbg.o(.constdata)
    OSDbg_VersionNbr                         0x0800fdce   Data           2  os_dbg.o(.constdata)
    OSDbg_DataSize                           0x0800fdd0   Data           4  os_dbg.o(.constdata)
    Region$$Table$$Base                      0x0800fdd4   Number         0  anon$$obj.o(Region$$Table)
    Region$$Table$$Limit                     0x0800fdf4   Number         0  anon$$obj.o(Region$$Table)
    SystemCoreClock                          0x20000000   Data           4  system_stm32f10x.o(.data)
    AHBPrescTable                            0x20000004   Data          16  system_stm32f10x.o(.data)
    FRONT_COLOR                              0x20000028   Data           2  tftlcd.o(.data)
    BACK_COLOR                               0x2000002a   Data           2  tftlcd.o(.data)
    tftlcd_data                              0x2000002c   Data           8  tftlcd.o(.data)
    err                                      0x20000034   Data           2  esp8266_drive.o(.data)
    strr                                     0x20000038   Data           4  esp8266_drive.o(.data)
    TcpClosedFlag                            0x2000003c   Data           1  sta_tcpclent_test.o(.data)
    Mem_PoolTbl                              0x20000044   Data           4  lib_mem.o(.data)
    CPU_TS_TmrFreq_Hz                        0x20000048   Data           4  cpu_core.o(.data)
    CPU_IntDisMeasCtr                        0x2000004c   Data           2  cpu_core.o(.data)
    CPU_IntDisNestCtr                        0x2000004e   Data           2  cpu_core.o(.data)
    CPU_IntDisMeasStart_cnts                 0x20000050   Data           4  cpu_core.o(.data)
    CPU_IntDisMeasStop_cnts                  0x20000054   Data           4  cpu_core.o(.data)
    CPU_IntDisMeasOvrhd_cnts                 0x20000058   Data           4  cpu_core.o(.data)
    CPU_IntDisMeasMaxCur_cnts                0x2000005c   Data           4  cpu_core.o(.data)
    CPU_IntDisMeasMax_cnts                   0x20000060   Data           4  cpu_core.o(.data)
    OSPrioTbl                                0x20000064   Data           4  os_prio.o(.data)
    OS_AppTaskCreateHookPtr                  0x20000068   Data           4  os_var.o(.data)
    OS_AppTaskDelHookPtr                     0x2000006c   Data           4  os_var.o(.data)
    OS_AppTaskReturnHookPtr                  0x20000070   Data           4  os_var.o(.data)
    OS_AppIdleTaskHookPtr                    0x20000074   Data           4  os_var.o(.data)
    OS_AppStatTaskHookPtr                    0x20000078   Data           4  os_var.o(.data)
    OS_AppTaskSwHookPtr                      0x2000007c   Data           4  os_var.o(.data)
    OS_AppTimeTickHookPtr                    0x20000080   Data           4  os_var.o(.data)
    OSIdleTaskCtr                            0x20000084   Data           4  os_var.o(.data)
    OSIntNestingCtr                          0x20000088   Data           1  os_var.o(.data)
    OSIntDisTimeMax                          0x2000008c   Data           4  os_var.o(.data)
    OSRunning                                0x20000090   Data           1  os_var.o(.data)
    OSIntQInPtr                              0x20000094   Data           4  os_var.o(.data)
    OSIntQOutPtr                             0x20000098   Data           4  os_var.o(.data)
    OSIntQNbrEntries                         0x2000009c   Data           2  os_var.o(.data)
    OSIntQNbrEntriesMax                      0x2000009e   Data           2  os_var.o(.data)
    OSIntQOvfCtr                             0x200000a0   Data           2  os_var.o(.data)
    OSIntQTaskTimeMax                        0x200000a4   Data           4  os_var.o(.data)
    OSFlagDbgListPtr                         0x200000a8   Data           4  os_var.o(.data)
    OSFlagQty                                0x200000ac   Data           2  os_var.o(.data)
    OSMemDbgListPtr                          0x200000b0   Data           4  os_var.o(.data)
    OSMemQty                                 0x200000b4   Data           2  os_var.o(.data)
    OSMutexDbgListPtr                        0x200000b8   Data           4  os_var.o(.data)
    OSMutexQty                               0x200000bc   Data           2  os_var.o(.data)
    OSPrioCur                                0x200000be   Data           1  os_var.o(.data)
    OSPrioHighRdy                            0x200000bf   Data           1  os_var.o(.data)
    OSPrioSaved                              0x200000c0   Data           1  os_var.o(.data)
    OSQDbgListPtr                            0x200000c4   Data           4  os_var.o(.data)
    OSQQty                                   0x200000c8   Data           2  os_var.o(.data)
    OSSchedLockTimeBegin                     0x200000cc   Data           4  os_var.o(.data)
    OSSchedLockTimeMax                       0x200000d0   Data           4  os_var.o(.data)
    OSSchedLockTimeMaxCur                    0x200000d4   Data           4  os_var.o(.data)
    OSSchedLockNestingCtr                    0x200000d8   Data           1  os_var.o(.data)
    OSSchedRoundRobinDfltTimeQuanta          0x200000dc   Data           4  os_var.o(.data)
    OSSchedRoundRobinEn                      0x200000e0   Data           1  os_var.o(.data)
    OSSemDbgListPtr                          0x200000e4   Data           4  os_var.o(.data)
    OSSemQty                                 0x200000e8   Data           2  os_var.o(.data)
    OSStatResetFlag                          0x200000ea   Data           1  os_var.o(.data)
    OSStatTaskCPUUsage                       0x200000ec   Data           2  os_var.o(.data)
    OSStatTaskCPUUsageMax                    0x200000ee   Data           2  os_var.o(.data)
    OSStatTaskCtr                            0x200000f0   Data           4  os_var.o(.data)
    OSStatTaskCtrMax                         0x200000f4   Data           4  os_var.o(.data)
    OSStatTaskCtrRun                         0x200000f8   Data           4  os_var.o(.data)
    OSStatTaskRdy                            0x200000fc   Data           1  os_var.o(.data)
    OSStatTaskTimeMax                        0x20000100   Data           4  os_var.o(.data)
    OSTaskCtxSwCtr                           0x20000104   Data           4  os_var.o(.data)
    OSTaskDbgListPtr                         0x20000108   Data           4  os_var.o(.data)
    OSTaskQty                                0x2000010c   Data           2  os_var.o(.data)
    OSTaskRegNextAvailID                     0x2000010e   Data           1  os_var.o(.data)
    OSTickCtr                                0x20000110   Data           4  os_var.o(.data)
    OSTickTaskTimeMax                        0x20000114   Data           4  os_var.o(.data)
    OSTmrDbgListPtr                          0x20000118   Data           4  os_var.o(.data)
    OSTmrQty                                 0x2000011c   Data           2  os_var.o(.data)
    OSTmrTaskTimeMax                         0x20000120   Data           4  os_var.o(.data)
    OSTmrTickCtr                             0x20000124   Data           4  os_var.o(.data)
    OSTmrUpdateCnt                           0x20000128   Data           4  os_var.o(.data)
    OSTmrUpdateCtr                           0x2000012c   Data           4  os_var.o(.data)
    OSTCBCurPtr                              0x20000130   Data           4  os_var.o(.data)
    OSTCBHighRdyPtr                          0x20000134   Data           4  os_var.o(.data)
    OS_CPU_ExceptStkBase                     0x20000138   Data           4  os_cpu_c.o(.data)
    __stdout                                 0x2000013c   Data           4  stdout.o(.data)
    StartTaskTCB                             0x20000140   Data         200  main.o(.bss)
    START_TASK_STK                           0x20000208   Data        2048  main.o(.bss)
    Led1TaskTCB                              0x20000a08   Data         200  main.o(.bss)
    LED1_TASK_STK                            0x20000ad0   Data        2048  main.o(.bss)
    TFTLCDTaskTCB                            0x200012d0   Data         200  main.o(.bss)
    TFTLCD_TASK_STK                          0x20001398   Data        2048  main.o(.bss)
    ESP8266TaskTCB                           0x20001b98   Data         200  main.o(.bss)
    ESP8266_TASK_STK                         0x20001c60   Data        2048  main.o(.bss)
    ESP8266_Fram_Record_Struct               0x20002460   Data        1026  esp8266_drive.o(.bss)
    Mem_PoolHeap                             0x20002864   Data          72  lib_mem.o(.bss)
    Mem_Heap                                 0x200028ac   Data       27648  lib_mem.o(.bss)
    CPU_Name                                 0x200094ac   Data          16  cpu_core.o(.bss)
    OSCfg_IdleTaskStk                        0x200094bc   Data         512  os_cfg_app.o(.bss)
    OSCfg_IntQ                               0x200096bc   Data         320  os_cfg_app.o(.bss)
    OSCfg_IntQTaskStk                        0x200097fc   Data         512  os_cfg_app.o(.bss)
    OSCfg_ISRStk                             0x200099fc   Data         512  os_cfg_app.o(.bss)
    OSCfg_MsgPool                            0x20009bfc   Data        1600  os_cfg_app.o(.bss)
    OSCfg_StatTaskStk                        0x2000a23c   Data         512  os_cfg_app.o(.bss)
    OSCfg_TickTaskStk                        0x2000a43c   Data         512  os_cfg_app.o(.bss)
    OSCfg_TickWheel                          0x2000a63c   Data         136  os_cfg_app.o(.bss)
    OSCfg_TmrTaskStk                         0x2000a6c4   Data         512  os_cfg_app.o(.bss)
    OSCfg_TmrWheel                           0x2000a8c4   Data         136  os_cfg_app.o(.bss)
    OSIdleTaskTCB                            0x2000a94c   Data         200  os_var.o(.bss)
    OSIntQTaskTCB                            0x2000aa14   Data         200  os_var.o(.bss)
    OSMsgPool                                0x2000aadc   Data          12  os_var.o(.bss)
    OSRdyList                                0x2000aae8   Data         384  os_var.o(.bss)
    OSStatTaskTCB                            0x2000ac68   Data         200  os_var.o(.bss)
    OSTickTaskTCB                            0x2000ad30   Data         200  os_var.o(.bss)
    OSTmrTaskTCB                             0x2000adf8   Data         200  os_var.o(.bss)
    __initial_sp                             0x2000b6c0   Data           0  startup_stm32f10x_hd.o(STACK)



==============================================================================

Memory Map of the image

  Image Entry point : 0x080004c9

  Load Region LR_1 (Base: 0x08000000, Size: 0x0000ff34, Max: 0xffffffff, ABSOLUTE, COMPRESSED[0x0000fe14])

    Execution Region ER_RO (Base: 0x08000000, Size: 0x0000fdf4, Max: 0xffffffff, ABSOLUTE)

    Base Addr    Size         Type   Attr      Idx    E Section Name        Object

    0x08000000   0x00000130   Data   RO          239    RESET               startup_stm32f10x_hd.o
    0x08000130   0x00000000   Code   RO          938  * .ARM.Collect$$$$00000000  mc_w.l(entry.o)
    0x08000130   0x00000004   Code   RO         1210    .ARM.Collect$$$$00000001  mc_w.l(entry2.o)
    0x08000134   0x00000004   Code   RO         1213    .ARM.Collect$$$$00000004  mc_w.l(entry5.o)
    0x08000138   0x00000000   Code   RO         1215    .ARM.Collect$$$$00000008  mc_w.l(entry7b.o)
    0x08000138   0x00000000   Code   RO         1217    .ARM.Collect$$$$0000000A  mc_w.l(entry8b.o)
    0x08000138   0x00000008   Code   RO         1218    .ARM.Collect$$$$0000000B  mc_w.l(entry9a.o)
    0x08000140   0x00000000   Code   RO         1220    .ARM.Collect$$$$0000000D  mc_w.l(entry10a.o)
    0x08000140   0x00000000   Code   RO         1222    .ARM.Collect$$$$0000000F  mc_w.l(entry11a.o)
    0x08000140   0x00000004   Code   RO         1211    .ARM.Collect$$$$00002712  mc_w.l(entry2.o)
    0x08000144   0x00000364   Code   RO            1    .text               main.o
    0x080004a8   0x0000001e   Code   RO          200    .text               stm32f10x_it.o
    0x080004c6   0x00000002   PAD
    0x080004c8   0x00000024   Code   RO          240  * .text               startup_stm32f10x_hd.o
    0x080004ec   0x000001e0   Code   RO          245    .text               system_stm32f10x.o
    0x080006cc   0x000000dc   Code   RO          292    .text               misc.o
    0x080007a8   0x0000035c   Code   RO          304    .text               stm32f10x_gpio.o
    0x08000b04   0x000003a4   Code   RO          316    .text               stm32f10x_rcc.o
    0x08000ea8   0x00000408   Code   RO          330    .text               stm32f10x_usart.o
    0x080012b0   0x0000060c   Code   RO          342    .text               stm32f10x_fsmc.o
    0x080018bc   0x00000034   Code   RO          378    .text               led.o
    0x080018f0   0x00000cf8   Code   RO          393    .text               tftlcd.o
    0x080025e8   0x00000788   Code   RO          422    .text               esp8266_drive.o
    0x08002d70   0x00000168   Code   RO          451    .text               esp8266_public.o
    0x08002ed8   0x00000200   Code   RO          469    .text               sta_tcpclent_test.o
    0x080030d8   0x0000008c   Code   RO          496    .text               systick.o
    0x08003164   0x0000010c   Code   RO          513    .text               usart.o
    0x08003270   0x0000004c   Code   RO          532    .text               bsp.o
    0x080032bc   0x00000256   Code   RO          550    .text               lib_ascii.o
    0x08003512   0x00000002   PAD
    0x08003514   0x00000f8c   Code   RO          583    .text               lib_mem.o
    0x080044a0   0x00000928   Code   RO          602    .text               lib_str.o
    0x08004dc8   0x00000220   Code   RO          619    .text               lib_mem_a.o
    0x08004fe8   0x0000043c   Code   RO          622    .text               cpu_core.o
    0x08005424   0x00000034   Code   RO          648    .text               cpu_a.o
    0x08005458   0x00000002   Code   RO          663    .text               os_cfg_app.o
    0x0800545a   0x00000002   PAD
    0x0800545c   0x00000e50   Code   RO          686    .text               os_core.o
    0x080062ac   0x000001b4   Code   RO          698    .text               os_dbg.o
    0x08006460   0x0000100c   Code   RO          713    .text               os_flag.o
    0x0800746c   0x00000460   Code   RO          725    .text               os_int.o
    0x080078cc   0x00000278   Code   RO          737    .text               os_mem.o
    0x08007b44   0x00000228   Code   RO          749    .text               os_msg.o
    0x08007d6c   0x00000c40   Code   RO          761    .text               os_mutex.o
    0x080089ac   0x0000007c   Code   RO          785    .text               os_prio.o
    0x08008a28   0x00000a00   Code   RO          804    .text               os_q.o
    0x08009428   0x00000934   Code   RO          816    .text               os_sem.o
    0x08009d5c   0x000006dc   Code   RO          828    .text               os_stat.o
    0x0800a438   0x00001f88   Code   RO          840    .text               os_task.o
    0x0800c3c0   0x00000524   Code   RO          852    .text               os_tick.o
    0x0800c8e4   0x0000064c   Code   RO          864    .text               os_time.o
    0x0800cf30   0x00000864   Code   RO          876    .text               os_tmr.o
    0x0800d794   0x0000028c   Code   RO          905    .text               os_cpu_c.o
    0x0800da20   0x00000024   Code   RO          941    .text               mc_w.l(memcpya.o)
    0x0800da44   0x00000024   Code   RO          943    .text               mc_w.l(memseta.o)
    0x0800da68   0x00000024   Code   RO          945    .text               mc_w.l(strstr.o)
    0x0800da8c   0x0000002c   Code   RO         1225    .text               mc_w.l(uidiv.o)
    0x0800dab8   0x00000024   Code   RO         1240    .text               mc_w.l(init.o)
    0x0800dadc   0x00000056   Code   RO         1258    .text               mc_w.l(__dczerorl2.o)
    0x0800db32   0x00000002   PAD
    0x0800db34   0x00000084   Code   RO          902    CODE                os_cpu_a.o
    0x0800dbb8   0x00000020   Code   RO         1038    i.__0printf$3       mc_w.l(printf3.o)
    0x0800dbd8   0x00000028   Code   RO         1040    i.__0sprintf$3      mc_w.l(printf3.o)
    0x0800dc00   0x0000000e   Code   RO         1252    i.__scatterload_copy  mc_w.l(handlers.o)
    0x0800dc0e   0x00000002   Code   RO         1253    i.__scatterload_null  mc_w.l(handlers.o)
    0x0800dc10   0x0000000e   Code   RO         1254    i.__scatterload_zeroinit  mc_w.l(handlers.o)
    0x0800dc1e   0x00000002   PAD
    0x0800dc20   0x000001b8   Code   RO         1045    i._printf_core      mc_w.l(printf3.o)
    0x0800ddd8   0x0000000a   Code   RO         1047    i._sputc            mc_w.l(printf3.o)
    0x0800dde2   0x00000002   PAD
    0x0800dde4   0x00000064   Data   RO            3    .constdata          main.o
    0x0800de48   0x00001be6   Data   RO          394    .constdata          tftlcd.o
    0x0800fa2e   0x00000002   PAD
    0x0800fa30   0x00000094   Data   RO          603    .constdata          lib_str.o
    0x0800fac4   0x00000100   Data   RO          624    .constdata          cpu_core.o
    0x0800fbc4   0x000000a4   Data   RO          665    .constdata          os_cfg_app.o
    0x0800fc68   0x0000016c   Data   RO          699    .constdata          os_dbg.o
    0x0800fdd4   0x00000020   Data   RO         1250    Region$$Table       anon$$obj.o


    Execution Region ER_RW (Base: 0x20000000, Size: 0x00000140, Max: 0xffffffff, ABSOLUTE, COMPRESSED[0x00000020])

    Base Addr    Size         Type   Attr      Idx    E Section Name        Object

    0x20000000   0x00000014   Data   RW          246    .data               system_stm32f10x.o
    0x20000014   0x00000014   Data   RW          317    .data               stm32f10x_rcc.o
    0x20000028   0x0000000c   Data   RW          395    .data               tftlcd.o
    0x20000034   0x00000008   Data   RW          424    .data               esp8266_drive.o
    0x2000003c   0x00000001   Data   RW          470    .data               sta_tcpclent_test.o
    0x2000003d   0x00000001   PAD
    0x2000003e   0x00000004   Data   RW          497    .data               systick.o
    0x20000042   0x00000002   PAD
    0x20000044   0x00000004   Data   RW          585    .data               lib_mem.o
    0x20000048   0x0000001c   Data   RW          625    .data               cpu_core.o
    0x20000064   0x00000004   Data   RW          786    .data               os_prio.o
    0x20000068   0x000000d0   Data   RW          889    .data               os_var.o
    0x20000138   0x00000004   Data   RW          906    .data               os_cpu_c.o
    0x2000013c   0x00000004   Data   RW         1224    .data               mc_w.l(stdout.o)


    Execution Region ER_ZI (Base: 0x20000140, Size: 0x0000b580, Max: 0xffffffff, ABSOLUTE)

    Base Addr    Size         Type   Attr      Idx    E Section Name        Object

    0x20000140   0x00002320   Zero   RW            2    .bss                main.o
    0x20002460   0x00000402   Zero   RW          423    .bss                esp8266_drive.o
    0x20002862   0x00000002   PAD
    0x20002864   0x00006c48   Zero   RW          584    .bss                lib_mem.o
    0x200094ac   0x00000010   Zero   RW          623    .bss                cpu_core.o
    0x200094bc   0x00001490   Zero   RW          664    .bss                os_cfg_app.o
    0x2000a94c   0x00000574   Zero   RW          888    .bss                os_var.o
    0x2000aec0   0x00000800   Zero   RW          237    STACK               startup_stm32f10x_hd.o


==============================================================================

Image component sizes


      Code (inc. data)   RO Data    RW Data    ZI Data      Debug   Object Name

        76          8          0          0          0        999   bsp.o
        52          0          0          0          0        336   cpu_a.o
      1084         42        256         28         16      16261   cpu_core.o
      1928        414          0          8       1026       6568   esp8266_drive.o
       360          0          0          0          0       2319   esp8266_public.o
        52          6          0          0          0        467   led.o
       598          0          0          0          0       3688   lib_ascii.o
      3980         62          0          4      27720      24636   lib_mem.o
       544          0          0          0          0        480   lib_mem_a.o
      2344          4        148          0          0      13050   lib_str.o
       868        110        100          0       8992     284150   main.o
       220         22          0          0          0       1885   misc.o
         2          0        164          0       5264      20894   os_cfg_app.o
      3664        294          0          0          0      12117   os_core.o
       132         32          0          0          0        380   os_cpu_a.o
       652         64          0          4          0       3785   os_cpu_c.o
       436        286        364          0          0       4757   os_dbg.o
      4108        110          0          0          0       8131   os_flag.o
      1120        146          0          0          0       2280   os_int.o
       632         22          0          0          0       2708   os_mem.o
       552         14          0          0          0       2602   os_msg.o
      3136        114          0          0          0       5702   os_mutex.o
       124          4          0          4          0       1732   os_prio.o
      2560         82          0          0          0       6304   os_q.o
      2356         72          0          0          0       6296   os_sem.o
      1756        190          0          0          0       2897   os_stat.o
      8072        282          0          0          0      14338   os_task.o
      1316         90          0          0          0       3249   os_tick.o
      1612         44          0          0          0       3353   os_time.o
      2148        140          0          0          0       6506   os_tmr.o
         0          0          0        208       1396      19465   os_var.o
       512        274          0          1          0       1549   sta_tcpclent_test.o
        36          8        304          0       2048        936   startup_stm32f10x_hd.o
      1548         18          0          0          0       5431   stm32f10x_fsmc.o
       860         38          0          0          0       5729   stm32f10x_gpio.o
        30          0          0          0          0       1401   stm32f10x_it.o
       932         36          0         20          0       8916   stm32f10x_rcc.o
      1032         22          0          0          0       8456   stm32f10x_usart.o
       480         38          0         20          0       2011   system_stm32f10x.o
       140          8          0          4          0       1077   systick.o
      3320         62       7142         12          0      11888   tftlcd.o
       268          8          0          0          0       2274   usart.o

    ----------------------------------------------------------------------
     55648       3166       8512        316      46464     532003   Object Totals
         0          0         32          0          0          0   (incl. Generated)
         6          0          2          3          2          0   (incl. Padding)

    ----------------------------------------------------------------------

      Code (inc. data)   RO Data    RW Data    ZI Data      Debug   Library Member Name

        86          0          0          0          0          0   __dczerorl2.o
         0          0          0          0          0          0   entry.o
         0          0          0          0          0          0   entry10a.o
         0          0          0          0          0          0   entry11a.o
         8          4          0          0          0          0   entry2.o
         4          0          0          0          0          0   entry5.o
         0          0          0          0          0          0   entry7b.o
         0          0          0          0          0          0   entry8b.o
         8          4          0          0          0          0   entry9a.o
        30          0          0          0          0          0   handlers.o
        36          8          0          0          0         68   init.o
        36          0          0          0          0         68   memcpya.o
        36          0          0          0          0        108   memseta.o
       522         20          0          0          0        336   printf3.o
         0          0          0          4          0          0   stdout.o
        36          0          0          0          0         80   strstr.o
        44          0          0          0          0         80   uidiv.o

    ----------------------------------------------------------------------
       852         36          0          4          0        740   Library Totals
         6          0          0          0          0          0   (incl. Padding)

    ----------------------------------------------------------------------

      Code (inc. data)   RO Data    RW Data    ZI Data      Debug   Library Name

       846         36          0          4          0        740   mc_w.l

    ----------------------------------------------------------------------
       852         36          0          4          0        740   Library Totals

    ----------------------------------------------------------------------

==============================================================================


      Code (inc. data)   RO Data    RW Data    ZI Data      Debug   

     56500       3202       8512        320      46464     528919   Grand Totals
     56500       3202       8512         32      46464     528919   ELF Image Totals (compressed)
     56500       3202       8512         32          0          0   ROM Totals

==============================================================================

    Total RO  Size (Code + RO Data)                65012 (  63.49kB)
    Total RW  Size (RW Data + ZI Data)             46784 (  45.69kB)
    Total ROM Size (Code + RO Data + RW Data)      65044 (  63.52kB)

==============================================================================

